06-02 17:41:25.515  4381  4536 D BluetoothAdapter: STATE_BLE_ON
06-02 17:41:25.515  4381  4536 D BluetoothAdapter: STATE_BLE_ON
06-02 17:41:25.515  4381  4536 D BluetoothAdapter: appoCount is = 0
06-02 17:41:25.515  4381  4548 D bt_upio : upio_set : pio 0 action 2, polarity 1
06-02 17:41:25.515  4381  4548 D bt_upio : BT_WAKE is asserted already
06-02 17:41:25.515  4381  4531 D BtGatt.GattService: onScanFilterEnableDisabled() - clientIf=5, status=0, action=1
06-02 17:41:25.515  4381  4531 D BtGatt.ScanManager: callback done for clientIf - 5 status - 0
06-02 17:41:25.515  4381  4536 D BtGatt.ScanManager: set filter index= 9 for clientIf= 5
06-02 17:41:25.515  4381  4536 D BtGatt.ScanManager: addFilterToController: 5
06-02 17:41:25.515  4381  4548 D bt_upio : upio_set : pio 0 action 2, polarity 1
06-02 17:41:25.515  4381  4548 D bt_upio : BT_WAKE is asserted already
06-02 17:41:25.515  4381  4531 D BtGatt.GattService: onScanFilterConfig() - clientIf=5, action = 0 status = 0, filterType=5, availableSpace=47
06-02 17:41:25.515  4381  4531 D BtGatt.ScanManager: callback done for clientIf - 5 status - 0
06-02 17:41:25.515  4381  4536 D BtGatt.ScanManager: High Rssi Filter value is = -128
06-02 17:41:25.515  4381  4536 D BtGatt.ScanManager: Low Rssi Filter value is = -128
06-02 17:41:25.515  4381  4536 D BtGatt.ScanManager: configureFilterParamter 500 10000 1 0highRssiThreshold = -128lowRssiThreshold = -128matchmode is =1
06-02 17:41:25.515  4381  4548 D bt_upio : upio_set : pio 0 action 2, polarity 1
06-02 17:41:25.515  4381  4548 D bt_upio : BT_WAKE is asserted already
06-02 17:41:25.515  4381  4544 D BtGatt.GattService: [GSIM LOG]: increaseScanCount : com.samsung.android.beaconmanager : 48
06-02 17:41:25.515  4381  4544 D BtGatt.GattService: [GSIM LOG]: increaseScanCount : com.samsung.android.beaconmanager, com.samsung.android.beaconmanager
06-02 17:41:25.515  4381  4531 D BtGatt.GattService: onScanFilterParamsConfigured() - clientIf=5, status=0, action=0, availableSpace=15
06-02 17:41:25.515  4381  4531 D BtGatt.ScanManager: callback done for clientIf - 5 status - 0
06-02 17:41:25.515  4381  4536 D BtGatt.ScanManager: set filter index= 10 for clientIf= 5
06-02 17:41:25.515  4381  4536 D BtGatt.ScanManager: addFilterToController: 5
06-02 17:41:25.515  4381  4548 D bt_upio : upio_set : pio 0 action 2, polarity 1
06-02 17:41:25.515  4381  4548 D bt_upio : BT_WAKE is asserted already
06-02 17:41:25.515  4381  4531 D BtGatt.GattService: onScanFilterConfig() - clientIf=5, action = 0 status = 0, filterType=5, availableSpace=46
06-02 17:41:25.515  4381  4531 D BtGatt.ScanManager: callback done for clientIf - 5 status - 0
06-02 17:41:25.515  4381  4536 D BtGatt.ScanManager: High Rssi Filter value is = -128
06-02 17:41:25.515  4381  4536 D BtGatt.ScanManager: Low Rssi Filter value is = -128
06-02 17:41:25.515  4381  4536 D BtGatt.ScanManager: configureFilterParamter 500 10000 1 0highRssiThreshold = -128lowRssiThreshold = -128matchmode is =1
06-02 17:41:25.515  4381  4548 D bt_upio : upio_set : pio 0 action 2, polarity 1
06-02 17:41:25.515  4381  4548 D bt_upio : BT_WAKE is asserted already
06-02 17:41:25.515  4381  4531 D BtGatt.GattService: onScanFilterParamsConfigured() - clientIf=5, status=0, action=0, availableSpace=14
06-02 17:41:25.515  4381  4531 D BtGatt.ScanManager: callback done for clientIf - 5 status - 0
06-02 17:41:25.515  4381  4536 D BtGatt.ScanManager: set filter index= 11 for clientIf= 5
06-02 17:41:25.515  4381  4536 D BtGatt.ScanManager: addFilterToController: 5
06-02 17:41:25.515  4381  4548 D bt_upio : upio_set : pio 0 action 2, polarity 1
06-02 17:41:25.515  4381  4548 D bt_upio : BT_WAKE is asserted already
06-02 17:41:25.515  2764  3623 V AlarmManager:  remove PendingIntent] PendingIntent{11012fd: PendingIntentRecord{df8970c com.android.bluetooth broadcastIntent}}
06-02 17:41:25.515  2764  3097 V AlarmManager:  remove PendingIntent] PendingIntent{64f5bf2: PendingIntentRecord{df8970c com.android.bluetooth broadcastIntent}}
06-02 17:41:25.515  2764  3558 V AlarmManager:  remove PendingIntent] PendingIntent{cfa1243: PendingIntentRecord{df8970c com.android.bluetooth broadcastIntent}}
06-02 17:41:25.525  4381  4531 D BtGatt.GattService: onScanFilterConfig() - clientIf=5, action = 0 status = 0, filterType=5, availableSpace=45
06-02 17:41:25.525  4381  4531 D BtGatt.ScanManager: callback done for clientIf - 5 status - 0
06-02 17:41:25.525  4381  4536 D BtGatt.ScanManager: High Rssi Filter value is = -128
06-02 17:41:25.525  4381  4536 D BtGatt.ScanManager: Low Rssi Filter value is = -128
06-02 17:41:25.525  4381  4536 D BtGatt.ScanManager: configureFilterParamter 500 10000 1 0highRssiThreshold = -128lowRssiThreshold = -128matchmode is =1
06-02 17:41:25.525  4381  4548 D bt_upio : upio_set : pio 0 action 2, polarity 1
06-02 17:41:25.525  4381  4548 D bt_upio : BT_WAKE is asserted already
06-02 17:41:25.525  4381  4544 D BtGatt.GattService: [GSIM LOG]: increaseScanCount 4 Battery : com.samsung.android.beaconmanager : 98
06-02 17:41:25.525  4381  4544 D BtGatt.GattService: [GSIM LOG]: setScanTime : com.samsung.android.beaconmanager : 24940301
06-02 17:41:25.525  4381  4544 D BtGatt.GattService: [GSIM LOG]: setRequestedScanType : com.samsung.android.beaconmanager : 100
06-02 17:41:25.525  4381  4544 D BtGatt.GattService: [GSIM LOG]: setActualScanType : com.samsung.android.beaconmanager : 100
06-02 17:41:25.525  4381  4544 D BtGatt.GattService: [GSIM LOG]: updateScanTime: 0
06-02 17:41:25.525  4381  4531 D BtGatt.GattService: onScanFilterParamsConfigured() - clientIf=5, status=0, action=0, availableSpace=13
06-02 17:41:25.525  4381  4531 D BtGatt.ScanManager: callback done for clientIf - 5 status - 0
06-02 17:41:25.525  4381  4536 D BtGatt.ScanManager: set filter index= 12 for clientIf= 5
06-02 17:41:25.525  4381  4536 D BtGatt.ScanManager: addFilterToController: 5
06-02 17:41:25.525  4381  4548 D bt_upio : upio_set : pio 0 action 2, polarity 1
06-02 17:41:25.525  4381  4548 D bt_upio : BT_WAKE is asserted already
06-02 17:41:25.525  4381  4544 D BtGatt.GattService: [GSIM LOG]: com.samsung.android.beaconmanager@Custom, R time : 144 => 144
06-02 17:41:25.525  4381  4544 D BtGatt.GattService: [GSIM LOG]: com.samsung.android.beaconmanager@Custom, A time : 144 => 144
06-02 17:41:25.525  4381  4544 D BtGatt.GattService: [GSIM LOG]: updateScanTime: 0
06-02 17:41:25.525  4381  4544 D BtGatt.GattService: [GSIM LOG]: com.samsung.android.beaconmanager@Custom, R time : 144 => 144
06-02 17:41:25.525  4381  4544 D BtGatt.GattService: [GSIM LOG]: com.samsung.android.beaconmanager@Custom, A time : 144 => 144
06-02 17:41:25.525  4381  4544 D BtGatt.GattService: [GSIM LOG]: setActualScanType : com.samsung.android.beaconmanager : 100
06-02 17:41:25.525  4381  4544 D BtGatt.GattService: [GSIM LOG]: updateScanTime: 0
06-02 17:41:25.525  4381  4544 D BtGatt.GattService: [GSIM LOG]: com.samsung.android.beaconmanager@Custom, R time : 144 => 144
06-02 17:41:25.525  4381  4544 D BtGatt.GattService: [GSIM LOG]: com.samsung.android.beaconmanager@Custom, A time : 144 => 144
06-02 17:41:25.525  4381  4544 D BtGatt.GattService: [GSIM LOG]: setScanTime : com.samsung.android.beaconmanager : 24940301
06-02 17:41:25.525  4381  4531 D BtGatt.GattService: onScanFilterConfig() - clientIf=5, action = 0 status = 0, filterType=5, availableSpace=44
06-02 17:41:25.525  4381  4531 D BtGatt.ScanManager: callback done for clientIf - 5 status - 0
06-02 17:41:25.525  4381  4536 D BtGatt.ScanManager: High Rssi Filter value is = -128
06-02 17:41:25.525  4381  4536 D BtGatt.ScanManager: Low Rssi Filter value is = -128
06-02 17:41:25.525  4381  4536 D BtGatt.ScanManager: configureFilterParamter 500 10000 1 0highRssiThreshold = -128lowRssiThreshold = -128matchmode is =1
06-02 17:41:25.525  4381  4548 D bt_upio : upio_set : pio 0 action 2, polarity 1
06-02 17:41:25.525  4381  4548 D bt_upio : BT_WAKE is asserted already
06-02 17:41:25.525  4381  4531 D BtGatt.GattService: onScanFilterParamsConfigured() - clientIf=5, status=0, action=0, availableSpace=12
06-02 17:41:25.525  4381  4531 D BtGatt.ScanManager: callback done for clientIf - 5 status - 0
06-02 17:41:25.525  4381  4536 D BtGatt.ScanManager: configureRegularScanParams() - queue=1
06-02 17:41:25.525  4381  4548 D bt_upio : upio_set : pio 0 action 2, polarity 1
06-02 17:41:25.525  4381  4536 I BtGatt.ScanManager: custom scan scanMode = 100
06-02 17:41:25.525  4381  4548 D bt_upio : BT_WAKE is asserted already
06-02 17:41:25.525  4381  4536 I BtGatt.ScanManager: New scan mode custom scan scanInterval = 3120scanWindow = 160
06-02 17:41:25.525  4381  4536 E BtGatt.ScanManager: default value of curScanSetting 0 is choosen
06-02 17:41:25.525  4381  4536 I BtGatt.ScanManager: newScanMode = 5newcurScanSetting = 0
06-02 17:41:25.525  4381  4536 I BtGatt.ScanManager: comparing = 5 with = 0
06-02 17:41:25.525  4381  4536 D BtGatt.ScanManager: configureRegularScanParams() - ScanSetting Scan mode=100 mLastConfiguredScanSetting=-2147483648
06-02 17:41:25.525  4381  4536 D BtGatt.ScanManager: configureRegularScanParams - scanInterval = 4992configureRegularScanParams - scanWindow = 256
06-02 17:41:25.525  4381  4531 D BtGatt.GattService: onScanParamSetupCompleted() status=0, clientIf=5
06-02 17:41:25.525  4381  4531 D BtGatt.GattService: onScanParamSetupCompleted : 0
06-02 17:41:25.525  4381  4548 D bt_upio : upio_set : pio 0 action 2, polarity 1
06-02 17:41:25.525  4381  4548 D bt_upio : BT_WAKE is asserted already
06-02 17:41:25.525  4381  4548 D bt_upio : upio_set : pio 0 action 2, polarity 1
06-02 17:41:25.525  4381  4548 D bt_upio : BT_WAKE is asserted already
06-02 17:41:25.525  4381  4548 D bt_upio : upio_set : pio 0 action 2, polarity 1
06-02 17:41:25.525  4381  4548 D bt_upio : BT_WAKE is asserted already
06-02 17:41:25.525  2764  4460 V AlarmManager:  remove PendingIntent] PendingIntent{adc60c0: PendingIntentRecord{df8970c com.android.bluetooth broadcastIntent}}
06-02 17:41:25.525  2764  3570 V AlarmManager:  remove PendingIntent] PendingIntent{9cfe1f9: PendingIntentRecord{df8970c com.android.bluetooth broadcastIntent}}
06-02 17:41:25.525  2764  3623 V AlarmManager:  remove PendingIntent] PendingIntent{3f3453e: PendingIntentRecord{df8970c com.android.bluetooth broadcastIntent}}
06-02 17:41:25.525  2764  3097 V AlarmManager:  remove PendingIntent] PendingIntent{9a18f9f: PendingIntentRecord{df8970c com.android.bluetooth broadcastIntent}}
06-02 17:41:25.535  4381  4548 D bt_upio : upio_set : pio 0 action 2, polarity 1
06-02 17:41:25.535  4381  4548 D bt_upio : BT_WAKE is asserted already
06-02 17:41:25.535  4381  4548 D bt_upio : upio_set : pio 0 action 2, polarity 1
06-02 17:41:25.535  4381  4548 D bt_upio : BT_WAKE is asserted already
06-02 17:41:25.535  2764  3558 V AlarmManager:  remove PendingIntent] PendingIntent{786c8ec: PendingIntentRecord{df8970c com.android.bluetooth broadcastIntent}}
06-02 17:41:25.535  2764  4460 V AlarmManager:  remove PendingIntent] PendingIntent{823a4b5: PendingIntentRecord{df8970c com.android.bluetooth broadcastIntent}}
06-02 17:41:25.535  2764  3570 V AlarmManager:  remove PendingIntent] PendingIntent{c5a774a: PendingIntentRecord{df8970c com.android.bluetooth broadcastIntent}}
06-02 17:41:25.535  2764  3623 V AlarmManager:  remove PendingIntent] PendingIntent{1986bb: PendingIntentRecord{df8970c com.android.bluetooth broadcastIntent}}
06-02 17:41:25.535  2764  3097 V AlarmManager:  remove PendingIntent] PendingIntent{18d87d8: PendingIntentRecord{df8970c com.android.bluetooth broadcastIntent}}
06-02 17:41:25.545  2764  3558 V AlarmManager:  remove PendingIntent] PendingIntent{1b6d731: PendingIntentRecord{df8970c com.android.bluetooth broadcastIntent}}
06-02 17:41:25.545  2764  4460 V AlarmManager:  remove PendingIntent] PendingIntent{150be16: PendingIntentRecord{df8970c com.android.bluetooth broadcastIntent}}
06-02 17:41:25.545  2764  3570 V AlarmManager:  remove PendingIntent] PendingIntent{44fd397: PendingIntentRecord{df8970c com.android.bluetooth broadcastIntent}}
06-02 17:41:25.545  2764  3623 V AlarmManager:  remove PendingIntent] PendingIntent{63f4984: PendingIntentRecord{df8970c com.android.bluetooth broadcastIntent}}
06-02 17:41:25.545  2764  3097 V AlarmManager:  remove PendingIntent] PendingIntent{170b56d: PendingIntentRecord{df8970c com.android.bluetooth broadcastIntent}}
06-02 17:41:25.555  2764  3558 V AlarmManager:  remove PendingIntent] PendingIntent{392a5a2: PendingIntentRecord{df8970c com.android.bluetooth broadcastIntent}}
06-02 17:41:25.555  2764  4460 V AlarmManager:  remove PendingIntent] PendingIntent{1341233: PendingIntentRecord{df8970c com.android.bluetooth broadcastIntent}}
06-02 17:41:25.555  2764  3570 V AlarmManager:  remove PendingIntent] PendingIntent{72979f0: PendingIntentRecord{df8970c com.android.bluetooth broadcastIntent}}
06-02 17:41:25.555  2764  3623 V AlarmManager:  remove PendingIntent] PendingIntent{f703b69: PendingIntentRecord{df8970c com.android.bluetooth broadcastIntent}}
06-02 17:41:25.565  2764  3097 V AlarmManager:  remove PendingIntent] PendingIntent{11979ee: PendingIntentRecord{df8970c com.android.bluetooth broadcastIntent}}
06-02 17:41:25.565  2764  3558 V AlarmManager:  remove PendingIntent] PendingIntent{7139e8f: PendingIntentRecord{df8970c com.android.bluetooth broadcastIntent}}
06-02 17:41:25.565  2764  4460 V AlarmManager:  remove PendingIntent] PendingIntent{f44451c: PendingIntentRecord{df8970c com.android.bluetooth broadcastIntent}}
06-02 17:41:25.565  2764  3570 V AlarmManager:  remove PendingIntent] PendingIntent{cc82525: PendingIntentRecord{df8970c com.android.bluetooth broadcastIntent}}
06-02 17:41:25.565  2764  3623 V AlarmManager:  remove PendingIntent] PendingIntent{c2746fa: PendingIntentRecord{df8970c com.android.bluetooth broadcastIntent}}
06-02 17:41:25.575  2764  3097 V AlarmManager:  remove PendingIntent] PendingIntent{3b594ab: PendingIntentRecord{df8970c com.android.bluetooth broadcastIntent}}
06-02 17:41:25.575  2764  3558 V AlarmManager:  remove PendingIntent] PendingIntent{ede9708: PendingIntentRecord{df8970c com.android.bluetooth broadcastIntent}}
06-02 17:41:25.575  2764  4460 V AlarmManager:  remove PendingIntent] PendingIntent{efaeea1: PendingIntentRecord{df8970c com.android.bluetooth broadcastIntent}}
06-02 17:41:25.575  2764  3570 V AlarmManager:  remove PendingIntent] PendingIntent{712d8c6: PendingIntentRecord{df8970c com.android.bluetooth broadcastIntent}}
06-02 17:41:25.575  2764  3623 V AlarmManager:  remove PendingIntent] PendingIntent{36d087: PendingIntentRecord{df8970c com.android.bluetooth broadcastIntent}}
06-02 17:41:25.585  2764  3123 D InputReader: Input event(5): value=1 when=15182120421000
06-02 17:41:25.585  2764  3122 I InputDispatcher: Delivering key to (3214): action: 0x0 (0)
06-02 17:41:25.585  3214  3214 D ViewRootImpl: ViewPostImeInputStage processKey 0
06-02 17:41:25.585  3214  3214 D StatusBarWindowView: received key event
06-02 17:41:25.585  2764  3097 V AlarmManager:  remove PendingIntent] PendingIntent{a4a1bb4: PendingIntentRecord{df8970c com.android.bluetooth broadcastIntent}}
06-02 17:41:25.585  2764  3123 D SamsungWindowManager: haptic disabled by policy : hapticsDisabled = true mLowPowerMode = false EmergencyModeEnabled = false PowerSavingModeEnabled = false TurnOffHapticFeedbackEnabled = false mPowerSave = false
06-02 17:41:25.585  2764  3123 W SamsungWindowManager: keyguard - disable key sound
06-02 17:41:25.585  2764  3558 V AlarmManager:  remove PendingIntent] PendingIntent{736d3dd: PendingIntentRecord{df8970c com.android.bluetooth broadcastIntent}}
06-02 17:41:25.585  2764  3556 V AlarmManager:  remove PendingIntent] PendingIntent{d3bb52: PendingIntentRecord{df8970c com.android.bluetooth broadcastIntent}}
06-02 17:41:25.585  2764  3264 V AlarmManager:  remove PendingIntent] PendingIntent{a5ee23: PendingIntentRecord{df8970c com.android.bluetooth broadcastIntent}}
06-02 17:41:25.595  2764  3488 V AlarmManager:  remove PendingIntent] PendingIntent{7473f20: PendingIntentRecord{df8970c com.android.bluetooth broadcastIntent}}
06-02 17:41:25.595  2764  2779 V AlarmManager:  remove PendingIntent] PendingIntent{151d0d9: PendingIntentRecord{df8970c com.android.bluetooth broadcastIntent}}
06-02 17:41:25.595  2764  4432 V AlarmManager:  remove PendingIntent] PendingIntent{e4e3a9e: PendingIntentRecord{df8970c com.android.bluetooth broadcastIntent}}
06-02 17:41:25.595  2764  3556 V AlarmManager:  remove PendingIntent] PendingIntent{15f497f: PendingIntentRecord{df8970c com.android.bluetooth broadcastIntent}}
06-02 17:41:25.595  2764  3264 V AlarmManager:  remove PendingIntent] PendingIntent{5312d4c: PendingIntentRecord{df8970c com.android.bluetooth broadcastIntent}}
06-02 17:41:25.605  2764  3488 V AlarmManager:  remove PendingIntent] PendingIntent{685a195: PendingIntentRecord{df8970c com.android.bluetooth broadcastIntent}}
06-02 17:41:25.635  2764 12564 I BatteryStatsDumper: Writing to database completed
06-02 17:41:25.655  2764  3189 D AutomaticBrightnessController: applyLightSensorMeasurementSEC : mIsLockZone = true
06-02 17:41:25.685  2764  2764 D CustomFrequencyManagerService: releaseDVFSLockLocked : Getting Lock type frm List : DVFS_MIN_LIMIT  frequency : 1100000  uid : 1000  pid : 2764  tag : WAKEUP_BOOSTER@32
06-02 17:41:25.785  2764  3123 D InputReader: Input event(5): value=0 when=15182327303000
06-02 17:41:25.795  2764  3122 I MultiPhoneWindowManager: closeMultiWindowTrayBar() failed -> mMultiWindowTrayBar =null/mMultiWindowEditMode = null
06-02 17:41:25.795  2764  3122 I InputDispatcher: Delivering key to (3214): action: 0x1 (0)
06-02 17:41:25.795  3214  3214 D ViewRootImpl: ViewPostImeInputStage processKey 1
06-02 17:41:25.795  3214  3214 D StatusBarWindowView: received key event
06-02 17:41:25.795  3214  3214 D PhoneStatusBar: onBackPressed : state - 1
06-02 17:41:26.375  3818  4853 W MdnsClient_Cast: #acquireLock. Multicast lock not held. Acquiring. Subtypes:"805741C9"
06-02 17:41:26.375  2764  2779 E BatteryStatsImpl: Wifi multicast lock enabled by UID  = 10012
06-02 17:41:26.415  2764  3123 D InputReader: Input event(1): value=1 when=15182958087000
06-02 17:41:26.415  2764  3123 D InputReader: Input event(1): value=1 when=15182958087000
06-02 17:41:26.415  2764  3123 I InputReader: Touch event's action is 0x0 (deviceType=0) [pCnt=1, s=0.862 ] when=15182958087000
06-02 17:41:26.415  2764  3123 D InputReader: lastThreadEndTime = 15182330780986, currentThreadStartTime = 15182330787255, diff = 0
06-02 17:41:26.415  2764  3122 I InputDispatcher: Delivering touch to (3214): action: 0x0, toolType: 1
06-02 17:41:26.425  3214  3214 D ViewRootImpl: ViewPostImeInputStage processPointer 0
06-02 17:41:26.425  2764  3556 D SecContentProvider: query(), uri = 17 selection = isStatusBarExpansionallowedAsUser
06-02 17:41:26.425  2764  3556 D RestrictionPolicy: isStatusBarExpansionAllowedAsUser : true, userId = 0
06-02 17:41:26.425  3214  3214 D KeyguardSwipeHelper: event=MotionEvent { action=ACTION_DOWN, actionButton=0, id[0]=0, x[0]=816.2442, y[0]=1202.3738, toolType[0]=TOOL_TYPE_FINGER, buttonState=0, metaState=0, flags=0x0, edgeFlags=0x0, pointerCount=1, historySize=0, eventTime=15182958, downTime=15182958, deviceId=1, source=0x1002 }
06-02 17:41:26.425  3214  3214 D KeyguardUnlockEventHandler: mIsUnlockStarted - false
06-02 17:41:26.425  3214  3214 D KeyguardSwipeHelper: onUnlockViewPressed()
06-02 17:41:26.435  3214  3214 D ScrimController: mSwipeFraction = 0.0
06-02 17:41:26.435  3214  3214 D KeyguardUnlockEventHandler: mIsUnlockStarted - false
06-02 17:41:26.435  2764  3488 D PowerManagerService: [api] [s] userActivity : event: 0 flags: 0 (uid: 10040 pid: 3214) eventTime = 15182976
06-02 17:41:26.455  3214  3214 D ScrimController: mSwipeFraction = 0.039555572
06-02 17:41:26.455  3214  3214 D KeyguardUnlockEventHandler: mIsUnlockStarted - false
06-02 17:41:26.455  2764  3097 D PowerManagerService: [api] [s] userActivity : event: 0 flags: 0 (uid: 10040 pid: 3214) eventTime = 15182994
06-02 17:41:26.475  3214  3214 D ScrimController: mSwipeFraction = 0.19112298
06-02 17:41:26.475  3214  3214 D KeyguardUnlockEventHandler: mIsUnlockStarted - false
06-02 17:41:26.475  2764  2779 D PowerManagerService: [api] [s] userActivity : event: 0 flags: 0 (uid: 10040 pid: 3214) eventTime = 15183011
06-02 17:41:26.485  3214  3214 D ScrimController: mSwipeFraction = 0.43312407
06-02 17:41:26.485  3214  3214 D KeyguardUnlockEventHandler: mIsUnlockStarted - false
06-02 17:41:26.485  2764  5375 D PowerManagerService: [api] [s] userActivity : event: 0 flags: 0 (uid: 10040 pid: 3214) eventTime = 15183026
06-02 17:41:26.495  3214  3214 D ScrimController: mSwipeFraction = 0.69008666
06-02 17:41:26.495  3214  3214 D KeyguardUnlockEventHandler: mIsUnlockStarted - false
06-02 17:41:26.495  2764  3558 D PowerManagerService: [api] [s] userActivity : event: 0 flags: 0 (uid: 10040 pid: 3214) eventTime = 15183038
06-02 17:41:26.515  3214  3214 D KeyguardUnlockEventHandler: mIsUnlockStarted - false
06-02 17:41:26.515  2764  4432 D PowerManagerService: [api] [s] userActivity : event: 0 flags: 0 (uid: 10040 pid: 3214) eventTime = 15183055
06-02 17:41:26.535  3214  3214 D KeyguardUnlockEventHandler: mIsUnlockStarted - false
06-02 17:41:26.535  2764  2778 D PowerManagerService: [api] [s] userActivity : event: 0 flags: 0 (uid: 10040 pid: 3214) eventTime = 15183072
06-02 17:41:26.545  3214  3214 D KeyguardUnlockEventHandler: mIsUnlockStarted - false
06-02 17:41:26.545  2764  4460 D PowerManagerService: [api] [s] userActivity : event: 0 flags: 0 (uid: 10040 pid: 3214) eventTime = 15183089
06-02 17:41:26.555  2764  3123 D InputReader: Input event(1): value=0 when=15183090687000
06-02 17:41:26.555  2764  3123 D InputReader: Input event(1): value=0 when=15183090687000
06-02 17:41:26.555  2764  3123 I InputReader: Touch event's action is 0x1 (deviceType=0) [pCnt=1, s=] when=15183090687000
06-02 17:41:26.555  2764  3122 I InputDispatcher: Delivering touch to (3214): action: 0x1, toolType: 1
06-02 17:41:26.555  3214  3214 D ViewRootImpl: ViewPostImeInputStage processPointer 1
06-02 17:41:26.555  3214  3214 D KeyguardSwipeHelper: event=MotionEvent { action=ACTION_UP, actionButton=0, id[0]=0, x[0]=-31.47086, y[0]=1268.8391, toolType[0]=TOOL_TYPE_FINGER, buttonState=0, metaState=0, flags=0x0, edgeFlags=0x0, pointerCount=1, historySize=0, eventTime=15183090, downTime=15182958, deviceId=1, source=0x1002 }
06-02 17:41:26.555  3214  3214 D KeyguardUnlockEventHandler: mIsUnlockStarted - false
06-02 17:41:26.555  3214  3214 D KeyguardSwipeHelper: onUnlockViewReleased()
06-02 17:41:26.555  3214  3214 D KeyguardUnlockEventHandler: ACTION_UP mDistance: 849.5675370445837
06-02 17:41:26.555  3214  3214 D KeyguardEffectViewWallpaper: handleUnlock()
06-02 17:41:26.555  3214  3214 D KeyguardUnlockEventHandler: launch() - mIsKeyguardDismissing=false, isDeviceInteractive=true
06-02 17:41:26.555  3214  3214 D KeyguardSwipeHelper: onUnlockExecuted() mUnlockExecuted=false, mUnlockViewPressed=false
06-02 17:41:26.555  3214  3214 D KeyguardSwipeHelper: startAnimationAndUnlock() alpha=0.0, wallpaperType=1
06-02 17:41:26.555  3214  3214 D PanelView: callback makeExpandedInvisible executed
06-02 17:41:26.555  3214  3214 D PhoneStatusBar: makeExpandedInvisible: mExpandedVisible=true, state = 1
06-02 17:41:26.555  3214  3214 D PanelView: updateQsState
06-02 17:41:26.555  3214  3214 D KeyguardSwipeHelper: reset()
06-02 17:41:26.555  3214  3214 D KeyguardUnlockEventHandler: reset()
06-02 17:41:26.555  3214  3214 D KeyguardSwipeHelper: resetChildViewVI()
06-02 17:41:26.555  3214  3214 D ScrimController: mSwipeFraction = 1.0
06-02 17:41:26.555  3214  3214 D StatusBar-Window: fnf=false sanc=true, kni=false, sbf=true
06-02 17:41:26.555  3214  3214 D CoverUI : applyFocusableFlag() : Remove SAMSUNG_FLAG_SVIEW_COVER
06-02 17:41:26.555  3214  3214 D StatusBarWindowManager: forceCollapsed : false isKeyguardShowingAndNotOccluded() : true panelVisible : true keyguardFadingAway : false bouncerShowing : false headsUpShowing : false
06-02 17:41:26.555  3214  3214 D CoverUI : applyHeight h = -1, oc = true, fa = false, ac = false, sc = false
06-02 17:41:26.555  2764  3556 D PowerManagerService: [api] [s] userActivity : event: 0 flags: 0 (uid: 10040 pid: 3214) eventTime = 15183091
06-02 17:41:26.565  3214  3214 D StatusBar-Window: fnf=false sanc=true, kni=false, sbf=false
06-02 17:41:26.565  3214  3214 D CoverUI : applyFocusableFlag() : Remove SAMSUNG_FLAG_SVIEW_COVER
06-02 17:41:26.565  3214  3214 D StatusBarWindowManager: forceCollapsed : false isKeyguardShowingAndNotOccluded() : true panelVisible : false keyguardFadingAway : false bouncerShowing : false headsUpShowing : false
06-02 17:41:26.565  3214  3214 D CoverUI : applyHeight h = -1, oc = true, fa = false, ac = false, sc = false
06-02 17:41:26.565  3214  3214 D StatusBar-Window: fnf=false sanc=true, kni=false, sbf=false
06-02 17:41:26.565  3214  3214 D CoverUI : applyFocusableFlag() : Remove SAMSUNG_FLAG_SVIEW_COVER
06-02 17:41:26.565  3214  3214 D StatusBarWindowManager: forceCollapsed : false isKeyguardShowingAndNotOccluded() : true panelVisible : false keyguardFadingAway : false bouncerShowing : false headsUpShowing : false
06-02 17:41:26.565  3214  3214 D CoverUI : applyHeight h = -1, oc = true, fa = false, ac = false, sc = false
06-02 17:41:26.565  3214  3214 D StatusBarKeyguardViewManager: showBouncer
06-02 17:41:26.565  3214  3214 D KeyguardSecurityView: showNextSecurityScreenOrFinish(false)
06-02 17:41:26.565  3214  3214 D StatusBar-Window: fnf=false sanc=true, kni=false, sbf=false
06-02 17:41:26.565  3214  3214 D CoverUI : applyFocusableFlag() : Remove SAMSUNG_FLAG_SVIEW_COVER
06-02 17:41:26.565  3214  3214 D StatusBarWindowManager: forceCollapsed : false isKeyguardShowingAndNotOccluded() : true panelVisible : false keyguardFadingAway : false bouncerShowing : true headsUpShowing : false
06-02 17:41:26.565  3214  3214 D CoverUI : applyHeight h = -1, oc = true, fa = false, ac = false, sc = false
06-02 17:41:26.565  3214  3214 D StatusBar-Window: Bouncer LP changed!!! = 17039397, height = -1
06-02 17:41:26.565  3214  3214 D KeyguardUpdateMonitor: sendKeyguardBouncerChanged(true)
06-02 17:41:26.565  3214  3214 D PhoneStatusBar: adjustDisableFlags:false, false, false, true, true, 1
06-02 17:41:26.565  3214  3214 D PhoneStatusBar: adjustDisableFlags:false, false, false, true, true, 1
06-02 17:41:26.575  3214  3214 D KeyguardUnlockEventHandler: mIsMultiTouch false
06-02 17:41:26.575  2349  2349 I SurfaceFlinger: id=312 createSurf (1080x1),1 flag=4, Councer
06-02 17:41:26.585  2764  4460 D InputDispatcher: Focus left window: 3214
06-02 17:41:26.585  2764  4460 D InputDispatcher: Focus entered window: 3214
06-02 17:41:26.585  2764  2991 D PointerIcon: setMouseIconStyle1 pointerType: 1001 iconType:101 flag:0 pid:2764 uid:1000
06-02 17:41:26.585  2764  2991 D PointerIcon: setMouseCustomIcon IconType is same.101
06-02 17:41:26.585  3214  3681 D mali_winsys: new_window_surface returns 0x3000,  [1080x1920]-format:1
06-02 17:41:26.595  3214  3214 D KeyguardUpdateMonitor: handleKeyguardBouncerChanged(1)
06-02 17:41:26.595  3214  3214 V KeyguardFingerPrint: updateFingerprintListeningState(false)
06-02 17:41:26.595  3214  3214 D KeyguardFingerPrint: shouldListenForFingerprint ( FingerPrint is not enabled. ) 
06-02 17:41:26.595  3214  3214 V KeyguardUpdateMonitor: stopListeningForFingerprint()
06-02 17:41:26.595  3214  3214 D PhoneStatusBar: makeExpandedInvisible: mExpandedVisible=false, state = 1
06-02 17:41:26.595  3214  3214 D KeyguardViewBase: screen on, instance 141a4a
06-02 17:41:26.595  2764  3188 D lights  : button : 0 +
06-02 17:41:26.595  2764  2991 E WindowManager: Unknown window type: 2014
06-02 17:41:26.595  2764  2991 E WindowManager: Unknown window type: 2000
06-02 17:41:26.595  2764  2991 E WindowManager: Unknown window type: 2003
06-02 17:41:26.595  2764  2991 E WindowManager: Unknown window type: 2000
06-02 17:41:26.595  2764  2991 E WindowManager: Unknown window type: 2008
06-02 17:41:26.595  2764  2991 E WindowManager: Unknown window type: 2000
06-02 17:41:26.595  2764  2991 E WindowManager: Unknown window type: 2033
06-02 17:41:26.595  2764  2991 E WindowManager: Unknown window type: 2000
06-02 17:41:26.595  2764  2991 E WindowManager: Unknown window type: 2011
06-02 17:41:26.595  2764  2991 E WindowManager: Unknown window type: 2000
06-02 17:41:26.595  2764  2991 E WindowManager: Unknown window type: 1
06-02 17:41:26.595  2764  2991 E WindowManager: Unknown window type: 2000
06-02 17:41:26.595  2764  2991 E WindowManager: Unknown window type: 1
06-02 17:41:26.595  2764  2991 E WindowManager: Unknown window type: 2000
06-02 17:41:26.595  2764  2991 E WindowManager: Unknown window type: 1
06-02 17:41:26.595  2764  2991 E WindowManager: Unknown window type: 2000
06-02 17:41:26.595  2764  2991 E WindowManager: Unknown window type: 1
06-02 17:41:26.595  2764  2991 E WindowManager: Unknown window type: 2000
06-02 17:41:26.615  2764  2870 D RestrictionPolicy: isStatusBarExpansionAllowedAsUser : true, userId = 0
06-02 17:41:26.615  2764  2870 D RestrictionPolicy: isStatusBarExpansionAllowedAsUser : true, userId = 0
06-02 17:41:26.615  2764  2991 E WindowManager: Unknown window type: 2014
06-02 17:41:26.615  2764  2991 E WindowManager: Unknown window type: 2000
06-02 17:41:26.615  2764  2991 E WindowManager: Unknown window type: 2003
06-02 17:41:26.615  2764  2991 E WindowManager: Unknown window type: 2000
06-02 17:41:26.615  2764  2991 E WindowManager: Unknown window type: 2008
06-02 17:41:26.615  2764  2991 E WindowManager: Unknown window type: 2000
06-02 17:41:26.615  2764  2991 E WindowManager: Unknown window type: 2033
06-02 17:41:26.615  2764  2991 E WindowManager: Unknown window type: 2000
06-02 17:41:26.615  2764  2991 E WindowManager: Unknown window type: 2011
06-02 17:41:26.615  2764  2991 E WindowManager: Unknown window type: 2000
06-02 17:41:26.615  2764  2991 E WindowManager: Unknown window type: 1
06-02 17:41:26.615  2764  2991 E WindowManager: Unknown window type: 2000
06-02 17:41:26.615  2764  2991 E WindowManager: Unknown window type: 1
06-02 17:41:26.615  2764  2991 E WindowManager: Unknown window type: 2000
06-02 17:41:26.615  2764  2991 E WindowManager: Unknown window type: 1
06-02 17:41:26.615  2764  2991 E WindowManager: Unknown window type: 2000
06-02 17:41:26.615  2764  2991 E WindowManager: Unknown window type: 1
06-02 17:41:26.615  2764  2991 E WindowManager: Unknown window type: 2000
06-02 17:41:26.615  2764  2870 D StatusBarManagerService: manageDisableList userId=0 what=0x200000 pkg=Window{163cb5 u0 d0 Bouncer}
06-02 17:41:26.625  2764  3558 V WindowStateAnimator: Finishing drawing window Window{163cb5 u0 d0 Bouncer}: mDrawState=DRAW_PENDING
06-02 17:41:26.625  3214  3214 D ViewRootImpl: MSG_RESIZED_REPORT: ci=Rect(0, 0 - 0, 0) vi=Rect(0, 0 - 0, 0) or=1
06-02 17:41:26.635  3214  3214 D PhoneStatusBar: setSystemUiVisibility vis=208600 mask=ffffffff oldVal=8600 newVal=208600 diff=200000
06-02 17:41:26.635  2764  2991 E WindowManager: Unknown window type: 2014
06-02 17:41:26.635  2764  2991 E WindowManager: Unknown window type: 2000
06-02 17:41:26.635  2764  2991 E WindowManager: Unknown window type: 2003
06-02 17:41:26.635  2764  2991 E WindowManager: Unknown window type: 2000
06-02 17:41:26.635  2764  2991 E WindowManager: Unknown window type: 2008
06-02 17:41:26.635  2764  2991 E WindowManager: Unknown window type: 2000
06-02 17:41:26.635  2764  2991 E WindowManager: Unknown window type: 2033
06-02 17:41:26.635  2764  2991 E WindowManager: Unknown window type: 2000
06-02 17:41:26.635  2764  2991 E WindowManager: Unknown window type: 2011
06-02 17:41:26.635  2764  2991 E WindowManager: Unknown window type: 2000
06-02 17:41:26.635  2764  2991 E WindowManager: Unknown window type: 1
06-02 17:41:26.635  2764  2991 E WindowManager: Unknown window type: 2000
06-02 17:41:26.635  2764  2991 E WindowManager: Unknown window type: 1
06-02 17:41:26.635  2764  2991 E WindowManager: Unknown window type: 2000
06-02 17:41:26.635  2764  2991 E WindowManager: Unknown window type: 1
06-02 17:41:26.635  2764  2991 E WindowManager: Unknown window type: 2000
06-02 17:41:26.635  2764  2991 E WindowManager: Unknown window type: 1
06-02 17:41:26.635  2764  2991 E WindowManager: Unknown window type: 2000
06-02 17:41:26.635  2349  2349 D libEGL  : eglInitialize EGLDisplay = 0xffe5bedc
06-02 17:41:26.645  2764  3556 V WindowStateAnimator: Finishing drawing window Window{163cb5 u0 d0 Bouncer}: mDrawState=HAS_DRAWN
06-02 17:41:26.645  3214  3214 D KeyguardViewMediator: handleKeyguardDoneDrawing
06-02 17:41:26.655  2764  3188 D lights  : button : 0 -
06-02 17:41:26.655  2764  3188 D LightsService: Excessive delay setting light: 57ms
06-02 17:41:26.655  2764  2991 E WindowManager: Unknown window type: 2014
06-02 17:41:26.655  2764  2991 E WindowManager: Unknown window type: 2000
06-02 17:41:26.655  2764  2991 E WindowManager: Unknown window type: 2003
06-02 17:41:26.655  2764  2991 E WindowManager: Unknown window type: 2000
06-02 17:41:26.655  2764  2991 E WindowManager: Unknown window type: 2008
06-02 17:41:26.655  2764  2991 E WindowManager: Unknown window type: 2000
06-02 17:41:26.655  2764  2991 E WindowManager: Unknown window type: 2033
06-02 17:41:26.655  2764  2991 E WindowManager: Unknown window type: 2000
06-02 17:41:26.655  2764  2991 E WindowManager: Unknown window type: 2011
06-02 17:41:26.655  2764  2991 E WindowManager: Unknown window type: 2000
06-02 17:41:26.655  2764  2991 E WindowManager: Unknown window type: 1
06-02 17:41:26.655  2764  2991 E WindowManager: Unknown window type: 2000
06-02 17:41:26.655  2764  2991 E WindowManager: Unknown window type: 1
06-02 17:41:26.655  2764  2991 E WindowManager: Unknown window type: 2000
06-02 17:41:26.655  2764  2991 E WindowManager: Unknown window type: 1
06-02 17:41:26.655  2764  2991 E WindowManager: Unknown window type: 2000
06-02 17:41:26.655  2764  2991 E WindowManager: Unknown window type: 1
06-02 17:41:26.655  2764  2991 E WindowManager: Unknown window type: 2000
06-02 17:41:26.655  2349  2349 D libEGL  : eglInitialize EGLDisplay = 0xffe5bedc
06-02 17:41:26.665  2764  2991 E WindowManager: Unknown window type: 2014
06-02 17:41:26.665  2764  2991 E WindowManager: Unknown window type: 2000
06-02 17:41:26.665  2764  2991 E WindowManager: Unknown window type: 2003
06-02 17:41:26.665  2764  2991 E WindowManager: Unknown window type: 2000
06-02 17:41:26.665  2764  2991 E WindowManager: Unknown window type: 2008
06-02 17:41:26.665  2764  2991 E WindowManager: Unknown window type: 2000
06-02 17:41:26.665  2764  2991 E WindowManager: Unknown window type: 2033
06-02 17:41:26.665  2764  2991 E WindowManager: Unknown window type: 2000
06-02 17:41:26.665  2764  2991 E WindowManager: Unknown window type: 2011
06-02 17:41:26.665  2764  2991 E WindowManager: Unknown window type: 2000
06-02 17:41:26.665  2764  2991 E WindowManager: Unknown window type: 1
06-02 17:41:26.665  2764  2991 E WindowManager: Unknown window type: 2000
06-02 17:41:26.665  2764  2991 E WindowManager: Unknown window type: 1
06-02 17:41:26.665  2764  2991 E WindowManager: Unknown window type: 2000
06-02 17:41:26.665  2764  2991 E WindowManager: Unknown window type: 1
06-02 17:41:26.665  2764  2991 E WindowManager: Unknown window type: 2000
06-02 17:41:26.665  2764  2991 E WindowManager: Unknown window type: 1
06-02 17:41:26.665  2764  2991 E WindowManager: Unknown window type: 2000
06-02 17:41:26.675  3214  3214 D KeyguardViewMediator: handleKeyguardDoneDrawing
06-02 17:41:26.685  2764  2991 E WindowManager: Unknown window type: 2014
06-02 17:41:26.685  2764  2991 E WindowManager: Unknown window type: 2000
06-02 17:41:26.685  2764  2991 E WindowManager: Unknown window type: 2003
06-02 17:41:26.685  2764  2991 E WindowManager: Unknown window type: 2000
06-02 17:41:26.685  2764  2991 E WindowManager: Unknown window type: 2008
06-02 17:41:26.685  2764  2991 E WindowManager: Unknown window type: 2000
06-02 17:41:26.685  2764  2991 E WindowManager: Unknown window type: 2033
06-02 17:41:26.685  2764  2991 E WindowManager: Unknown window type: 2000
06-02 17:41:26.685  2764  2991 E WindowManager: Unknown window type: 2011
06-02 17:41:26.685  2764  2991 E WindowManager: Unknown window type: 2000
06-02 17:41:26.685  2764  2991 E WindowManager: Unknown window type: 1
06-02 17:41:26.685  2764  2991 E WindowManager: Unknown window type: 2000
06-02 17:41:26.685  2764  2991 E WindowManager: Unknown window type: 1
06-02 17:41:26.685  2764  2991 E WindowManager: Unknown window type: 2000
06-02 17:41:26.685  2764  2991 E WindowManager: Unknown window type: 1
06-02 17:41:26.685  2764  2991 E WindowManager: Unknown window type: 2000
06-02 17:41:26.685  2764  2991 E WindowManager: Unknown window type: 1
06-02 17:41:26.685  2764  2991 E WindowManager: Unknown window type: 2000
06-02 17:41:26.685  2349  2349 D libEGL  : eglInitialize EGLDisplay = 0xffe5bedc
06-02 17:41:26.705  2764  2991 E WindowManager: Unknown window type: 2014
06-02 17:41:26.705  2764  2991 E WindowManager: Unknown window type: 2000
06-02 17:41:26.705  2764  2991 E WindowManager: Unknown window type: 2003
06-02 17:41:26.705  2764  2991 E WindowManager: Unknown window type: 2000
06-02 17:41:26.705  2764  2991 E WindowManager: Unknown window type: 2008
06-02 17:41:26.705  2764  2991 E WindowManager: Unknown window type: 2000
06-02 17:41:26.705  2764  2991 E WindowManager: Unknown window type: 2033
06-02 17:41:26.705  2764  2991 E WindowManager: Unknown window type: 2000
06-02 17:41:26.705  2764  2991 E WindowManager: Unknown window type: 2011
06-02 17:41:26.705  2764  2991 E WindowManager: Unknown window type: 2000
06-02 17:41:26.705  2764  2991 E WindowManager: Unknown window type: 1
06-02 17:41:26.705  2764  2991 E WindowManager: Unknown window type: 2000
06-02 17:41:26.705  2764  2991 E WindowManager: Unknown window type: 1
06-02 17:41:26.705  2764  2991 E WindowManager: Unknown window type: 2000
06-02 17:41:26.705  2764  2991 E WindowManager: Unknown window type: 1
06-02 17:41:26.705  2764  2991 E WindowManager: Unknown window type: 2000
06-02 17:41:26.705  2764  2991 E WindowManager: Unknown window type: 1
06-02 17:41:26.705  2764  2991 E WindowManager: Unknown window type: 2000
06-02 17:41:26.715  2764  2991 E WindowManager: Unknown window type: 2014
06-02 17:41:26.715  2764  2991 E WindowManager: Unknown window type: 2000
06-02 17:41:26.715  2764  2991 E WindowManager: Unknown window type: 2003
06-02 17:41:26.715  2764  2991 E WindowManager: Unknown window type: 2000
06-02 17:41:26.715  2764  2991 E WindowManager: Unknown window type: 2008
06-02 17:41:26.715  2764  2991 E WindowManager: Unknown window type: 2000
06-02 17:41:26.715  2764  2991 E WindowManager: Unknown window type: 2033
06-02 17:41:26.715  2764  2991 E WindowManager: Unknown window type: 2000
06-02 17:41:26.715  2764  2991 E WindowManager: Unknown window type: 2011
06-02 17:41:26.715  2764  2991 E WindowManager: Unknown window type: 2000
06-02 17:41:26.715  2764  2991 E WindowManager: Unknown window type: 1
06-02 17:41:26.715  2764  2991 E WindowManager: Unknown window type: 2000
06-02 17:41:26.715  2764  2991 E WindowManager: Unknown window type: 1
06-02 17:41:26.715  2764  2991 E WindowManager: Unknown window type: 2000
06-02 17:41:26.715  2764  2991 E WindowManager: Unknown window type: 1
06-02 17:41:26.715  2764  2991 E WindowManager: Unknown window type: 2000
06-02 17:41:26.715  2764  2991 E WindowManager: Unknown window type: 1
06-02 17:41:26.715  2764  2991 E WindowManager: Unknown window type: 2000
06-02 17:41:26.735  2764  2991 E WindowManager: Unknown window type: 2014
06-02 17:41:26.735  2764  2991 E WindowManager: Unknown window type: 2000
06-02 17:41:26.735  2764  2991 E WindowManager: Unknown window type: 2003
06-02 17:41:26.735  2764  2991 E WindowManager: Unknown window type: 2000
06-02 17:41:26.735  2764  2991 E WindowManager: Unknown window type: 2008
06-02 17:41:26.735  2764  2991 E WindowManager: Unknown window type: 2000
06-02 17:41:26.735  2764  2991 E WindowManager: Unknown window type: 2033
06-02 17:41:26.735  2764  2991 E WindowManager: Unknown window type: 2000
06-02 17:41:26.735  2764  2991 E WindowManager: Unknown window type: 2011
06-02 17:41:26.735  2764  2991 E WindowManager: Unknown window type: 2000
06-02 17:41:26.735  2764  2991 E WindowManager: Unknown window type: 1
06-02 17:41:26.735  2764  2991 E WindowManager: Unknown window type: 2000
06-02 17:41:26.735  2764  2991 E WindowManager: Unknown window type: 1
06-02 17:41:26.735  2764  2991 E WindowManager: Unknown window type: 2000
06-02 17:41:26.735  2764  2991 E WindowManager: Unknown window type: 1
06-02 17:41:26.735  2764  2991 E WindowManager: Unknown window type: 2000
06-02 17:41:26.735  2764  2991 E WindowManager: Unknown window type: 1
06-02 17:41:26.735  2764  2991 E WindowManager: Unknown window type: 2000
06-02 17:41:26.755  2764  2991 E WindowManager: Unknown window type: 2014
06-02 17:41:26.755  2764  2991 E WindowManager: Unknown window type: 2000
06-02 17:41:26.755  2764  2991 E WindowManager: Unknown window type: 2003
06-02 17:41:26.755  2764  2991 E WindowManager: Unknown window type: 2000
06-02 17:41:26.755  2764  2991 E WindowManager: Unknown window type: 2008
06-02 17:41:26.755  2764  2991 E WindowManager: Unknown window type: 2000
06-02 17:41:26.755  2764  2991 E WindowManager: Unknown window type: 2033
06-02 17:41:26.755  2764  2991 E WindowManager: Unknown window type: 2000
06-02 17:41:26.755  2764  2991 E WindowManager: Unknown window type: 2011
06-02 17:41:26.755  2764  2991 E WindowManager: Unknown window type: 2000
06-02 17:41:26.755  2764  2991 E WindowManager: Unknown window type: 1
06-02 17:41:26.755  2764  2991 E WindowManager: Unknown window type: 2000
06-02 17:41:26.755  2764  2991 E WindowManager: Unknown window type: 1
06-02 17:41:26.755  2764  2991 E WindowManager: Unknown window type: 2000
06-02 17:41:26.755  2764  2991 E WindowManager: Unknown window type: 1
06-02 17:41:26.755  2764  2991 E WindowManager: Unknown window type: 2000
06-02 17:41:26.755  2764  2991 E WindowManager: Unknown window type: 1
06-02 17:41:26.755  2764  2991 E WindowManager: Unknown window type: 2000
06-02 17:41:26.765  2764  2991 E WindowManager: Unknown window type: 2014
06-02 17:41:26.765  2764  2991 E WindowManager: Unknown window type: 2000
06-02 17:41:26.765  2764  2991 E WindowManager: Unknown window type: 2003
06-02 17:41:26.765  2764  2991 E WindowManager: Unknown window type: 2000
06-02 17:41:26.765  2764  2991 E WindowManager: Unknown window type: 2008
06-02 17:41:26.765  2764  2991 E WindowManager: Unknown window type: 2000
06-02 17:41:26.765  2764  2991 E WindowManager: Unknown window type: 2033
06-02 17:41:26.765  2764  2991 E WindowManager: Unknown window type: 2000
06-02 17:41:26.765  2764  2991 E WindowManager: Unknown window type: 2011
06-02 17:41:26.765  2764  2991 E WindowManager: Unknown window type: 2000
06-02 17:41:26.765  2764  2991 E WindowManager: Unknown window type: 1
06-02 17:41:26.765  2764  2991 E WindowManager: Unknown window type: 2000
06-02 17:41:26.765  2764  2991 E WindowManager: Unknown window type: 1
06-02 17:41:26.765  2764  2991 E WindowManager: Unknown window type: 2000
06-02 17:41:26.765  2764  2991 E WindowManager: Unknown window type: 1
06-02 17:41:26.765  2764  2991 E WindowManager: Unknown window type: 2000
06-02 17:41:26.765  2764  2991 E WindowManager: Unknown window type: 1
06-02 17:41:26.765  2764  2991 E WindowManager: Unknown window type: 2000
06-02 17:41:26.785  2764  2991 E WindowManager: Unknown window type: 2014
06-02 17:41:26.785  2764  2991 E WindowManager: Unknown window type: 2000
06-02 17:41:26.785  2764  2991 E WindowManager: Unknown window type: 2003
06-02 17:41:26.785  2764  2991 E WindowManager: Unknown window type: 2000
06-02 17:41:26.785  2764  2991 E WindowManager: Unknown window type: 2008
06-02 17:41:26.785  2764  2991 E WindowManager: Unknown window type: 2000
06-02 17:41:26.785  2764  2991 E WindowManager: Unknown window type: 2033
06-02 17:41:26.785  2764  2991 E WindowManager: Unknown window type: 2000
06-02 17:41:26.785  2764  2991 E WindowManager: Unknown window type: 2011
06-02 17:41:26.785  2764  2991 E WindowManager: Unknown window type: 2000
06-02 17:41:26.785  2764  2991 E WindowManager: Unknown window type: 1
06-02 17:41:26.785  2764  2991 E WindowManager: Unknown window type: 2000
06-02 17:41:26.785  2764  2991 E WindowManager: Unknown window type: 1
06-02 17:41:26.785  2764  2991 E WindowManager: Unknown window type: 2000
06-02 17:41:26.785  2764  2991 E WindowManager: Unknown window type: 1
06-02 17:41:26.785  2764  2991 E WindowManager: Unknown window type: 2000
06-02 17:41:26.785  2764  2991 E WindowManager: Unknown window type: 1
06-02 17:41:26.785  2764  2991 E WindowManager: Unknown window type: 2000
06-02 17:41:26.805  2764  2991 E WindowManager: Unknown window type: 2014
06-02 17:41:26.805  2764  2991 E WindowManager: Unknown window type: 2000
06-02 17:41:26.805  2764  2991 E WindowManager: Unknown window type: 2003
06-02 17:41:26.805  2764  2991 E WindowManager: Unknown window type: 2000
06-02 17:41:26.805  2764  2991 E WindowManager: Unknown window type: 2008
06-02 17:41:26.805  2764  2991 E WindowManager: Unknown window type: 2000
06-02 17:41:26.805  2764  2991 E WindowManager: Unknown window type: 2033
06-02 17:41:26.805  2764  2991 E WindowManager: Unknown window type: 2000
06-02 17:41:26.805  2764  2991 E WindowManager: Unknown window type: 2011
06-02 17:41:26.805  2764  2991 E WindowManager: Unknown window type: 2000
06-02 17:41:26.805  2764  2991 E WindowManager: Unknown window type: 1
06-02 17:41:26.805  2764  2991 E WindowManager: Unknown window type: 2000
06-02 17:41:26.805  2764  2991 E WindowManager: Unknown window type: 1
06-02 17:41:26.805  2764  2991 E WindowManager: Unknown window type: 2000
06-02 17:41:26.805  2764  2991 E WindowManager: Unknown window type: 1
06-02 17:41:26.805  2764  2991 E WindowManager: Unknown window type: 2000
06-02 17:41:26.805  2764  2991 E WindowManager: Unknown window type: 1
06-02 17:41:26.805  2764  2991 E WindowManager: Unknown window type: 2000
06-02 17:41:26.815  2764  2991 E WindowManager: Unknown window type: 2014
06-02 17:41:26.815  2764  2991 E WindowManager: Unknown window type: 2000
06-02 17:41:26.815  2764  2991 E WindowManager: Unknown window type: 2003
06-02 17:41:26.815  2764  2991 E WindowManager: Unknown window type: 2000
06-02 17:41:26.815  2764  2991 E WindowManager: Unknown window type: 2008
06-02 17:41:26.815  2764  2991 E WindowManager: Unknown window type: 2000
06-02 17:41:26.815  2764  2991 E WindowManager: Unknown window type: 2033
06-02 17:41:26.815  2764  2991 E WindowManager: Unknown window type: 2000
06-02 17:41:26.815  2764  2991 E WindowManager: Unknown window type: 2011
06-02 17:41:26.815  2764  2991 E WindowManager: Unknown window type: 2000
06-02 17:41:26.815  2764  2991 E WindowManager: Unknown window type: 1
06-02 17:41:26.815  2764  2991 E WindowManager: Unknown window type: 2000
06-02 17:41:26.815  2764  2991 E WindowManager: Unknown window type: 1
06-02 17:41:26.815  2764  2991 E WindowManager: Unknown window type: 2000
06-02 17:41:26.815  2764  2991 E WindowManager: Unknown window type: 1
06-02 17:41:26.815  2764  2991 E WindowManager: Unknown window type: 2000
06-02 17:41:26.815  2764  2991 E WindowManager: Unknown window type: 1
06-02 17:41:26.815  2764  2991 E WindowManager: Unknown window type: 2000
06-02 17:41:26.835  2764  2991 E WindowManager: Unknown window type: 2014
06-02 17:41:26.835  2764  2991 E WindowManager: Unknown window type: 2000
06-02 17:41:26.835  2764  2991 E WindowManager: Unknown window type: 2003
06-02 17:41:26.835  2764  2991 E WindowManager: Unknown window type: 2000
06-02 17:41:26.835  2764  2991 E WindowManager: Unknown window type: 2008
06-02 17:41:26.835  2764  2991 E WindowManager: Unknown window type: 2000
06-02 17:41:26.835  2764  2991 E WindowManager: Unknown window type: 2033
06-02 17:41:26.835  2764  2991 E WindowManager: Unknown window type: 2000
06-02 17:41:26.835  2764  2991 E WindowManager: Unknown window type: 2011
06-02 17:41:26.835  2764  2991 E WindowManager: Unknown window type: 2000
06-02 17:41:26.835  2764  2991 E WindowManager: Unknown window type: 1
06-02 17:41:26.835  2764  2991 E WindowManager: Unknown window type: 2000
06-02 17:41:26.835  2764  2991 E WindowManager: Unknown window type: 1
06-02 17:41:26.835  2764  2991 E WindowManager: Unknown window type: 2000
06-02 17:41:26.835  2764  2991 E WindowManager: Unknown window type: 1
06-02 17:41:26.835  2764  2991 E WindowManager: Unknown window type: 2000
06-02 17:41:26.835  2764  2991 E WindowManager: Unknown window type: 1
06-02 17:41:26.835  2764  2991 E WindowManager: Unknown window type: 2000
06-02 17:41:26.855  2764  2991 E WindowManager: Unknown window type: 2014
06-02 17:41:26.855  2764  2991 E WindowManager: Unknown window type: 2000
06-02 17:41:26.855  2764  2991 E WindowManager: Unknown window type: 2003
06-02 17:41:26.855  2764  2991 E WindowManager: Unknown window type: 2000
06-02 17:41:26.855  2764  2991 E WindowManager: Unknown window type: 2008
06-02 17:41:26.855  2764  2991 E WindowManager: Unknown window type: 2000
06-02 17:41:26.855  2764  2991 E WindowManager: Unknown window type: 2033
06-02 17:41:26.855  2764  2991 E WindowManager: Unknown window type: 2000
