06-02 17:41:30.455  2764  3157 D ConnectivityService:   checking if request is: NetworkRequest [ id=44, legacyType=-1, [ Capabilities: INTERNET&NOT_RESTRICTED&TRUSTED] ] satisfies: true nri.isRequest: false
06-02 17:41:30.455  2764  3157 D ConnectivityService:   checking if request is: NetworkRequest [ id=4, legacyType=-1, [ Transports: WIFI Capabilities: INTERNET&NOT_RESTRICTED&TRUSTED&NOT_VPN] ] satisfies: true nri.isRequest: false
06-02 17:41:30.455  2764  3157 D ConnectivityService:   checking if request is: NetworkRequest [ id=3, legacyType=-1, [ Transports: CELLULAR Capabilities: INTERNET&NOT_RESTRICTED&TRUSTED&NOT_VPN] ] satisfies: false nri.isRequest: false
06-02 17:41:30.455  2764  3157 D ConnectivityService: sending notification AVAILABLE for NetworkRequest [ id=45, legacyType=-1, [ Capabilities: INTERNET&NOT_RESTRICTED&TRUSTED] ]
06-02 17:41:30.465 12601 12652 D libEGL  : eglInitialize EGLDisplay = 0xdc0034bc
06-02 17:41:30.465 12601 12652 W AudioCapabilities: Unsupported mime audio/mpeg-L1
06-02 17:41:30.475 12601 12652 W AudioCapabilities: Unsupported mime audio/mpeg-L2
06-02 17:41:30.475 12601 12652 W AudioCapabilities: Unsupported mime audio/x-ms-wma
06-02 17:41:30.475 12601 12652 W AudioCapabilities: Unsupported mime audio/x-ima
06-02 17:41:30.475 12601 12643 D libEGL  : eglInitialize EGLDisplay = 0xdcc3f7c4
06-02 17:41:30.475 12601 12643 I OpenGLRenderer: Initialized EGL, version 1.4
06-02 17:41:30.475 12601 12652 W VideoCapabilities: Unrecognized profile 2130706433 for video/avc
06-02 17:41:30.475 12601 12652 W VideoCapabilities: Unrecognized profile 2130706433 for video/avc
06-02 17:41:30.475 12601 12652 W VideoCapabilities: Unrecognized profile 2130706433 for video/avc
06-02 17:41:30.475 12601 12652 W VideoCapabilities: Unrecognized profile 2130706433 for video/avc
06-02 17:41:30.475 12601 12652 W VideoCapabilities: Unrecognized profile 2130706433 for video/avc
06-02 17:41:30.475 12601 12652 W VideoCapabilities: Unrecognized profile 2130706433 for video/avc
06-02 17:41:30.475 12601 12652 W VideoCapabilities: Unrecognized profile 2130706433 for video/avc
06-02 17:41:30.475 12601 12652 W VideoCapabilities: Unrecognized profile 2130706433 for video/avc
06-02 17:41:30.475 12601 12652 W VideoCapabilities: Unrecognized profile 2130706433 for video/avc
06-02 17:41:30.475 12601 12652 W VideoCapabilities: Unrecognized profile 2130706433 for video/avc
06-02 17:41:30.475 12601 12652 W VideoCapabilities: Unrecognized profile 2130706433 for video/avc
06-02 17:41:30.475 12601 12652 W VideoCapabilities: Unrecognized profile 2130706433 for video/avc
06-02 17:41:30.475 12601 12652 W VideoCapabilities: Unrecognized profile 2130706434 for video/avc
06-02 17:41:30.475 12601 12652 W VideoCapabilities: Unrecognized profile 2130706434 for video/avc
06-02 17:41:30.475 12601 12652 W VideoCapabilities: Unrecognized profile 2130706434 for video/avc
06-02 17:41:30.475 12601 12652 W VideoCapabilities: Unrecognized profile 2130706434 for video/avc
06-02 17:41:30.475 12601 12652 W VideoCapabilities: Unrecognized profile 2130706434 for video/avc
06-02 17:41:30.475 12601 12652 W VideoCapabilities: Unrecognized profile 2130706434 for video/avc
06-02 17:41:30.475 12601 12652 W VideoCapabilities: Unrecognized profile 2130706434 for video/avc
06-02 17:41:30.475 12601 12652 W VideoCapabilities: Unrecognized profile 2130706434 for video/avc
06-02 17:41:30.475 12601 12652 W VideoCapabilities: Unrecognized profile 2130706434 for video/avc
06-02 17:41:30.475 12601 12652 W VideoCapabilities: Unrecognized profile 2130706434 for video/avc
06-02 17:41:30.475 12601 12652 W VideoCapabilities: Unrecognized profile 2130706434 for video/avc
06-02 17:41:30.475 12601 12652 W VideoCapabilities: Unrecognized profile 2130706434 for video/avc
06-02 17:41:30.475 12601 12643 D mali_winsys: new_window_surface returns 0x3000,  [1080x1920]-format:1
06-02 17:41:30.475 12601 12652 W VideoCapabilities: Unrecognized profile/level 32768/2 for video/mp4v-es
06-02 17:41:30.475  2349  2349 I SurfaceFlinger: id=315 createSurf (193x193),1 flag=4, NainActivit
06-02 17:41:30.485 12601 12652 W VideoCapabilities: Unsupported mime video/wvc1
06-02 17:41:30.485 12601 12652 W VideoCapabilities: Unsupported mime video/x-ms-wmv
06-02 17:41:30.485 12601 12652 W VideoCapabilities: Unrecognized profile 2130706433 for video/avc
06-02 17:41:30.485 12601 12652 W VideoCapabilities: Unrecognized profile 2130706433 for video/avc
06-02 17:41:30.485 12601 12652 W VideoCapabilities: Unrecognized profile 2130706433 for video/avc
06-02 17:41:30.485 12601 12652 W VideoCapabilities: Unrecognized profile 2130706433 for video/avc
06-02 17:41:30.485 12601 12652 W VideoCapabilities: Unrecognized profile 2130706433 for video/avc
06-02 17:41:30.485 12601 12652 W VideoCapabilities: Unrecognized profile 2130706433 for video/avc
06-02 17:41:30.485 12601 12652 W VideoCapabilities: Unrecognized profile 2130706433 for video/avc
06-02 17:41:30.485 12601 12652 W VideoCapabilities: Unrecognized profile 2130706433 for video/avc
06-02 17:41:30.485 12601 12652 W VideoCapabilities: Unrecognized profile 2130706433 for video/avc
06-02 17:41:30.485 12601 12652 W VideoCapabilities: Unrecognized profile 2130706433 for video/avc
06-02 17:41:30.485 12601 12652 W VideoCapabilities: Unrecognized profile 2130706433 for video/avc
06-02 17:41:30.485 12601 12652 W VideoCapabilities: Unrecognized profile 2130706433 for video/avc
06-02 17:41:30.485 12601 12652 W VideoCapabilities: Unrecognized profile 2130706434 for video/avc
06-02 17:41:30.485 12601 12652 W VideoCapabilities: Unrecognized profile 2130706434 for video/avc
06-02 17:41:30.485 12601 12652 W VideoCapabilities: Unrecognized profile 2130706434 for video/avc
06-02 17:41:30.485 12601 12652 W VideoCapabilities: Unrecognized profile 2130706434 for video/avc
06-02 17:41:30.485 12601 12652 W VideoCapabilities: Unrecognized profile 2130706434 for video/avc
06-02 17:41:30.485 12601 12652 W VideoCapabilities: Unrecognized profile 2130706434 for video/avc
06-02 17:41:30.485 12601 12652 W VideoCapabilities: Unrecognized profile 2130706434 for video/avc
06-02 17:41:30.485 12601 12652 W VideoCapabilities: Unrecognized profile 2130706434 for video/avc
06-02 17:41:30.485 12601 12652 W VideoCapabilities: Unrecognized profile 2130706434 for video/avc
06-02 17:41:30.485 12601 12652 W VideoCapabilities: Unrecognized profile 2130706434 for video/avc
06-02 17:41:30.485 12601 12652 W VideoCapabilities: Unrecognized profile 2130706434 for video/avc
06-02 17:41:30.485 12601 12652 W VideoCapabilities: Unrecognized profile 2130706434 for video/avc
06-02 17:41:30.485  2764  2991 E WindowManager: Unknown window type: 2014
06-02 17:41:30.485  2764  2991 E WindowManager: Unknown window type: 2000
06-02 17:41:30.485  2764  2991 E WindowManager: Unknown window type: 2008
06-02 17:41:30.485  2764  2991 E WindowManager: Unknown window type: 2000
06-02 17:41:30.495  2764  2991 E WindowManager: Unknown window type: 2033
06-02 17:41:30.495  2764  2991 E WindowManager: Unknown window type: 2000
06-02 17:41:30.495  2764  2991 E WindowManager: Unknown window type: 2011
06-02 17:41:30.495  2764  2991 E WindowManager: Unknown window type: 2000
06-02 17:41:30.495  2764  2991 E WindowManager: Unknown window type: 3
06-02 17:41:30.495  2764  2991 E WindowManager: Unknown window type: 2000
06-02 17:41:30.495  2764  2991 E WindowManager: Unknown window type: 2
06-02 17:41:30.495  2764  2991 E WindowManager: Unknown window type: 2000
06-02 17:41:30.495  2764  2991 E WindowManager: Unknown window type: 2
06-02 17:41:30.495  2764  2991 E WindowManager: Unknown window type: 2000
06-02 17:41:30.495  2764  2991 E WindowManager: Unknown window type: 1
06-02 17:41:30.495  2764  2991 E WindowManager: Unknown window type: 2000
06-02 17:41:30.495  2764  2991 E WindowManager: Unknown window type: 1
06-02 17:41:30.495  2764  2991 E WindowManager: Unknown window type: 2000
06-02 17:41:30.495  2764  2991 E WindowManager: Unknown window type: 1
06-02 17:41:30.495  2764  2991 E WindowManager: Unknown window type: 2000
06-02 17:41:30.495  2764  2991 E WindowManager: Unknown window type: 1
06-02 17:41:30.495  2764  2991 E WindowManager: Unknown window type: 2000
06-02 17:41:30.495  2764  2991 E WindowManager: Unknown window type: 1
06-02 17:41:30.495  2764  2991 E WindowManager: Unknown window type: 2000
06-02 17:41:30.495 12601 12643 D mali_winsys: new_window_surface returns 0x3000,  [1194x336]-format:1
06-02 17:41:30.495 12601 12652 W VideoCapabilities: Unrecognized profile/level 32768/2 for video/mp4v-es
06-02 17:41:30.495 12601 12652 W VideoCapabilities: Unsupported mime video/wvc1
06-02 17:41:30.495 12601 12652 W VideoCapabilities: Unsupported mime video/x-ms-wmv
06-02 17:41:30.495 12601 12652 W VideoCapabilities: Unsupported mime video/x-ms-wmv7
06-02 17:41:30.495 12601 12652 W VideoCapabilities: Unsupported mime video/x-ms-wmv8
06-02 17:41:30.505 12601 12652 W VideoCapabilities: Unsupported mime video/mp43
06-02 17:41:30.505  2349  2349 I SurfaceFlinger: id=316 createSurf (1080x1920),1 flag=404, NainActivit
06-02 17:41:30.505  2764  2991 E WindowManager: Unknown window type: 2014
06-02 17:41:30.505 12601 12652 W VideoCapabilities: Unrecognized profile 2130706433 for video/avc
06-02 17:41:30.505  2764  2991 E WindowManager: Unknown window type: 2000
06-02 17:41:30.505 12601 12652 W VideoCapabilities: Unrecognized profile 2130706433 for video/avc
06-02 17:41:30.505 12601 12652 W VideoCapabilities: Unrecognized profile 2130706433 for video/avc
06-02 17:41:30.505 12601 12652 W VideoCapabilities: Unrecognized profile 2130706433 for video/avc
06-02 17:41:30.505 12601 12652 W VideoCapabilities: Unrecognized profile 2130706433 for video/avc
06-02 17:41:30.505 12601 12652 W VideoCapabilities: Unrecognized profile 2130706433 for video/avc
06-02 17:41:30.505  2764  2991 E WindowManager: Unknown window type: 2008
06-02 17:41:30.505  2764  2991 E WindowManager: Unknown window type: 2000
06-02 17:41:30.505 12601 12652 W VideoCapabilities: Unrecognized profile 2130706433 for video/avc
06-02 17:41:30.505 12601 12652 W VideoCapabilities: Unrecognized profile 2130706433 for video/avc
06-02 17:41:30.505  2764  2991 E WindowManager: Unknown window type: 2033
06-02 17:41:30.505  2764  2991 E WindowManager: Unknown window type: 2000
06-02 17:41:30.505 12601 12652 W VideoCapabilities: Unrecognized profile 2130706433 for video/avc
06-02 17:41:30.505  2764  2991 E WindowManager: Unknown window type: 2011
06-02 17:41:30.505 12601 12652 W VideoCapabilities: Unrecognized profile 2130706433 for video/avc
06-02 17:41:30.505  2764  2991 E WindowManager: Unknown window type: 2000
06-02 17:41:30.505 12601 12652 W VideoCapabilities: Unrecognized profile 2130706433 for video/avc
06-02 17:41:30.505  2764  2991 E WindowManager: Unknown window type: 3
06-02 17:41:30.505 12601 12652 W VideoCapabilities: Unrecognized profile 2130706433 for video/avc
06-02 17:41:30.505  2764  2991 E WindowManager: Unknown window type: 2000
06-02 17:41:30.505 12601 12652 W VideoCapabilities: Unrecognized profile 2130706434 for video/avc
06-02 17:41:30.505 12601 12652 W VideoCapabilities: Unrecognized profile 2130706434 for video/avc
06-02 17:41:30.505  2764  2991 E WindowManager: Unknown window type: 2
06-02 17:41:30.505  2764  2991 E WindowManager: Unknown window type: 2000
06-02 17:41:30.505 12601 12652 W VideoCapabilities: Unrecognized profile 2130706434 for video/avc
06-02 17:41:30.505 12601 12652 W VideoCapabilities: Unrecognized profile 2130706434 for video/avc
06-02 17:41:30.505  2764  2991 E WindowManager: Unknown window type: 2
06-02 17:41:30.505 12601 12652 W VideoCapabilities: Unrecognized profile 2130706434 for video/avc
06-02 17:41:30.505  2764  2991 E WindowManager: Unknown window type: 2000
06-02 17:41:30.505 12601 12652 W VideoCapabilities: Unrecognized profile 2130706434 for video/avc
06-02 17:41:30.505  2764  2991 E WindowManager: Unknown window type: 1
06-02 17:41:30.505 12601 12652 W VideoCapabilities: Unrecognized profile 2130706434 for video/avc
06-02 17:41:30.505  2764  2991 E WindowManager: Unknown window type: 2000
06-02 17:41:30.505 12601 12652 W VideoCapabilities: Unrecognized profile 2130706434 for video/avc
06-02 17:41:30.505  2764  2991 E WindowManager: Unknown window type: 1
06-02 17:41:30.505 12601 12652 W VideoCapabilities: Unrecognized profile 2130706434 for video/avc
06-02 17:41:30.505  2764  2991 E WindowManager: Unknown window type: 2000
06-02 17:41:30.505 12601 12652 W VideoCapabilities: Unrecognized profile 2130706434 for video/avc
06-02 17:41:30.505  2764  2991 E WindowManager: Unknown window type: 1
06-02 17:41:30.505 12601 12652 W VideoCapabilities: Unrecognized profile 2130706434 for video/avc
06-02 17:41:30.505  2764  2991 E WindowManager: Unknown window type: 2000
06-02 17:41:30.505 12601 12652 W VideoCapabilities: Unrecognized profile 2130706434 for video/avc
06-02 17:41:30.505  2764  2991 E WindowManager: Unknown window type: 1
06-02 17:41:30.505  2764  2991 E WindowManager: Unknown window type: 2000
06-02 17:41:30.505  2764  2991 E WindowManager: Unknown window type: 1
06-02 17:41:30.505  2764  2991 E WindowManager: Unknown window type: 2000
06-02 17:41:30.505 12601 12643 D mali_winsys: new_window_surface returns 0x3000,  [1080x1920]-format:1
06-02 17:41:30.505  2764  3145 D InputMethodManagerService: windowGainedFocus mCurrentFocusedUserId - 0 and mSecureKeypadEnabled-false
06-02 17:41:30.505  2764  3145 I WindowManager: Switching to real app window: Window{51a0aa4 u0 d0 com.ionicframework.userapp233626/com.ionicframework.userapp233626.MainActivity}
06-02 17:41:30.505 12601 12652 W VideoCapabilities: Unrecognized profile/level 32768/2 for video/mp4v-es
06-02 17:41:30.515  3657  3657 D SamsungIME: IMPL finishInput
06-02 17:41:30.515  3657  3657 D SamsungIME: SwiftKeyWrapper writeDBdataToFileOnFinishInput
06-02 17:41:30.515  3657  3657 D SamsungIME: saveAndClear +
06-02 17:41:30.515  3657  3657 D SamsungIME: saveAndClear -
06-02 17:41:30.515  3657  3657 D SamsungIME: onStartInput: No inputType, No imeOption, isInputViewShown = false, isExtractViewShown = false, isShowInputRequested = false, isConfigChanged = false
06-02 17:41:30.515 12601 12601 E chromium: [ERROR:interface_registry.cc(104)] Failed to locate a binder for interface: autofill::mojom::PasswordManagerDriver
06-02 17:41:30.515 12601 12601 D ViewRootImpl: MSG_RESIZED_REPORT: ci=Rect(0, 72 - 0, 0) vi=Rect(0, 72 - 0, 0) or=1
06-02 17:41:30.515 12601 12643 D libGLESv1: DTS_GLAPI : DTS is not allowed for Package : com.ionicframework.userapp233626
06-02 17:41:30.525 12601 12652 I VideoCapabilities: Unsupported profile 4 for video/mp4v-es
06-02 17:41:30.535  2349  2349 D libEGL  : eglInitialize EGLDisplay = 0xffe5bedc
06-02 17:41:30.535 12601 12652 W VideoCapabilities: Unsupported mime video/sorenson
06-02 17:41:30.545  2764  3265 V WindowStateAnimator: Finishing drawing window Window{18eb55e u0 d0 com.ionicframework.userapp233626/com.ionicframework.userapp233626.MainActivity}: mDrawState=DRAW_PENDING
06-02 17:41:30.555  2764  3097 V WindowStateAnimator: Finishing drawing window Window{1fb060c u0 d0 com.ionicframework.userapp233626/com.ionicframework.userapp233626.MainActivity}: mDrawState=DRAW_PENDING
06-02 17:41:30.555  2349  2349 D libEGL  : eglInitialize EGLDisplay = 0xffe5bedc
06-02 17:41:30.555  2764  2991 E WindowManager: Unknown window type: 2014
06-02 17:41:30.555  2764  2991 E WindowManager: Unknown window type: 2000
06-02 17:41:30.555  2764  2991 E WindowManager: Unknown window type: 2008
06-02 17:41:30.555  2764  2991 E WindowManager: Unknown window type: 2000
06-02 17:41:30.555  2764  2991 E WindowManager: Unknown window type: 2033
06-02 17:41:30.555  2764  2991 E WindowManager: Unknown window type: 2000
06-02 17:41:30.555  2764  2991 E WindowManager: Unknown window type: 2011
06-02 17:41:30.555  2764  2991 E WindowManager: Unknown window type: 2000
06-02 17:41:30.555  2764  2991 E WindowManager: Unknown window type: 3
06-02 17:41:30.555  2764  2991 E WindowManager: Unknown window type: 2000
06-02 17:41:30.555  2764  2991 E WindowManager: Unknown window type: 2
06-02 17:41:30.555  2764  2991 E WindowManager: Unknown window type: 2000
06-02 17:41:30.555  2764  2991 E WindowManager: Unknown window type: 2
06-02 17:41:30.555  2764  2991 E WindowManager: Unknown window type: 2000
06-02 17:41:30.555  2764  2991 E WindowManager: Unknown window type: 1
06-02 17:41:30.555  2764  2991 E WindowManager: Unknown window type: 2000
06-02 17:41:30.555  2764  2991 E WindowManager: Unknown window type: 1
06-02 17:41:30.555  2764  2991 E WindowManager: Unknown window type: 2000
06-02 17:41:30.555  2764  2991 E WindowManager: Unknown window type: 1
06-02 17:41:30.555  2764  2991 E WindowManager: Unknown window type: 2000
06-02 17:41:30.555  2764  2991 E WindowManager: Unknown window type: 1
06-02 17:41:30.555  2764  2991 E WindowManager: Unknown window type: 2000
06-02 17:41:30.555  2764  2991 E WindowManager: Unknown window type: 1
06-02 17:41:30.555  2764  2991 E WindowManager: Unknown window type: 2000
06-02 17:41:30.555  2764  5375 V WindowStateAnimator: Finishing drawing window Window{51a0aa4 u0 d0 com.ionicframework.userapp233626/com.ionicframework.userapp233626.MainActivity}: mDrawState=DRAW_PENDING
06-02 17:41:30.555 12601 12652 D libGLESv2: DTS_GLAPI : DTS is not allowed for Package : com.ionicframework.userapp233626
06-02 17:41:30.555 12601 12601 D ViewRootImpl: MSG_RESIZED_REPORT: ci=Rect(0, 0 - 0, 0) vi=Rect(0, 0 - 0, 0) or=1
06-02 17:41:30.555 12601 12601 D ViewRootImpl: MSG_RESIZED_REPORT: ci=Rect(0, 72 - 0, 0) vi=Rect(0, 72 - 0, 0) or=1
06-02 17:41:30.565  2764  2991 D KnoxTimeoutHandler: notifyActivityDrawn [MsgParam] userId: 0 fullscreen is true showWhenlocked is false
06-02 17:41:30.565  2764  2764 D KnoxTimeoutHandler: activityDrawn [MsgParam] userId: 0 fullscreen is true showWhenlocked is false
06-02 17:41:30.565  2764  2991 I ActivityManager: Displayed com.ionicframework.userapp233626/.MainActivity: +646ms
06-02 17:41:30.565  2764  2991 I Timeline: Timeline: Activity_windows_visible id: ActivityRecord{7c0cd80 u0 com.ionicframework.userapp233626/.MainActivity t37} time:15187103
06-02 17:41:30.565  2764  2991 D ViewRootImpl: #3 mView = null
06-02 17:41:30.565  2764  2764 I KnoxTimeoutHandler: SD activityfalse
06-02 17:41:30.565  2764  2764 I KnoxTimeoutHandler: Fullscreen and mCurrent is not KNOX user. Hence hide keyguard
06-02 17:41:30.565  3214  3214 D PhoneStatusBar: setSystemUiVisibility vis=0 mask=ffffffff oldVal=8000 newVal=0 diff=8000
06-02 17:41:30.565  2764  2870 D RestrictionPolicy: isStatusBarExpansionAllowedAsUser : true, userId = 0
06-02 17:41:30.565  2764  3558 V WindowStateAnimator: Finishing drawing window Window{1fb060c u0 d0 com.ionicframework.userapp233626/com.ionicframework.userapp233626.MainActivity}: mDrawState=HAS_DRAWN
06-02 17:41:30.565  2764  2778 V WindowStateAnimator: Finishing drawing window Window{51a0aa4 u0 d0 com.ionicframework.userapp233626/com.ionicframework.userapp233626.MainActivity}: mDrawState=HAS_DRAWN
06-02 17:41:30.565 12601 12601 D CordovaWebViewImpl: onPageDidNavigate(file:///android_asset/www/index.html)
06-02 17:41:30.565  2764  2870 D RestrictionPolicy: isStatusBarExpansionAllowedAsUser : true, userId = 0
06-02 17:41:30.565  2764  2991 D CustomFrequencyManagerService: releaseDVFSLockLocked : Getting Lock type frm List : DVFS_MIN_LIMIT  frequency : 1500000  uid : 1000  pid : 2764  tag : ACTIVITY_RESUME_BOOSTER@3
06-02 17:41:30.565  2764  2991 D CustomFrequencyManagerService: FrequencyrequestList.getNextCStateDisableRequest, index: 1
06-02 17:41:30.565  2764  2991 D ActivityManager: mDVFSHelper.release()
06-02 17:41:30.565  2764  2862 D CustomFrequencyManagerService: acquireDVFSLockLocked : type : DVFS_MIN_LIMIT  frequency : 1500000  uid : 1000  pid : 2764  pkgName : ACTIVITY_RESUME_BOOSTER@9
06-02 17:41:30.565  2764  2870 D StatusBarManagerService: manageDisableList userId=0 what=0x0 pkg=Window{1fb060c u0 d0 com.ionicframework.userapp233626/com.ionicframework.userapp233626.MainActivity}
06-02 17:41:30.575  2349  2349 D libEGL  : eglInitialize EGLDisplay = 0xffe5bedc
06-02 17:41:30.575  2764  2991 E WindowManager: Unknown window type: 2014
06-02 17:41:30.575  2764  2991 E WindowManager: Unknown window type: 2000
06-02 17:41:30.575  2764  2991 E WindowManager: Unknown window type: 2008
06-02 17:41:30.575  2764  2991 E WindowManager: Unknown window type: 2000
06-02 17:41:30.575  2764  2991 E WindowManager: Unknown window type: 2033
06-02 17:41:30.575  2764  2991 E WindowManager: Unknown window type: 2000
06-02 17:41:30.575  2764  2991 E WindowManager: Unknown window type: 2011
06-02 17:41:30.575  2764  2991 E WindowManager: Unknown window type: 2000
06-02 17:41:30.575  2764  2991 E WindowManager: Unknown window type: 3
06-02 17:41:30.575  2764  2991 E WindowManager: Unknown window type: 2000
06-02 17:41:30.575  2764  2991 E WindowManager: Unknown window type: 2
06-02 17:41:30.575  2764  2991 E WindowManager: Unknown window type: 2000
06-02 17:41:30.575  2764  2991 E WindowManager: Unknown window type: 2
06-02 17:41:30.575  2764  2991 E WindowManager: Unknown window type: 2000
06-02 17:41:30.575  2764  2991 E WindowManager: Unknown window type: 1
06-02 17:41:30.575  2764  2991 E WindowManager: Unknown window type: 2000
06-02 17:41:30.575  2349  2349 D libEGL  : eglInitialize EGLDisplay = 0xffe5bedc
06-02 17:41:30.575  2764  2991 E WindowManager: Unknown window type: 1
06-02 17:41:30.575  2764  2991 E WindowManager: Unknown window type: 2000
06-02 17:41:30.575  2764  2991 E WindowManager: Unknown window type: 1
06-02 17:41:30.575  2764  2991 E WindowManager: Unknown window type: 2000
06-02 17:41:30.575  2764  2991 E WindowManager: Unknown window type: 1
06-02 17:41:30.575  2764  2991 E WindowManager: Unknown window type: 2000
06-02 17:41:30.575  2764  2991 E WindowManager: Unknown window type: 1
06-02 17:41:30.575  2764  2991 E WindowManager: Unknown window type: 2000
06-02 17:41:30.575  2764  3134 D SdpLogService.d: Save into File!
06-02 17:41:30.575  2764  3134 D SdpLogService.d: saveToFile() - FP : 4425, Version : 1
06-02 17:41:30.575  2764  3134 D SdpLogService.d: saveToFile() - QS : 1
06-02 17:41:30.585  2764  3134 D SdpLogService.d: saveToFile() - FP : 4577, FL : 4577
06-02 17:41:30.585  2764  3134 D SdpLogService.d: saveToFile() - Done Successfully!!!
06-02 17:41:30.585  2349  2349 D libEGL  : eglInitialize EGLDisplay = 0xffe5bedc
06-02 17:41:30.585  2764  2991 E WindowManager: Unknown window type: 2014
06-02 17:41:30.585  2764  2991 E WindowManager: Unknown window type: 2000
06-02 17:41:30.585  2764  2991 E WindowManager: Unknown window type: 2008
06-02 17:41:30.585  2764  2991 E WindowManager: Unknown window type: 2000
06-02 17:41:30.585  2764  2991 E WindowManager: Unknown window type: 2033
06-02 17:41:30.585  2764  2991 E WindowManager: Unknown window type: 2000
06-02 17:41:30.585  2764  2991 E WindowManager: Unknown window type: 2011
06-02 17:41:30.585  2764  2991 E WindowManager: Unknown window type: 2000
06-02 17:41:30.585  2764  2991 E WindowManager: Unknown window type: 3
06-02 17:41:30.585  2764  2991 E WindowManager: Unknown window type: 2000
06-02 17:41:30.585  2764  2991 E WindowManager: Unknown window type: 2
06-02 17:41:30.585  2764  2991 E WindowManager: Unknown window type: 2000
06-02 17:41:30.585  2764  2991 E WindowManager: Unknown window type: 2
06-02 17:41:30.585  2764  2991 E WindowManager: Unknown window type: 2000
06-02 17:41:30.585  2764  2991 E WindowManager: Unknown window type: 1
06-02 17:41:30.585  2764  2991 E WindowManager: Unknown window type: 2000
06-02 17:41:30.585  2764  2991 E WindowManager: Unknown window type: 1
06-02 17:41:30.585  2764  2991 E WindowManager: Unknown window type: 2000
06-02 17:41:30.585  2764  2991 E WindowManager: Unknown window type: 1
06-02 17:41:30.585  2764  2991 E WindowManager: Unknown window type: 2000
06-02 17:41:30.585  2764  2991 E WindowManager: Unknown window type: 1
06-02 17:41:30.585  2764  2991 E WindowManager: Unknown window type: 2000
06-02 17:41:30.585  2764  2991 E WindowManager: Unknown window type: 1
06-02 17:41:30.585  2764  2991 E WindowManager: Unknown window type: 2000
06-02 17:41:30.595 12601 12601 W cr_BindingManager: Cannot call determinedVisibility() - never saw a connection for the pid: 12601
06-02 17:41:30.605  2764  2991 E WindowManager: Unknown window type: 2014
06-02 17:41:30.605  2764  2991 E WindowManager: Unknown window type: 2000
06-02 17:41:30.605  2764  2991 E WindowManager: Unknown window type: 2008
06-02 17:41:30.605  2764  2991 E WindowManager: Unknown window type: 2000
06-02 17:41:30.605  2764  2991 E WindowManager: Unknown window type: 2033
06-02 17:41:30.605  2764  2991 E WindowManager: Unknown window type: 2000
06-02 17:41:30.605  2764  2991 E WindowManager: Unknown window type: 2011
06-02 17:41:30.605  2764  2991 E WindowManager: Unknown window type: 2000
06-02 17:41:30.605  2764  2991 E WindowManager: Unknown window type: 3
06-02 17:41:30.605  2764  2991 E WindowManager: Unknown window type: 2000
06-02 17:41:30.605  2764  2991 E WindowManager: Unknown window type: 2
06-02 17:41:30.605  2764  2991 E WindowManager: Unknown window type: 2000
06-02 17:41:30.605  2764  2991 E WindowManager: Unknown window type: 2
06-02 17:41:30.605  2764  2991 E WindowManager: Unknown window type: 2000
06-02 17:41:30.605  2764  2991 E WindowManager: Unknown window type: 1
06-02 17:41:30.605  2764  2991 E WindowManager: Unknown window type: 2000
06-02 17:41:30.605  2764  2991 E WindowManager: Unknown window type: 1
06-02 17:41:30.605  2764  2991 E WindowManager: Unknown window type: 2000
06-02 17:41:30.605  2764  2991 E WindowManager: Unknown window type: 1
06-02 17:41:30.605  2764  2991 E WindowManager: Unknown window type: 2000
06-02 17:41:30.605  2764  2991 E WindowManager: Unknown window type: 1
06-02 17:41:30.605  2764  2991 E WindowManager: Unknown window type: 2000
06-02 17:41:30.605  2764  2991 E WindowManager: Unknown window type: 1
06-02 17:41:30.605  2764  2991 E WindowManager: Unknown window type: 2000
06-02 17:41:30.625  2764  2991 E WindowManager: Unknown window type: 2014
06-02 17:41:30.625  2764  2991 E WindowManager: Unknown window type: 2000
06-02 17:41:30.625  2764  2991 E WindowManager: Unknown window type: 2008
06-02 17:41:30.625  2764  2991 E WindowManager: Unknown window type: 2000
06-02 17:41:30.625  2764  2991 E WindowManager: Unknown window type: 2033
06-02 17:41:30.625  2764  2991 E WindowManager: Unknown window type: 2000
06-02 17:41:30.625  2764  2991 E WindowManager: Unknown window type: 2011
06-02 17:41:30.625  2764  2991 E WindowManager: Unknown window type: 2000
06-02 17:41:30.625  2764  2991 E WindowManager: Unknown window type: 3
06-02 17:41:30.625  2764  2991 E WindowManager: Unknown window type: 2000
06-02 17:41:30.625  2764  2991 E WindowManager: Unknown window type: 2
06-02 17:41:30.625  2764  2991 E WindowManager: Unknown window type: 2000
06-02 17:41:30.625  2764  2991 E WindowManager: Unknown window type: 2
06-02 17:41:30.625  2764  2991 E WindowManager: Unknown window type: 2000
06-02 17:41:30.625  2764  2991 E WindowManager: Unknown window type: 1
06-02 17:41:30.625  2764  2991 E WindowManager: Unknown window type: 2000
06-02 17:41:30.625  2764  2991 E WindowManager: Unknown window type: 1
06-02 17:41:30.625  2764  2991 E WindowManager: Unknown window type: 2000
06-02 17:41:30.625  2764  2991 E WindowManager: Unknown window type: 1
06-02 17:41:30.625  2764  2991 E WindowManager: Unknown window type: 2000
06-02 17:41:30.625  2764  2991 E WindowManager: Unknown window type: 1
06-02 17:41:30.625  2764  2991 E WindowManager: Unknown window type: 2000
06-02 17:41:30.625  2764  2991 E WindowManager: Unknown window type: 1
06-02 17:41:30.625  2764  2991 E WindowManager: Unknown window type: 2000
06-02 17:41:30.635  2764  2991 E WindowManager: Unknown window type: 2014
06-02 17:41:30.635  2764  2991 E WindowManager: Unknown window type: 2000
06-02 17:41:30.635  2764  2991 E WindowManager: Unknown window type: 2008
06-02 17:41:30.635  2764  2991 E WindowManager: Unknown window type: 2000
06-02 17:41:30.635  2764  2991 E WindowManager: Unknown window type: 2033
06-02 17:41:30.635  2764  2991 E WindowManager: Unknown window type: 2000
06-02 17:41:30.635  2764  2991 E WindowManager: Unknown window type: 2011
06-02 17:41:30.635  2764  2991 E WindowManager: Unknown window type: 2000
06-02 17:41:30.635  2764  2991 E WindowManager: Unknown window type: 3
06-02 17:41:30.635  2764  2991 E WindowManager: Unknown window type: 2000
06-02 17:41:30.635  2764  2991 E WindowManager: Unknown window type: 2
06-02 17:41:30.635  2764  2991 E WindowManager: Unknown window type: 2000
06-02 17:41:30.635  2764  2991 E WindowManager: Unknown window type: 2
06-02 17:41:30.635  2764  2991 E WindowManager: Unknown window type: 2000
06-02 17:41:30.635  2764  2991 E WindowManager: Unknown window type: 1
06-02 17:41:30.635  2764  2991 E WindowManager: Unknown window type: 2000
06-02 17:41:30.635  2764  2991 E WindowManager: Unknown window type: 1
06-02 17:41:30.635  2764  2991 E WindowManager: Unknown window type: 2000
06-02 17:41:30.635  2764  2991 E WindowManager: Unknown window type: 1
06-02 17:41:30.635  2764  2991 E WindowManager: Unknown window type: 2000
06-02 17:41:30.635  2764  2991 E WindowManager: Unknown window type: 1
06-02 17:41:30.635  2764  2991 E WindowManager: Unknown window type: 2000
06-02 17:41:30.635  2764  2991 E WindowManager: Unknown window type: 1
06-02 17:41:30.635  2764  2991 E WindowManager: Unknown window type: 2000
06-02 17:41:30.655  2764  2991 E WindowManager: Unknown window type: 2014
06-02 17:41:30.655  2764  2991 E WindowManager: Unknown window type: 2000
06-02 17:41:30.655  2764  2991 E WindowManager: Unknown window type: 2008
06-02 17:41:30.655  2764  2991 E WindowManager: Unknown window type: 2000
06-02 17:41:30.655  2764  2991 E WindowManager: Unknown window type: 2033
06-02 17:41:30.655  2764  2991 E WindowManager: Unknown window type: 2000
06-02 17:41:30.655  2764  2991 E WindowManager: Unknown window type: 2011
06-02 17:41:30.655  2764  2991 E WindowManager: Unknown window type: 2000
06-02 17:41:30.655  2764  2991 E WindowManager: Unknown window type: 3
06-02 17:41:30.655  2764  2991 E WindowManager: Unknown window type: 2000
06-02 17:41:30.655  2764  2991 E WindowManager: Unknown window type: 2
06-02 17:41:30.655  2764  2991 E WindowManager: Unknown window type: 2000
06-02 17:41:30.655  2764  2991 E WindowManager: Unknown window type: 2
06-02 17:41:30.655  2764  2991 E WindowManager: Unknown window type: 2000
06-02 17:41:30.655  2764  2991 E WindowManager: Unknown window type: 1
06-02 17:41:30.655  2764  2991 E WindowManager: Unknown window type: 2000
06-02 17:41:30.655  2764  2991 E WindowManager: Unknown window type: 1
06-02 17:41:30.655  2764  2991 E WindowManager: Unknown window type: 2000
06-02 17:41:30.655  2764  2991 E WindowManager: Unknown window type: 1
06-02 17:41:30.655  2764  2991 E WindowManager: Unknown window type: 2000
06-02 17:41:30.655  2764  2991 E WindowManager: Unknown window type: 1
06-02 17:41:30.655  2764  2991 E WindowManager: Unknown window type: 2000
06-02 17:41:30.655  2764  2991 E WindowManager: Unknown window type: 1
06-02 17:41:30.655  2764  2991 E WindowManager: Unknown window type: 2000
06-02 17:41:30.655  2764  3189 D AutomaticBrightnessController: applyLightSensorMeasurementSEC : mIsLockZone = false
06-02 17:41:30.675  2764  2991 E WindowManager: Unknown window type: 2014
06-02 17:41:30.675  2764  2991 E WindowManager: Unknown window type: 2000
06-02 17:41:30.675  2764  2991 E WindowManager: Unknown window type: 2008
06-02 17:41:30.675  2764  2991 E WindowManager: Unknown window type: 2000
06-02 17:41:30.675  2764  2991 E WindowManager: Unknown window type: 2033
06-02 17:41:30.675  2764  2991 E WindowManager: Unknown window type: 2000
06-02 17:41:30.675  2764  2991 E WindowManager: Unknown window type: 2011
06-02 17:41:30.675  2764  2991 E WindowManager: Unknown window type: 2000
06-02 17:41:30.675  2764  2991 E WindowManager: Unknown window type: 3
06-02 17:41:30.675  2764  2991 E WindowManager: Unknown window type: 2000
06-02 17:41:30.675  2764  2991 E WindowManager: Unknown window type: 2
06-02 17:41:30.675  2764  2991 E WindowManager: Unknown window type: 2000
06-02 17:41:30.675  2764  2991 E WindowManager: Unknown window type: 2
06-02 17:41:30.675  2764  2991 E WindowManager: Unknown window type: 2000
06-02 17:41:30.675  2764  2991 E WindowManager: Unknown window type: 1
06-02 17:41:30.675  2764  2991 E WindowManager: Unknown window type: 2000
06-02 17:41:30.675  2764  2991 E WindowManager: Unknown window type: 1
06-02 17:41:30.675  2764  2991 E WindowManager: Unknown window type: 2000
06-02 17:41:30.675  2764  2991 E WindowManager: Unknown window type: 1
06-02 17:41:30.675  2764  2991 E WindowManager: Unknown window type: 2000
06-02 17:41:30.675  2764  2991 E WindowManager: Unknown window type: 1
06-02 17:41:30.675  2764  2991 E WindowManager: Unknown window type: 2000
06-02 17:41:30.675  2764  2991 E WindowManager: Unknown window type: 1
06-02 17:41:30.675  2764  2991 E WindowManager: Unknown window type: 2000
06-02 17:41:30.675 12601 12601 D JsMessageQueue: Set native->JS mode to EvalBridgeMode
06-02 17:41:30.685  2764  2991 E WindowManager: Unknown window type: 2014
06-02 17:41:30.685  2764  2991 E WindowManager: Unknown window type: 2000
06-02 17:41:30.685  2764  2991 E WindowManager: Unknown window type: 2008
06-02 17:41:30.685  2764  2991 E WindowManager: Unknown window type: 2000
06-02 17:41:30.685  2764  2991 E WindowManager: Unknown window type: 2033
06-02 17:41:30.685  2764  2991 E WindowManager: Unknown window type: 2000
06-02 17:41:30.685  2764  2991 E WindowManager: Unknown window type: 2011
06-02 17:41:30.685  2764  2991 E WindowManager: Unknown window type: 2000
06-02 17:41:30.685  2764  2991 E WindowManager: Unknown window type: 3
06-02 17:41:30.685  2764  2991 E WindowManager: Unknown window type: 2000
06-02 17:41:30.685  2764  2991 E WindowManager: Unknown window type: 2
06-02 17:41:30.685  2764  2991 E WindowManager: Unknown window type: 2000
06-02 17:41:30.685  2764  2991 E WindowManager: Unknown window type: 2
06-02 17:41:30.685  2764  2991 E WindowManager: Unknown window type: 2000
06-02 17:41:30.685  2764  2991 E WindowManager: Unknown window type: 1
06-02 17:41:30.685  2764  2991 E WindowManager: Unknown window type: 2000
06-02 17:41:30.685  2764  2991 E WindowManager: Unknown window type: 1
06-02 17:41:30.685  2764  2991 E WindowManager: Unknown window type: 2000
06-02 17:41:30.685  2764  2991 E WindowManager: Unknown window type: 1
06-02 17:41:30.685  2764  2991 E WindowManager: Unknown window type: 2000
06-02 17:41:30.685  2764  2991 E WindowManager: Unknown window type: 1
06-02 17:41:30.685  2764  2991 E WindowManager: Unknown window type: 2000
06-02 17:41:30.685  2764  2991 E WindowManager: Unknown window type: 1
06-02 17:41:30.685  2764  2991 E WindowManager: Unknown window type: 2000
06-02 17:41:30.705  2764  2991 E WindowManager: Unknown window type: 2014
06-02 17:41:30.705  2764  2991 E WindowManager: Unknown window type: 2000
06-02 17:41:30.705  2764  2991 E WindowManager: Unknown window type: 2008
06-02 17:41:30.705  2764  2991 E WindowManager: Unknown window type: 2000
06-02 17:41:30.705  2764  2991 E WindowManager: Unknown window type: 2033
06-02 17:41:30.705  2764  2991 E WindowManager: Unknown window type: 2000
06-02 17:41:30.705  2764  2991 E WindowManager: Unknown window type: 2011
06-02 17:41:30.705  2764  2991 E WindowManager: Unknown window type: 2000
06-02 17:41:30.705  2764  2991 E WindowManager: Unknown window type: 3
06-02 17:41:30.705  2764  2991 E WindowManager: Unknown window type: 2000
06-02 17:41:30.705  2764  2991 E WindowManager: Unknown window type: 2
06-02 17:41:30.705  2764  2991 E WindowManager: Unknown window type: 2000
06-02 17:41:30.705  2764  2991 E WindowManager: Unknown window type: 2
06-02 17:41:30.705  2764  2991 E WindowManager: Unknown window type: 2000
06-02 17:41:30.705  2764  2991 E WindowManager: Unknown window type: 1
06-02 17:41:30.705  2764  2991 E WindowManager: Unknown window type: 2000
06-02 17:41:30.705  2764  2991 E WindowManager: Unknown window type: 1
06-02 17:41:30.705  2764  2991 E WindowManager: Unknown window type: 2000
06-02 17:41:30.705  2764  2991 E WindowManager: Unknown window type: 1
06-02 17:41:30.705  2764  2991 E WindowManager: Unknown window type: 2000
06-02 17:41:30.705  2764  2991 E WindowManager: Unknown window type: 1
06-02 17:41:30.705  2764  2991 E WindowManager: Unknown window type: 2000
06-02 17:41:30.705  2764  2991 E WindowManager: Unknown window type: 1
06-02 17:41:30.705  2764  2991 E WindowManager: Unknown window type: 2000
06-02 17:41:30.725  2764  2991 E WindowManager: Unknown window type: 2014
06-02 17:41:30.725  2764  2991 E WindowManager: Unknown window type: 2000
06-02 17:41:30.725  2764  2991 E WindowManager: Unknown window type: 2008
06-02 17:41:30.725  2764  2991 E WindowManager: Unknown window type: 2000
06-02 17:41:30.725  2764  2991 E WindowManager: Unknown window type: 2033
06-02 17:41:30.725  2764  2991 E WindowManager: Unknown window type: 2000
06-02 17:41:30.725  2764  2991 E WindowManager: Unknown window type: 2011
06-02 17:41:30.725  2764  2991 E WindowManager: Unknown window type: 2000
06-02 17:41:30.725  2764  2991 E WindowManager: Unknown window type: 3
06-02 17:41:30.725  2764  2991 E WindowManager: Unknown window type: 2000
06-02 17:41:30.725  2764  2991 E WindowManager: Unknown window type: 2
06-02 17:41:30.725  2764  2991 E WindowManager: Unknown window type: 2000
06-02 17:41:30.725  2764  2991 E WindowManager: Unknown window type: 2
06-02 17:41:30.725  2764  2991 E WindowManager: Unknown window type: 2000
06-02 17:41:30.725  2764  2991 E WindowManager: Unknown window type: 1
06-02 17:41:30.725  2764  2991 E WindowManager: Unknown window type: 2000
06-02 17:41:30.725  2764  2991 E WindowManager: Unknown window type: 1
06-02 17:41:30.725  2764  2991 E WindowManager: Unknown window type: 2000
06-02 17:41:30.725  2764  2991 E WindowManager: Unknown window type: 1
06-02 17:41:30.725  2764  2991 E WindowManager: Unknown window type: 2000
06-02 17:41:30.725  2764  2991 E WindowManager: Unknown window type: 1
06-02 17:41:30.725  2764  2991 E WindowManager: Unknown window type: 2000
06-02 17:41:30.725  2764  2991 E WindowManager: Unknown window type: 1
06-02 17:41:30.725  2764  2991 E WindowManager: Unknown window type: 2000
06-02 17:41:30.735  2764  2991 E WindowManager: Unknown window type: 2014
06-02 17:41:30.735  2764  2991 E WindowManager: Unknown window type: 2000
06-02 17:41:30.735  2764  2991 E WindowManager: Unknown window type: 2008
06-02 17:41:30.735  2764  2991 E WindowManager: Unknown window type: 2000
06-02 17:41:30.735  2764  2991 E WindowManager: Unknown window type: 2033
06-02 17:41:30.735  2764  2991 E WindowManager: Unknown window type: 2000
06-02 17:41:30.735  2764  2991 E WindowManager: Unknown window type: 2011
06-02 17:41:30.735  2764  2991 E WindowManager: Unknown window type: 2000
06-02 17:41:30.735  2764  2991 E WindowManager: Unknown window type: 3
06-02 17:41:30.735  2764  2991 E WindowManager: Unknown window type: 2000
06-02 17:41:30.745  2764  2991 E WindowManager: Unknown window type: 2
06-02 17:41:30.745  2764  2991 E WindowManager: Unknown window type: 2000
06-02 17:41:30.745  2764  2991 E WindowManager: Unknown window type: 2
06-02 17:41:30.745  2764  2991 E WindowManager: Unknown window type: 2000
06-02 17:41:30.745  2764  2991 E WindowManager: Unknown window type: 1
06-02 17:41:30.745  2764  2991 E WindowManager: Unknown window type: 2000
06-02 17:41:30.745  2764  2991 E WindowManager: Unknown window type: 1
06-02 17:41:30.745  2764  2991 E WindowManager: Unknown window type: 2000
06-02 17:41:30.745  2764  2991 E WindowManager: Unknown window type: 1
06-02 17:41:30.745  2764  2991 E WindowManager: Unknown window type: 2000
06-02 17:41:30.745  2764  2991 E WindowManager: Unknown window type: 1
06-02 17:41:30.745  2764  2991 E WindowManager: Unknown window type: 2000
06-02 17:41:30.745  2764  2991 E WindowManager: Unknown window type: 1
06-02 17:41:30.745  2764  2991 E WindowManager: Unknown window type: 2000
06-02 17:41:30.755  2764  2991 E WindowManager: Unknown window type: 2014
06-02 17:41:30.755  2764  2991 E WindowManager: Unknown window type: 2000
06-02 17:41:30.755  2764  2991 E WindowManager: Unknown window type: 2008
06-02 17:41:30.755  2764  2991 E WindowManager: Unknown window type: 2000
06-02 17:41:30.755  2764  2991 E WindowManager: Unknown window type: 2033
06-02 17:41:30.755  2764  2991 E WindowManager: Unknown window type: 2000
06-02 17:41:30.755  2764  2991 E WindowManager: Unknown window type: 2011
06-02 17:41:30.755  2764  2991 E WindowManager: Unknown window type: 2000
06-02 17:41:30.755  2764  2991 E WindowManager: Unknown window type: 3
06-02 17:41:30.755  2764  2991 E WindowManager: Unknown window type: 2000
06-02 17:41:30.755  2764  2991 E WindowManager: Unknown window type: 2
06-02 17:41:30.755  2764  2991 E WindowManager: Unknown window type: 2000
06-02 17:41:30.755  2764  2991 E WindowManager: Unknown window type: 2
06-02 17:41:30.755  2764  2991 E WindowManager: Unknown window type: 2000
06-02 17:41:30.755  2764  2991 E WindowManager: Unknown window type: 1
06-02 17:41:30.755  2764  2991 E WindowManager: Unknown window type: 2000
06-02 17:41:30.755  2764  2991 E WindowManager: Unknown window type: 1
06-02 17:41:30.755  2764  2991 E WindowManager: Unknown window type: 2000
06-02 17:41:30.755  2764  2991 E WindowManager: Unknown window type: 1
06-02 17:41:30.755  2764  2991 E WindowManager: Unknown window type: 2000
06-02 17:41:30.755  2764  2991 E WindowManager: Unknown window type: 1
06-02 17:41:30.755  2764  2991 E WindowManager: Unknown window type: 2000
06-02 17:41:30.755  2764  2991 E WindowManager: Unknown window type: 1
06-02 17:41:30.755  2764  2991 E WindowManager: Unknown window type: 2000
06-02 17:41:30.755  2349  2415 I SurfaceFlinger: id=313 Removed vserapp2336 (7/10)
06-02 17:41:30.755  2349  2417 I SurfaceFlinger: id=313 Removed vserapp2336 (-2/10)
06-02 17:41:30.775  2764  2991 E WindowManager: Unknown window type: 2014
06-02 17:41:30.775  2764  2991 E WindowManager: Unknown window type: 2000
06-02 17:41:30.775  2349  2349 D libEGL  : eglTerminate EGLDisplay = 0xffe5bf54
06-02 17:41:30.775  2764  2991 E WindowManager: Unknown window type: 2008
06-02 17:41:30.775  2764  2991 E WindowManager: Unknown window type: 2000
06-02 17:41:30.775  2764  2991 E WindowManager: Unknown window type: 2033
06-02 17:41:30.775  2764  2991 E WindowManager: Unknown window type: 2000
06-02 17:41:30.775  2764  2991 E WindowManager: Unknown window type: 2011
06-02 17:41:30.775  2764  2991 E WindowManager: Unknown window type: 2000
06-02 17:41:30.775  2764  2991 E WindowManager: Unknown window type: 2
06-02 17:41:30.775  2764  2991 E WindowManager: Unknown window type: 2000
06-02 17:41:30.775  2764  2991 E WindowManager: Unknown window type: 2
06-02 17:41:30.775  2764  2991 E WindowManager: Unknown window type: 2000
06-02 17:41:30.775  2764  2991 E WindowManager: Unknown window type: 1
06-02 17:41:30.775  2764  2991 E WindowManager: Unknown window type: 2000
06-02 17:41:30.775  2764  2991 E WindowManager: Unknown window type: 1
06-02 17:41:30.775  2764  2991 E WindowManager: Unknown window type: 2000
06-02 17:41:30.775  2764  2991 E WindowManager: Unknown window type: 1
06-02 17:41:30.775  2764  2991 E WindowManager: Unknown window type: 2000
06-02 17:41:30.775  2764  2991 E WindowManager: Unknown window type: 1
06-02 17:41:30.775  2764  2991 E WindowManager: Unknown window type: 2000
06-02 17:41:30.775  2764  2991 E WindowManager: Unknown window type: 1
06-02 17:41:30.775  2764  2991 E WindowManager: Unknown window type: 2000
06-02 17:41:30.945  2764  2764 D EnterpriseDeviceManagerService: isManagedProfileUser(): userId = 0
06-02 17:41:30.945  2764  2764 E PhoneRestrictionPolicy: getEmergencyCall >>false
06-02 17:41:30.945  3323  3323 D Recents : onTaskStackChanged
06-02 17:41:30.945  2764  2764 I Telecom : MdmExtension: phoneRestrictionPolicy: android.app.enterprise.PhoneRestrictionPolicy@874d3c5
06-02 17:41:30.945  2764  2764 I Telecom : MdmExtension: isEmergencyCallOnly : false
06-02 17:41:31.145  2369  2802 I audio_hw_primary: do_out_standby +
06-02 17:41:31.145  2369  2802 D audio_hw_primary: output_devices devices:0
06-02 17:41:31.145  2369  2802 D audio_hw_primary: output_devices devices:0
06-02 17:41:31.145  2369  2802 V audio_hw_primary: select_devices output_scenario:-1 input_scenario:-1 out_snd_device 0x0 in_snd_device:0x0
06-02 17:41:31.145  2369  2802 I audio_route: 
06-02 17:41:31.145  2369  2802 I audio_route: > audio_route_reset :
06-02 17:41:31.145  2369  2802 I audio_route: 
06-02 17:41:31.145  2369  2802 I audio_route: > audio_route_update_mixer : +
06-02 17:41:31.145  2369  2802 I audio_route: > audio_route_update_mixer : changed(4) -
06-02 17:41:31.145  2369  2802 I audio_hw_primary: select_devices - 
06-02 17:41:31.145  2369  2802 I audio_hw_primary: do_out_standby -
06-02 17:41:31.165  2764  2764 D CustomFrequencyManagerService: releaseDVFSLockLocked : Getting Lock type frm List : DVFS_MIN_LIMIT  frequency : 1500000  uid : 1000  pid : 2764  tag : ACTIVITY_RESUME_BOOSTER@9
06-02 17:41:31.165  2764  2764 D CustomFrequencyManagerService: FrequencyrequestList.getNextCStateDisableRequest, index: 1
06-02 17:41:31.365  2349  2349 D libEGL  : eglInitialize EGLDisplay = 0xffe5bedc
06-02 17:41:31.395  2349  2349 D libEGL  : eglInitialize EGLDisplay = 0xffe5bedc
06-02 17:41:31.885  2764  3488 D CustomFrequencyManagerService: releaseDVFSLockLocked : Getting Lock type frm List : DVFS_MIN_LIMIT  frequency : 1600000  uid : 1000  pid : 2764  tag : LAUNCHER_APP_BOOSTER_CPU@7
06-02 17:41:32.915  2764  3193 W System.err: remove failed: ENOENT (No such file or directory) : /data/system/recent_tasks/37_task.xml.bak
06-02 17:41:33.165  2349  2349 D libEGL  : eglInitialize EGLDisplay = 0xffe5bedc
06-02 17:41:33.185  2349  3588 D libEGL  : eglTerminate EGLDisplay = 0xf3c3f624
06-02 17:41:33.185  2349  3588 D libEGL  : eglTerminate EGLDisplay = 0xf3c3f624
06-02 17:41:33.185 12601 12601 D ViewRootImpl: #3 mView = null
06-02 17:41:33.185  2764  4461 D InputDispatcher: Focus left window: 12601
06-02 17:41:33.185  2764  4461 D InputDispatcher: Focus entered window: 12601
06-02 17:41:33.195  2764  2991 D PointerIcon: setMouseIconStyle1 pointerType: 1001 iconType:101 flag:0 pid:2764 uid:1000
06-02 17:41:33.195  2764  2991 D PointerIcon: setMouseCustomIcon IconType is same.101
06-02 17:41:33.195  2764  2991 E WindowManager: Unknown window type: 2014
06-02 17:41:33.195  2764  2991 E WindowManager: Unknown window type: 2000
06-02 17:41:33.195  2764  2991 E WindowManager: Unknown window type: 2008
06-02 17:41:33.195  2764  2991 E WindowManager: Unknown window type: 2000
06-02 17:41:33.195  2764  2991 E WindowManager: Unknown window type: 2033
06-02 17:41:33.195  2764  2991 E WindowManager: Unknown window type: 2000
06-02 17:41:33.195  2764  2991 E WindowManager: Unknown window type: 2011
06-02 17:41:33.195  2764  2991 E WindowManager: Unknown window type: 2000
06-02 17:41:33.195  2764  2991 E WindowManager: Unknown window type: 2
06-02 17:41:33.195  2764  2991 E WindowManager: Unknown window type: 2000
06-02 17:41:33.195  2764  2991 E WindowManager: Unknown window type: 2
06-02 17:41:33.195  2764  2991 E WindowManager: Unknown window type: 2000
06-02 17:41:33.195  2764  2991 E WindowManager: Unknown window type: 1
06-02 17:41:33.195  2764  2991 E WindowManager: Unknown window type: 2000
06-02 17:41:33.195  2764  2991 E WindowManager: Unknown window type: 1
06-02 17:41:33.195  2764  2991 E WindowManager: Unknown window type: 2000
06-02 17:41:33.195  2764  2991 E WindowManager: Unknown window type: 1
06-02 17:41:33.195  2764  2991 E WindowManager: Unknown window type: 2000
06-02 17:41:33.195  2764  2991 E WindowManager: Unknown window type: 1
06-02 17:41:33.195  2764  2991 E WindowManager: Unknown window type: 2000
06-02 17:41:33.195  2764  2991 E WindowManager: Unknown window type: 1
06-02 17:41:33.195  2764  2991 E WindowManager: Unknown window type: 2000
06-02 17:41:33.205  2764  4432 D InputMethodManagerService: windowGainedFocus mCurrentFocusedUserId - 0 and mSecureKeypadEnabled-false
06-02 17:41:33.205 12601 12601 E ViewRootImpl: sendUserActionEvent() mView == null
06-02 17:41:33.205  2764  4432 W InputMethodManagerService: Window already focused, ignoring focus gain of: com.android.internal.view.IInputMethodClient$Stub$Proxy@2f574e6 attribute=null, token = android.os.BinderProxy@f307e99
06-02 17:41:33.205  2764  4432 D InputMethodManagerService: [HARDWARE_KEYBOARD] (refreshImeWindowVis) mImeWindowVis= 0 inputVisible = falsehaveHardKeyboard = false hardKeyShown = false
06-02 17:41:33.215  2764  2991 E WindowManager: Unknown window type: 2014
06-02 17:41:33.215  2764  2991 E WindowManager: Unknown window type: 2000
06-02 17:41:33.215  2764  2991 E WindowManager: Unknown window type: 2008
06-02 17:41:33.215  2764  2991 E WindowManager: Unknown window type: 2000
06-02 17:41:33.215  2764  2991 E WindowManager: Unknown window type: 2033
06-02 17:41:33.215  2764  2991 E WindowManager: Unknown window type: 2000
