06-02 17:41:33.215  2764  2991 E WindowManager: Unknown window type: 2011
06-02 17:41:33.215  2764  2991 E WindowManager: Unknown window type: 2000
06-02 17:41:33.215  2764  2991 E WindowManager: Unknown window type: 2
06-02 17:41:33.215  2764  2991 E WindowManager: Unknown window type: 2000
06-02 17:41:33.215  2764  2991 E WindowManager: Unknown window type: 2
06-02 17:41:33.215  2764  2991 E WindowManager: Unknown window type: 2000
06-02 17:41:33.215  2764  2991 E WindowManager: Unknown window type: 1
06-02 17:41:33.215  2764  2991 E WindowManager: Unknown window type: 2000
06-02 17:41:33.215  2764  2991 E WindowManager: Unknown window type: 1
06-02 17:41:33.215  2764  2991 E WindowManager: Unknown window type: 2000
06-02 17:41:33.215  2764  2991 E WindowManager: Unknown window type: 1
06-02 17:41:33.215  2764  2991 E WindowManager: Unknown window type: 2000
06-02 17:41:33.215  2764  2991 E WindowManager: Unknown window type: 1
06-02 17:41:33.215  2764  2991 E WindowManager: Unknown window type: 2000
06-02 17:41:33.215  2764  2991 E WindowManager: Unknown window type: 1
06-02 17:41:33.215  2764  2991 E WindowManager: Unknown window type: 2000
06-02 17:41:33.225  2764  2991 E WindowManager: Unknown window type: 2014
06-02 17:41:33.225  2764  2991 E WindowManager: Unknown window type: 2000
06-02 17:41:33.225  2764  2991 E WindowManager: Unknown window type: 2008
06-02 17:41:33.225  2764  2991 E WindowManager: Unknown window type: 2000
06-02 17:41:33.225  2764  2991 E WindowManager: Unknown window type: 2033
06-02 17:41:33.225  2764  2991 E WindowManager: Unknown window type: 2000
06-02 17:41:33.225  2764  2991 E WindowManager: Unknown window type: 2011
06-02 17:41:33.225  2764  2991 E WindowManager: Unknown window type: 2000
06-02 17:41:33.225  2764  2991 E WindowManager: Unknown window type: 2
06-02 17:41:33.225  2764  2991 E WindowManager: Unknown window type: 2000
06-02 17:41:33.225  2764  2991 E WindowManager: Unknown window type: 2
06-02 17:41:33.225  2764  2991 E WindowManager: Unknown window type: 2000
06-02 17:41:33.225  2764  2991 E WindowManager: Unknown window type: 1
06-02 17:41:33.225  2764  2991 E WindowManager: Unknown window type: 2000
06-02 17:41:33.225  2764  2991 E WindowManager: Unknown window type: 1
06-02 17:41:33.225  2764  2991 E WindowManager: Unknown window type: 2000
06-02 17:41:33.225  2764  2991 E WindowManager: Unknown window type: 1
06-02 17:41:33.225  2764  2991 E WindowManager: Unknown window type: 2000
06-02 17:41:33.225  2764  2991 E WindowManager: Unknown window type: 1
06-02 17:41:33.225  2764  2991 E WindowManager: Unknown window type: 2000
06-02 17:41:33.225  2764  2991 E WindowManager: Unknown window type: 1
06-02 17:41:33.225  2764  2991 E WindowManager: Unknown window type: 2000
06-02 17:41:33.225  2349  2349 D libEGL  : eglInitialize EGLDisplay = 0xffe5bedc
06-02 17:41:33.245  2764  2991 E WindowManager: Unknown window type: 2014
06-02 17:41:33.245  2764  2991 E WindowManager: Unknown window type: 2000
06-02 17:41:33.245  2764  2991 E WindowManager: Unknown window type: 2008
06-02 17:41:33.245  2764  2991 E WindowManager: Unknown window type: 2000
06-02 17:41:33.245  2764  2991 E WindowManager: Unknown window type: 2033
06-02 17:41:33.245  2764  2991 E WindowManager: Unknown window type: 2000
06-02 17:41:33.245  2764  2991 E WindowManager: Unknown window type: 2011
06-02 17:41:33.245  2764  2991 E WindowManager: Unknown window type: 2000
06-02 17:41:33.245  2764  2991 E WindowManager: Unknown window type: 2
06-02 17:41:33.245  2764  2991 E WindowManager: Unknown window type: 2000
06-02 17:41:33.245  2764  2991 E WindowManager: Unknown window type: 2
06-02 17:41:33.245  2764  2991 E WindowManager: Unknown window type: 2000
06-02 17:41:33.245  2764  2991 E WindowManager: Unknown window type: 1
06-02 17:41:33.245  2764  2991 E WindowManager: Unknown window type: 2000
06-02 17:41:33.245  2764  2991 E WindowManager: Unknown window type: 1
06-02 17:41:33.245  2764  2991 E WindowManager: Unknown window type: 2000
06-02 17:41:33.245  2764  2991 E WindowManager: Unknown window type: 1
06-02 17:41:33.245  2764  2991 E WindowManager: Unknown window type: 2000
06-02 17:41:33.245  2764  2991 E WindowManager: Unknown window type: 1
06-02 17:41:33.245  2764  2991 E WindowManager: Unknown window type: 2000
06-02 17:41:33.245  2764  2991 E WindowManager: Unknown window type: 1
06-02 17:41:33.245  2764  2991 E WindowManager: Unknown window type: 2000
06-02 17:41:33.265  2764  2991 E WindowManager: Unknown window type: 2014
06-02 17:41:33.265  2764  2991 E WindowManager: Unknown window type: 2000
06-02 17:41:33.265  2764  2991 E WindowManager: Unknown window type: 2008
06-02 17:41:33.265  2764  2991 E WindowManager: Unknown window type: 2000
06-02 17:41:33.265  2764  2991 E WindowManager: Unknown window type: 2033
06-02 17:41:33.265  2764  2991 E WindowManager: Unknown window type: 2000
06-02 17:41:33.265  2764  2991 E WindowManager: Unknown window type: 2011
06-02 17:41:33.265  2764  2991 E WindowManager: Unknown window type: 2000
06-02 17:41:33.265  2764  2991 E WindowManager: Unknown window type: 2
06-02 17:41:33.265  2764  2991 E WindowManager: Unknown window type: 2000
06-02 17:41:33.265  2764  2991 E WindowManager: Unknown window type: 2
06-02 17:41:33.265  2764  2991 E WindowManager: Unknown window type: 2000
06-02 17:41:33.265  2764  2991 E WindowManager: Unknown window type: 1
06-02 17:41:33.265  2764  2991 E WindowManager: Unknown window type: 2000
06-02 17:41:33.265  2764  2991 E WindowManager: Unknown window type: 1
06-02 17:41:33.265  2764  2991 E WindowManager: Unknown window type: 2000
06-02 17:41:33.265  2764  2991 E WindowManager: Unknown window type: 1
06-02 17:41:33.265  2764  2991 E WindowManager: Unknown window type: 2000
06-02 17:41:33.265  2764  2991 E WindowManager: Unknown window type: 1
06-02 17:41:33.265  2764  2991 E WindowManager: Unknown window type: 2000
06-02 17:41:33.265  2764  2991 E WindowManager: Unknown window type: 1
06-02 17:41:33.265  2764  2991 E WindowManager: Unknown window type: 2000
06-02 17:41:33.275  2764  2991 E WindowManager: Unknown window type: 2014
06-02 17:41:33.275  2764  2991 E WindowManager: Unknown window type: 2000
06-02 17:41:33.275  2764  2991 E WindowManager: Unknown window type: 2008
06-02 17:41:33.275  2764  2991 E WindowManager: Unknown window type: 2000
06-02 17:41:33.275  2764  2991 E WindowManager: Unknown window type: 2033
06-02 17:41:33.275  2764  2991 E WindowManager: Unknown window type: 2000
06-02 17:41:33.275  2764  2991 E WindowManager: Unknown window type: 2011
06-02 17:41:33.275  2764  2991 E WindowManager: Unknown window type: 2000
06-02 17:41:33.275  2764  2991 E WindowManager: Unknown window type: 2
06-02 17:41:33.275  2764  2991 E WindowManager: Unknown window type: 2000
06-02 17:41:33.275  2764  2991 E WindowManager: Unknown window type: 2
06-02 17:41:33.275  2764  2991 E WindowManager: Unknown window type: 2000
06-02 17:41:33.275  2764  2991 E WindowManager: Unknown window type: 1
06-02 17:41:33.275  2764  2991 E WindowManager: Unknown window type: 2000
06-02 17:41:33.275  2764  2991 E WindowManager: Unknown window type: 1
06-02 17:41:33.275  2764  2991 E WindowManager: Unknown window type: 2000
06-02 17:41:33.275  2764  2991 E WindowManager: Unknown window type: 1
06-02 17:41:33.275  2764  2991 E WindowManager: Unknown window type: 2000
06-02 17:41:33.275  2764  2991 E WindowManager: Unknown window type: 1
06-02 17:41:33.275  2764  2991 E WindowManager: Unknown window type: 2000
06-02 17:41:33.275  2764  2991 E WindowManager: Unknown window type: 1
06-02 17:41:33.275  2764  2991 E WindowManager: Unknown window type: 2000
06-02 17:41:33.295  2764  2991 E WindowManager: Unknown window type: 2014
06-02 17:41:33.295  2764  2991 E WindowManager: Unknown window type: 2000
06-02 17:41:33.295  2764  2991 E WindowManager: Unknown window type: 2008
06-02 17:41:33.295  2764  2991 E WindowManager: Unknown window type: 2000
06-02 17:41:33.295  2764  2991 E WindowManager: Unknown window type: 2033
06-02 17:41:33.295  2764  2991 E WindowManager: Unknown window type: 2000
06-02 17:41:33.295  2764  2991 E WindowManager: Unknown window type: 2011
06-02 17:41:33.295  2764  2991 E WindowManager: Unknown window type: 2000
06-02 17:41:33.295  2764  2991 E WindowManager: Unknown window type: 2
06-02 17:41:33.295  2764  2991 E WindowManager: Unknown window type: 2000
06-02 17:41:33.295  2764  2991 E WindowManager: Unknown window type: 2
06-02 17:41:33.295  2764  2991 E WindowManager: Unknown window type: 2000
06-02 17:41:33.295  2764  2991 E WindowManager: Unknown window type: 1
06-02 17:41:33.295  2764  2991 E WindowManager: Unknown window type: 2000
06-02 17:41:33.295  2764  2991 E WindowManager: Unknown window type: 1
06-02 17:41:33.295  2764  2991 E WindowManager: Unknown window type: 2000
06-02 17:41:33.295  2764  2991 E WindowManager: Unknown window type: 1
06-02 17:41:33.295  2764  2991 E WindowManager: Unknown window type: 2000
06-02 17:41:33.295  2764  2991 E WindowManager: Unknown window type: 1
06-02 17:41:33.295  2764  2991 E WindowManager: Unknown window type: 2000
06-02 17:41:33.295  2764  2991 E WindowManager: Unknown window type: 1
06-02 17:41:33.295  2764  2991 E WindowManager: Unknown window type: 2000
06-02 17:41:33.315  2764  2991 E WindowManager: Unknown window type: 2014
06-02 17:41:33.315  2764  2991 E WindowManager: Unknown window type: 2000
06-02 17:41:33.315  2764  2991 E WindowManager: Unknown window type: 2008
06-02 17:41:33.315  2764  2991 E WindowManager: Unknown window type: 2000
06-02 17:41:33.315  2764  2991 E WindowManager: Unknown window type: 2033
06-02 17:41:33.315  2764  2991 E WindowManager: Unknown window type: 2000
06-02 17:41:33.315  2764  2991 E WindowManager: Unknown window type: 2011
06-02 17:41:33.315  2764  2991 E WindowManager: Unknown window type: 2000
06-02 17:41:33.315  2764  2991 E WindowManager: Unknown window type: 2
06-02 17:41:33.315  2764  2991 E WindowManager: Unknown window type: 2000
06-02 17:41:33.315  2764  2991 E WindowManager: Unknown window type: 2
06-02 17:41:33.315  2764  2991 E WindowManager: Unknown window type: 2000
06-02 17:41:33.315  2764  2991 E WindowManager: Unknown window type: 1
06-02 17:41:33.315  2764  2991 E WindowManager: Unknown window type: 2000
06-02 17:41:33.315  2764  2991 E WindowManager: Unknown window type: 1
06-02 17:41:33.315  2764  2991 E WindowManager: Unknown window type: 2000
06-02 17:41:33.315  2764  2991 E WindowManager: Unknown window type: 1
06-02 17:41:33.315  2764  2991 E WindowManager: Unknown window type: 2000
06-02 17:41:33.315  2764  2991 E WindowManager: Unknown window type: 1
06-02 17:41:33.315  2764  2991 E WindowManager: Unknown window type: 2000
06-02 17:41:33.315  2764  2991 E WindowManager: Unknown window type: 1
06-02 17:41:33.315  2764  2991 E WindowManager: Unknown window type: 2000
06-02 17:41:33.325  2764  2991 E WindowManager: Unknown window type: 2014
06-02 17:41:33.325  2764  2991 E WindowManager: Unknown window type: 2000
06-02 17:41:33.325  2764  2991 E WindowManager: Unknown window type: 2008
06-02 17:41:33.325  2764  2991 E WindowManager: Unknown window type: 2000
06-02 17:41:33.325  2764  2991 E WindowManager: Unknown window type: 2033
06-02 17:41:33.325  2764  2991 E WindowManager: Unknown window type: 2000
06-02 17:41:33.325  2764  2991 E WindowManager: Unknown window type: 2011
06-02 17:41:33.325  2764  2991 E WindowManager: Unknown window type: 2000
06-02 17:41:33.325  2764  2991 E WindowManager: Unknown window type: 2
06-02 17:41:33.325  2764  2991 E WindowManager: Unknown window type: 2000
06-02 17:41:33.325  2764  2991 E WindowManager: Unknown window type: 2
06-02 17:41:33.325  2764  2991 E WindowManager: Unknown window type: 2000
06-02 17:41:33.325  2764  2991 E WindowManager: Unknown window type: 1
06-02 17:41:33.325  2764  2991 E WindowManager: Unknown window type: 2000
06-02 17:41:33.325  2764  2991 E WindowManager: Unknown window type: 1
06-02 17:41:33.325  2764  2991 E WindowManager: Unknown window type: 2000
06-02 17:41:33.335  2764  2991 E WindowManager: Unknown window type: 1
06-02 17:41:33.335  2764  2991 E WindowManager: Unknown window type: 2000
06-02 17:41:33.335  2764  2991 E WindowManager: Unknown window type: 1
06-02 17:41:33.335  2764  2991 E WindowManager: Unknown window type: 2000
06-02 17:41:33.335  2764  2991 E WindowManager: Unknown window type: 1
06-02 17:41:33.335  2764  2991 E WindowManager: Unknown window type: 2000
06-02 17:41:33.345  2764  2991 E WindowManager: Unknown window type: 2014
06-02 17:41:33.345  2764  2991 E WindowManager: Unknown window type: 2000
06-02 17:41:33.345  2764  2991 E WindowManager: Unknown window type: 2008
06-02 17:41:33.345  2764  2991 E WindowManager: Unknown window type: 2000
06-02 17:41:33.345  2764  2991 E WindowManager: Unknown window type: 2033
06-02 17:41:33.345  2764  2991 E WindowManager: Unknown window type: 2000
06-02 17:41:33.345  2764  2991 E WindowManager: Unknown window type: 2011
06-02 17:41:33.345  2764  2991 E WindowManager: Unknown window type: 2000
06-02 17:41:33.345  2764  2991 E WindowManager: Unknown window type: 2
06-02 17:41:33.345  2764  2991 E WindowManager: Unknown window type: 2000
06-02 17:41:33.345  2764  2991 E WindowManager: Unknown window type: 2
06-02 17:41:33.345  2764  2991 E WindowManager: Unknown window type: 2000
06-02 17:41:33.345  2764  2991 E WindowManager: Unknown window type: 1
06-02 17:41:33.345  2764  2991 E WindowManager: Unknown window type: 2000
06-02 17:41:33.345  2764  2991 E WindowManager: Unknown window type: 1
06-02 17:41:33.345  2764  2991 E WindowManager: Unknown window type: 2000
06-02 17:41:33.345  2764  2991 E WindowManager: Unknown window type: 1
06-02 17:41:33.345  2764  2991 E WindowManager: Unknown window type: 2000
06-02 17:41:33.345  2764  2991 E WindowManager: Unknown window type: 1
06-02 17:41:33.345  2764  2991 E WindowManager: Unknown window type: 2000
06-02 17:41:33.345  2764  2991 E WindowManager: Unknown window type: 1
06-02 17:41:33.345  2764  2991 E WindowManager: Unknown window type: 2000
06-02 17:41:33.365  2764  2991 E WindowManager: Unknown window type: 2014
06-02 17:41:33.365  2764  2991 E WindowManager: Unknown window type: 2000
06-02 17:41:33.365  2764  2991 E WindowManager: Unknown window type: 2008
06-02 17:41:33.365  2764  2991 E WindowManager: Unknown window type: 2000
06-02 17:41:33.365  2764  2991 E WindowManager: Unknown window type: 2033
06-02 17:41:33.365  2764  2991 E WindowManager: Unknown window type: 2000
06-02 17:41:33.365  2764  2991 E WindowManager: Unknown window type: 2011
06-02 17:41:33.365  2764  2991 E WindowManager: Unknown window type: 2000
06-02 17:41:33.365  2764  2991 E WindowManager: Unknown window type: 2
06-02 17:41:33.365  2764  2991 E WindowManager: Unknown window type: 2000
06-02 17:41:33.365  2764  2991 E WindowManager: Unknown window type: 2
06-02 17:41:33.365  2764  2991 E WindowManager: Unknown window type: 2000
06-02 17:41:33.365  2764  2991 E WindowManager: Unknown window type: 1
06-02 17:41:33.365  2764  2991 E WindowManager: Unknown window type: 2000
06-02 17:41:33.365  2764  2991 E WindowManager: Unknown window type: 1
06-02 17:41:33.365  2764  2991 E WindowManager: Unknown window type: 2000
06-02 17:41:33.365  2764  2991 E WindowManager: Unknown window type: 1
06-02 17:41:33.365  2764  2991 E WindowManager: Unknown window type: 2000
06-02 17:41:33.365  2764  2991 E WindowManager: Unknown window type: 1
06-02 17:41:33.365  2764  2991 E WindowManager: Unknown window type: 2000
06-02 17:41:33.365  2764  2991 E WindowManager: Unknown window type: 1
06-02 17:41:33.365  2764  2991 E WindowManager: Unknown window type: 2000
06-02 17:41:33.365  2349  2417 I SurfaceFlinger: id=315 Removed NainActivit (6/9)
06-02 17:41:33.385  2349  2349 D libEGL  : eglTerminate EGLDisplay = 0xffe5bf54
06-02 17:41:33.385  2764  2991 E WindowManager: Unknown window type: 2014
06-02 17:41:33.385  2764  2991 E WindowManager: Unknown window type: 2000
06-02 17:41:33.385  2764  2991 E WindowManager: Unknown window type: 2008
06-02 17:41:33.385  2764  2991 E WindowManager: Unknown window type: 2000
06-02 17:41:33.385  2764  2991 E WindowManager: Unknown window type: 2033
06-02 17:41:33.385  2764  2991 E WindowManager: Unknown window type: 2000
06-02 17:41:33.385  2764  2991 E WindowManager: Unknown window type: 2011
06-02 17:41:33.385  2764  2991 E WindowManager: Unknown window type: 2000
06-02 17:41:33.385  2764  2991 E WindowManager: Unknown window type: 2
06-02 17:41:33.385  2764  2991 E WindowManager: Unknown window type: 2000
06-02 17:41:33.385  2764  2991 E WindowManager: Unknown window type: 1
06-02 17:41:33.385  2764  2991 E WindowManager: Unknown window type: 2000
06-02 17:41:33.385  2764  2991 E WindowManager: Unknown window type: 1
06-02 17:41:33.385  2764  2991 E WindowManager: Unknown window type: 2000
06-02 17:41:33.385  2764  2991 E WindowManager: Unknown window type: 1
06-02 17:41:33.385  2764  2991 E WindowManager: Unknown window type: 2000
06-02 17:41:33.385  2764  2991 E WindowManager: Unknown window type: 1
06-02 17:41:33.385  2764  2991 E WindowManager: Unknown window type: 2000
06-02 17:41:33.385  2764  2991 E WindowManager: Unknown window type: 1
06-02 17:41:33.385  2764  2991 E WindowManager: Unknown window type: 2000
06-02 17:41:33.495  2349  3588 D libEGL  : eglTerminate EGLDisplay = 0xf3c3f624
06-02 17:41:33.495  2349  3588 D libEGL  : eglTerminate EGLDisplay = 0xf3c3f624
06-02 17:41:33.495 12601 12601 D ViewRootImpl: #3 mView = null
06-02 17:41:33.495  2349  2417 I SurfaceFlinger: id=314 Removed NainActivit (5/8)
06-02 17:41:33.495  2349  3652 I SurfaceFlinger: id=314 Removed NainActivit (-2/8)
06-02 17:41:33.495  3214  3214 D PhoneStatusBar: setSystemUiVisibility vis=8000 mask=ffffffff oldVal=0 newVal=8000 diff=8000
06-02 17:41:33.495  2764  4460 D InputDispatcher: Focus left window: 12601
06-02 17:41:33.495  2764  2870 D RestrictionPolicy: isStatusBarExpansionAllowedAsUser : true, userId = 0
06-02 17:41:33.495  2349  2349 D libEGL  : eglTerminate EGLDisplay = 0xffe5bf54
06-02 17:41:33.495  2764  4460 D InputDispatcher: Focus entered window: 12601
06-02 17:41:33.495  2764  2870 D StatusBarManagerService: manageDisableList userId=0 what=0x0 pkg=Window{18eb55e u0 d0 com.ionicframework.userapp233626/com.ionicframework.userapp233626.MainActivity}
06-02 17:41:33.505 12601 12601 I Timeline: Timeline: Activity_idle id: android.os.BinderProxy@bfe8bcb time:15190040
06-02 17:41:33.505  2764  2991 D PointerIcon: setMouseIconStyle1 pointerType: 1001 iconType:101 flag:0 pid:2764 uid:1000
06-02 17:41:33.505  2764  2991 D PointerIcon: setMouseCustomIcon IconType is same.101
06-02 17:41:33.505  2764  2870 D RestrictionPolicy: isStatusBarExpansionAllowedAsUser : true, userId = 0
06-02 17:41:33.505  8290  8290 D Launcher.HomeView: onStop
06-02 17:41:33.505  8290  8290 D capture : ----destroy
06-02 17:41:33.515  2764  2870 D RestrictionPolicy: isStatusBarExpansionAllowedAsUser : true, userId = 0
06-02 17:41:33.515  2764  4461 D InputMethodManagerService: windowGainedFocus mCurrentFocusedUserId - 0 and mSecureKeypadEnabled-false
06-02 17:41:33.515  3657  3657 D SamsungIME: IMPL finishInput
06-02 17:41:33.515  3657  3657 D SamsungIME: SwiftKeyWrapper writeDBdataToFileOnFinishInput
06-02 17:41:33.515  3657  3657 D SamsungIME: saveAndClear +
06-02 17:41:33.515  3657  3657 D SamsungIME: saveAndClear -
06-02 17:41:33.515 12601 12601 E ViewRootImpl: sendUserActionEvent() mView == null
06-02 17:41:33.515  2764  2991 E WindowManager: Unknown window type: 2014
06-02 17:41:33.515  2764  2991 E WindowManager: Unknown window type: 2000
06-02 17:41:33.515  8290  8290 D Launcher: onTrimMemory. Level: 20
06-02 17:41:33.515  2764  2991 E WindowManager: Unknown window type: 2008
06-02 17:41:33.515  2764  2991 E WindowManager: Unknown window type: 2000
06-02 17:41:33.515  2764  2991 E WindowManager: Unknown window type: 2033
06-02 17:41:33.515  2764  2991 E WindowManager: Unknown window type: 2000
06-02 17:41:33.515  2764  2991 E WindowManager: Unknown window type: 2011
06-02 17:41:33.515  2764  2991 E WindowManager: Unknown window type: 2000
06-02 17:41:33.515  2764  2991 E WindowManager: Unknown window type: 1
06-02 17:41:33.515  2764  2991 E WindowManager: Unknown window type: 2000
06-02 17:41:33.515  2764  2991 E WindowManager: Unknown window type: 1
06-02 17:41:33.515  2764  2991 E WindowManager: Unknown window type: 2000
06-02 17:41:33.515  2764  2991 E WindowManager: Unknown window type: 1
06-02 17:41:33.515  2764  2991 E WindowManager: Unknown window type: 2000
06-02 17:41:33.515  2764  2870 D RestrictionPolicy: isStatusBarExpansionAllowedAsUser : true, userId = 0
06-02 17:41:33.515  2764  2991 E WindowManager: Unknown window type: 1
06-02 17:41:33.515  2764  2991 E WindowManager: Unknown window type: 2000
06-02 17:41:33.515  2764  2991 E WindowManager: Unknown window type: 1
06-02 17:41:33.515  2764  2991 E WindowManager: Unknown window type: 2000
06-02 17:41:33.515  2764  2870 D StatusBarManagerService: manageDisableList userId=0 what=0x0 pkg=Window{51a0aa4 u0 d0 com.ionicframework.userapp233626/com.ionicframework.userapp233626.MainActivity}
06-02 17:41:33.515  8290  8290 V ActivityThread: updateVisibility : ActivityRecord{db47840 token=android.os.BinderProxy@962331e {com.sec.android.app.launcher/com.sec.android.app.launcher.activities.LauncherActivity}} show : false
06-02 17:41:33.525  3214  3214 D PhoneStatusBar: setSystemUiVisibility vis=8600 mask=ffffffff oldVal=8000 newVal=8600 diff=600
06-02 17:41:34.525  3214  3214 D KeyguardUpdateMonitor: received broadcast android.intent.action.BATTERY_CHANGED
06-02 17:41:34.525  3214  3214 D KeyguardUpdateMonitor: handleBatteryUpdate
06-02 17:41:34.525  2764  3556 D BatteryService: !@BatteryListener : batteryPropertiesChanged!
06-02 17:41:34.525  2764  3556 D BatteryService: level:100, scale:100, status:5, health:2, present:true, voltage: 4253, temperature: 252, technology: Li-ion, AC powered:false, USB powered:true, POGO powered:false, Wireless powered:false, icon:17303412, invalid charger:0, maxChargingCurrent:0
06-02 17:41:34.525  2764  3556 D BatteryService: online:4, current avg:0, charge type:0, power sharing:false, high voltage charger:false, capacity:280000, batterySWSelfDischarging:false, current_now:0
06-02 17:41:34.525  2764  2764 D BatteryService: Sending ACTION_BATTERY_CHANGED.
06-02 17:41:34.525  2764  2764 I MotionRecognitionService: Plugged
06-02 17:41:34.525  2764  2764 D MotionRecognitionService:   cableConnection= 1
06-02 17:41:34.525  2764  2764 D MotionRecognitionService: setPowerConnected | current backoff  = 1024 , state =1024
06-02 17:41:34.525  2764  2764 D MotionRecognitionService: skip setTransmitPower. 
06-02 17:41:34.525  3214  3214 D PowerUI : priorPlugType = 2 mPlugType =  2
06-02 17:41:34.535  3870  3870 D CommonServiceConfiguration: getStringValueSetting
06-02 17:41:34.535  3870  3870 D BatteryMonitor: new battery level: 100
06-02 17:41:34.545  3214  3214 D BatteryMeterView: ACTION_BATTERY_CHANGED : level:100 status:5 health:2
06-02 17:41:34.545  3214  3214 D BatteryMeterView: ACTION_BATTERY_CHANGED : level:100 status:5 health:2
06-02 17:41:35.345  2764  5335 D SSRM:n  : SIOP:: AP = 300, PST = 271 (W:22), LCD = 255
06-02 17:41:36.015  2764  5335 D ConnectivityService: returning getNetworkInfo for network type 1 : [type: WIFI[] - WIFI, state: CONNECTED/CONNECTED, reason: (unspecified), extra: "GucciMane", roaming: false, failover: false, isAvailable: true]
06-02 17:41:38.105  2764  3096 D SensorService: [SO] -1.226 2.583 9.244
06-02 17:41:39.065 12601 12601 D SystemWebChromeClient: file:///android_asset/www/build/main.js: Line 3511 : Angular is running in the development mode. Call enableProdMode() to enable the production mode.
06-02 17:41:39.065 12601 12601 I chromium: [INFO:CONSOLE(3511)] "Angular is running in the development mode. Call enableProdMode() to enable the production mode.", source: file:///android_asset/www/build/main.js (3511)
06-02 17:41:39.125 12601 12601 D CordovaWebViewImpl: onPageFinished(file:///android_asset/www/index.html)
06-02 17:41:39.125 12601 12601 D SystemWebChromeClient: file:///android_asset/www/cordova.js: Line 1223 : deviceready has not fired after 5 seconds.
06-02 17:41:39.125 12601 12601 I chromium: [INFO:CONSOLE(1223)] "deviceready has not fired after 5 seconds.", source: file:///android_asset/www/cordova.js (1223)
06-02 17:41:39.125 12601 12601 D SystemWebChromeClient: file:///android_asset/www/build/main.js: Line 147885 : Ionic Native: deviceready did not fire within 5000ms. This can happen when plugins are in an inconsistent state. Try removing plugins from plugins/ and reinstalling them.
06-02 17:41:39.125 12601 12601 I chromium: [INFO:CONSOLE(147885)] "Ionic Native: deviceready did not fire within 5000ms. This can happen when plugins are in an inconsistent state. Try removing plugins from plugins/ and reinstalling them.", source: file:///android_asset/www/build/main.js (147885)
06-02 17:41:39.125 12601 12601 D SystemWebChromeClient: file:///android_asset/www/build/main.js: Line 109634 : Native: deviceready did not fire within 5000ms. This can happen when plugins are in an inconsistent state. Try removing plugins from plugins/ and reinstalling them.
06-02 17:41:39.125 12601 12601 I chromium: [INFO:CONSOLE(109634)] "Native: deviceready did not fire within 5000ms. This can happen when plugins are in an inconsistent state. Try removing plugins from plugins/ and reinstalling them.", source: file:///android_asset/www/build/main.js (109634)
06-02 17:41:39.135 12601 12666 I App     : WARNING: Back Button Default Behavior will be overridden.  The backbutton event will be fired!
06-02 17:41:39.145 12601 12601 D SystemWebChromeClient: file:///android_asset/www/build/main.js: Line 147880 : Ionic Native: deviceready event fired after 5972 ms
06-02 17:41:39.145 12601 12601 I chromium: [INFO:CONSOLE(147880)] "Ionic Native: deviceready event fired after 5972 ms", source: file:///android_asset/www/build/main.js (147880)
06-02 17:41:39.145 12601 12601 D SystemWebChromeClient: file:///android_asset/www/build/main.js: Line 109629 : DEVICE READY FIRED AFTER
06-02 17:41:39.145 12601 12601 I chromium: [INFO:CONSOLE(109629)] "DEVICE READY FIRED AFTER", source: file:///android_asset/www/build/main.js (109629)
06-02 17:41:39.195 12601 12666 V PushPlugin: execute: action=init
06-02 17:41:39.195 12601 12667 V PushPlugin: execute: data=[{"ios":{"badge":true,"sound":true},"android":{"iconColor":"#343434","senderID":"906828526894"}}]
06-02 17:41:39.195 12601 12667 V PushPlugin: execute: jo={"iconColor":"#343434","senderID":"906828526894"}
06-02 17:41:39.195 12601 12667 V PushPlugin: execute: senderID=906828526894
06-02 17:41:39.205 12601 12667 E AndroidRuntime: FATAL EXCEPTION: pool-2-thread-2
06-02 17:41:39.205 12601 12667 E AndroidRuntime: Process: com.ionicframework.userapp233626, PID: 12601
06-02 17:41:39.205 12601 12667 E AndroidRuntime: java.lang.NoSuchMethodError: No static method getNoBackupFilesDir(Landroid/content/Context;)Ljava/io/File; in class Lcom/google/android/gms/common/util/zzx; or its super classes (declaration of 'com.google.android.gms.common.util.zzx' appears in /data/app/com.ionicframework.userapp233626-1/base.apk)
06-02 17:41:39.205 12601 12667 E AndroidRuntime: 	at com.google.android.gms.iid.zzd.zzeC(Unknown Source)
06-02 17:41:39.205 12601 12667 E AndroidRuntime: 	at com.google.android.gms.iid.zzd.<init>(Unknown Source)
06-02 17:41:39.205 12601 12667 E AndroidRuntime: 	at com.google.android.gms.iid.zzd.<init>(Unknown Source)
06-02 17:41:39.205 12601 12667 E AndroidRuntime: 	at com.google.android.gms.iid.InstanceID.zza(Unknown Source)
06-02 17:41:39.205 12601 12667 E AndroidRuntime: 	at com.google.android.gms.iid.InstanceID.getInstance(Unknown Source)
06-02 17:41:39.205 12601 12667 E AndroidRuntime: 	at com.adobe.phonegap.push.PushPlugin$1.run(PushPlugin.java:75)
06-02 17:41:39.205 12601 12667 E AndroidRuntime: 	at java.util.concurrent.ThreadPoolExecutor.runWorker(ThreadPoolExecutor.java:1113)
06-02 17:41:39.205 12601 12667 E AndroidRuntime: 	at java.util.concurrent.ThreadPoolExecutor$Worker.run(ThreadPoolExecutor.java:588)
06-02 17:41:39.205 12601 12667 E AndroidRuntime: 	at java.lang.Thread.run(Thread.java:818)
06-02 17:41:39.205  2764  4461 W ActivityManager:   Force finishing activity com.ionicframework.userapp233626/.MainActivity
06-02 17:41:39.215  2764  4461 D InputDispatcher: Focused application set to: xxxx
06-02 17:41:39.215  2764  4461 D InputDispatcher: Focus left window: 12601
06-02 17:41:39.215  2764  4461 E WindowManager: Unknown window type: 2
06-02 17:41:39.215  2764  2991 D PointerIcon: setMouseIconStyle1 pointerType: 1001 iconType:101 flag:0 pid:2764 uid:1000
06-02 17:41:39.215  2764  2991 D PointerIcon: setMouseCustomIcon IconType is same.101
06-02 17:41:39.215  2764  4461 D FocusedStackFrame: Set to : 0
06-02 17:41:39.235  2764  2991 E WindowManager: Unknown window type: 2014
06-02 17:41:39.235  2764  2991 E WindowManager: Unknown window type: 2000
06-02 17:41:39.235  2764  2991 E WindowManager: Unknown window type: 2008
06-02 17:41:39.235  2764  2991 E WindowManager: Unknown window type: 2000
06-02 17:41:39.235  2764  2991 E WindowManager: Unknown window type: 2033
06-02 17:41:39.235  2764  2991 E WindowManager: Unknown window type: 2000
06-02 17:41:39.235  2764  2991 E WindowManager: Unknown window type: 2011
06-02 17:41:39.235  2764  2991 E WindowManager: Unknown window type: 2000
06-02 17:41:39.235  2764  2991 E WindowManager: Unknown window type: 1
06-02 17:41:39.235  2764  2991 E WindowManager: Unknown window type: 2000
06-02 17:41:39.235  2764  2991 E WindowManager: Unknown window type: 1
06-02 17:41:39.235  2764  2991 E WindowManager: Unknown window type: 2000
06-02 17:41:39.235  2764  2991 E WindowManager: Unknown window type: 1
06-02 17:41:39.235  2764  2991 E WindowManager: Unknown window type: 2000
06-02 17:41:39.235  2764  2991 E WindowManager: Unknown window type: 1
06-02 17:41:39.235  2764  2991 E WindowManager: Unknown window type: 2000
06-02 17:41:39.235  2764  2991 E WindowManager: Unknown window type: 1
06-02 17:41:39.235  2764  2991 E WindowManager: Unknown window type: 2000
06-02 17:41:39.245 12601 12601 D CordovaActivity: Paused the activity.
06-02 17:41:39.245  2764 12729 E android.os.Debug: ro.product_ship = true
06-02 17:41:39.245  2764  2991 E WindowManager: Unknown window type: 2014
06-02 17:41:39.245  2764  2991 E WindowManager: Unknown window type: 2000
06-02 17:41:39.245  2764  2991 E WindowManager: Unknown window type: 2008
06-02 17:41:39.245  2764  2991 E WindowManager: Unknown window type: 2000
06-02 17:41:39.245  2764  2991 E WindowManager: Unknown window type: 2033
06-02 17:41:39.245  2764  2991 E WindowManager: Unknown window type: 2000
06-02 17:41:39.245  2764  2991 E WindowManager: Unknown window type: 2011
06-02 17:41:39.245  2764  2991 E WindowManager: Unknown window type: 2000
06-02 17:41:39.245  2764  2991 E WindowManager: Unknown window type: 1
06-02 17:41:39.245  2764  2991 E WindowManager: Unknown window type: 2000
06-02 17:41:39.245  2764  2991 E WindowManager: Unknown window type: 1
06-02 17:41:39.245  2764  2991 E WindowManager: Unknown window type: 2000
06-02 17:41:39.245  2764  2991 E WindowManager: Unknown window type: 1
06-02 17:41:39.245  2764  2991 E WindowManager: Unknown window type: 2000
06-02 17:41:39.245  2764  2991 E WindowManager: Unknown window type: 1
06-02 17:41:39.245  2764  2991 E WindowManager: Unknown window type: 2000
06-02 17:41:39.245  2764  2991 E WindowManager: Unknown window type: 1
06-02 17:41:39.245  2764  2991 E WindowManager: Unknown window type: 2000
06-02 17:41:39.245  2764 12729 E android.os.Debug: ro.debug_level = 0x4f4c
06-02 17:41:39.245  2764 12729 E android.os.Debug: sys.mobilecare.preload = false
06-02 17:41:39.255  2764  2991 E WindowManager: Unknown window type: 2014
06-02 17:41:39.255  2764  2991 E WindowManager: Unknown window type: 2000
06-02 17:41:39.255  2764  2991 E WindowManager: Unknown window type: 2008
06-02 17:41:39.255  2764  2991 E WindowManager: Unknown window type: 2000
06-02 17:41:39.255  2764  2991 E WindowManager: Unknown window type: 2033
06-02 17:41:39.255  2764  2991 E WindowManager: Unknown window type: 2000
06-02 17:41:39.255  2764  2991 E WindowManager: Unknown window type: 2011
06-02 17:41:39.255  2764  2991 E WindowManager: Unknown window type: 2000
06-02 17:41:39.255  2764  2991 E WindowManager: Unknown window type: 1
06-02 17:41:39.255  2764  2991 E WindowManager: Unknown window type: 2000
06-02 17:41:39.255  2764  2991 E WindowManager: Unknown window type: 1
06-02 17:41:39.255  2764  2991 E WindowManager: Unknown window type: 2000
06-02 17:41:39.255  2764  2991 E WindowManager: Unknown window type: 1
06-02 17:41:39.255  2764  2991 E WindowManager: Unknown window type: 2000
06-02 17:41:39.255  2764  2991 E WindowManager: Unknown window type: 1
06-02 17:41:39.255  2764  2991 E WindowManager: Unknown window type: 2000
06-02 17:41:39.255  2764  2991 E WindowManager: Unknown window type: 1
06-02 17:41:39.255  2764  2991 E WindowManager: Unknown window type: 2000
06-02 17:41:39.255  2764  2870 D ViewRootImpl: #1 mView = com.android.internal.policy.PhoneWindow$DecorView{650063b V.E...... R.....I. 0,0-0,0}
06-02 17:41:39.255  2764  2870 E WindowManager: Unknown window type: 2003
06-02 17:41:39.255  2764  2870 D InputDispatcher: Focus entered window: 2764
06-02 17:41:39.255  2764  2991 D PointerIcon: setMouseIconStyle1 pointerType: 1001 iconType:101 flag:0 pid:2764 uid:1000
06-02 17:41:39.255  2764  2991 D PointerIcon: setMouseCustomIcon IconType is same.101
06-02 17:41:39.255  2764  2870 V MARsPolicyManager: handelAlertToastWindowStarted pkgName = android
06-02 17:41:39.255  2764  4432 D CustomFrequencyManagerService: acquireDVFSLockLocked : type : DVFS_MIN_LIMIT  frequency : 1500000  uid : 1000  pid : 2764  pkgName : ACTIVITY_RESUME_BOOSTER@3
06-02 17:41:39.265  2764  2991 E WindowManager: Unknown window type: 2014
06-02 17:41:39.265  2764  2991 E WindowManager: Unknown window type: 2000
06-02 17:41:39.265  2764  2991 E WindowManager: Unknown window type: 2003
06-02 17:41:39.265  2764  2991 E WindowManager: Unknown window type: 2000
06-02 17:41:39.265  2764  2991 E WindowManager: Unknown window type: 2008
06-02 17:41:39.265  2764  2991 E WindowManager: Unknown window type: 2000
06-02 17:41:39.265  2764  2991 E WindowManager: Unknown window type: 2033
06-02 17:41:39.265  2764  2991 E WindowManager: Unknown window type: 2000
06-02 17:41:39.265  2764  2991 E WindowManager: Unknown window type: 2011
06-02 17:41:39.265  2764  2991 E WindowManager: Unknown window type: 2000
06-02 17:41:39.265  2764  2991 E WindowManager: Unknown window type: 1
06-02 17:41:39.265  2764  2991 E WindowManager: Unknown window type: 2000
06-02 17:41:39.265  2764  2991 E WindowManager: Unknown window type: 1
06-02 17:41:39.265  2764  2991 E WindowManager: Unknown window type: 2000
06-02 17:41:39.265  2764  2991 E WindowManager: Unknown window type: 1
06-02 17:41:39.265  2764  2991 E WindowManager: Unknown window type: 2000
06-02 17:41:39.265  2764  2991 E WindowManager: Unknown window type: 1
06-02 17:41:39.265  2764  2991 E WindowManager: Unknown window type: 2000
06-02 17:41:39.265  2764  2991 E WindowManager: Unknown window type: 1
06-02 17:41:39.265  2764  2991 E WindowManager: Unknown window type: 2000
06-02 17:41:39.265  2349  2349 I SurfaceFlinger: id=317 createSurf (145x145),1 flag=4, vserapp2336
06-02 17:41:39.265  2764  4432 D ActivityManager: mDVFSHelper.acquire()
06-02 17:41:39.265  2764  2870 V WindowOrientationListener: setCurrentAppOrientation :1
06-02 17:41:39.265  2764  2870 V WindowOrientationListener: OrientationSensorJudge.getProposedRotation, Rotation: -1
06-02 17:41:39.265  2764  2870 V WindowManager: rotationForOrientationLw(orient=1, last=0); user=0  sensorRotation=-1 mLidState=-1 mDockMode=0 mHdmiPlugged=false mMobileKeyboardEnabled=false displayId=0
06-02 17:41:39.265  2764  2870 V WindowOrientationListener: OrientationSensorJudge.getProposedRotation, Rotation: -1
06-02 17:41:39.275  2764  3191 D libEGL  : eglInitialize EGLDisplay = 0xd6f687c4
06-02 17:41:39.275  2764  3191 I OpenGLRenderer: Initialized EGL, version 1.4
06-02 17:41:39.275  2764  2991 E WindowManager: Unknown window type: 2014
06-02 17:41:39.275  2764  2991 E WindowManager: Unknown window type: 2000
06-02 17:41:39.275  2764  2991 E WindowManager: Unknown window type: 2003
06-02 17:41:39.275  2764  2991 E WindowManager: Unknown window type: 2000
06-02 17:41:39.275  2764  2991 E WindowManager: Unknown window type: 2008
06-02 17:41:39.275  2764  2991 E WindowManager: Unknown window type: 2000
06-02 17:41:39.275  2764  2991 E WindowManager: Unknown window type: 2033
06-02 17:41:39.275  2764  2991 E WindowManager: Unknown window type: 2000
06-02 17:41:39.275  2764  2991 E WindowManager: Unknown window type: 2011
06-02 17:41:39.275  2764  2991 E WindowManager: Unknown window type: 2000
06-02 17:41:39.275  2764  2991 E WindowManager: Unknown window type: 1
06-02 17:41:39.275  2764  2991 E WindowManager: Unknown window type: 2000
06-02 17:41:39.275  2764  2991 E WindowManager: Unknown window type: 1
06-02 17:41:39.275  2764  2991 E WindowManager: Unknown window type: 2000
06-02 17:41:39.275  2764  2991 E WindowManager: Unknown window type: 1
06-02 17:41:39.275  2764  2991 E WindowManager: Unknown window type: 2000
06-02 17:41:39.275  2764  2991 E WindowManager: Unknown window type: 1
06-02 17:41:39.275  2764  2991 E WindowManager: Unknown window type: 2000
06-02 17:41:39.275  2764  2991 E WindowManager: Unknown window type: 1
06-02 17:41:39.275  2764  2991 E WindowManager: Unknown window type: 2000
06-02 17:41:39.275  2764  3191 D mali_winsys: new_window_surface returns 0x3000,  [1146x679]-format:1
06-02 17:41:39.275  8290  8290 D Launcher: onRestart, Launcher: 193294546
06-02 17:41:39.275  3214  3214 D PhoneStatusBar: setSystemUiVisibility vis=8000 mask=ffffffff oldVal=8600 newVal=8000 diff=600
06-02 17:41:39.275  8290  8290 D Launcher: onStart, Launcher: 193294546
06-02 17:41:39.275  8290  8290 D Launcher.HomeView: onStart
06-02 17:41:39.275  2764  2862 V MARsPolicyManager: updatePackagesScore PackageInfo name -- com.sec.android.app.launcher
06-02 17:41:39.275  2764  2870 D StatusBarManagerService: manageDisableList userId=0 what=0x0 pkg=Window{5c422b1 u0 d0 Application Error: com.ionicframework.userapp233626}
06-02 17:41:39.285  2764  2870 D RestrictionPolicy: isStatusBarExpansionAllowedAsUser : true, userId = 0
06-02 17:41:39.285  2764  2991 E WindowManager: Unknown window type: 2014
06-02 17:41:39.285  2764  2991 E WindowManager: Unknown window type: 2000
06-02 17:41:39.285  2764  2991 E WindowManager: Unknown window type: 2003
06-02 17:41:39.285  2764  2991 E WindowManager: Unknown window type: 2000
06-02 17:41:39.285  2764  2991 E WindowManager: Unknown window type: 2008
06-02 17:41:39.285  2764  2991 E WindowManager: Unknown window type: 2000
06-02 17:41:39.285  2764  2991 E WindowManager: Unknown window type: 2033
06-02 17:41:39.285  2764  2991 E WindowManager: Unknown window type: 2000
06-02 17:41:39.285  2764  2991 E WindowManager: Unknown window type: 2011
06-02 17:41:39.285  2764  2991 E WindowManager: Unknown window type: 2000
06-02 17:41:39.285  2764  2991 E WindowManager: Unknown window type: 1
06-02 17:41:39.285  2764  2991 E WindowManager: Unknown window type: 2000
06-02 17:41:39.285  2764  2991 E WindowManager: Unknown window type: 1
06-02 17:41:39.285  2764  2991 E WindowManager: Unknown window type: 2000
06-02 17:41:39.285  2764  2991 E WindowManager: Unknown window type: 1
06-02 17:41:39.285  2764  2991 E WindowManager: Unknown window type: 2000
06-02 17:41:39.285  2764  2991 E WindowManager: Unknown window type: 1
06-02 17:41:39.285  2764  2991 E WindowManager: Unknown window type: 2000
06-02 17:41:39.285  2764  2991 E WindowManager: Unknown window type: 1
06-02 17:41:39.285  2764  2991 E WindowManager: Unknown window type: 2000
06-02 17:41:39.285  8290  8290 I VerificationLog: onResume
06-02 17:41:39.285  8290  8290 D Launcher: onResume, Launcher: 193294546
06-02 17:41:39.285  8290 12731 D WallpaperManager: 1920 / 1920 / 0
06-02 17:41:39.285  2764  4460 D SecContentProvider: query(), uri = 17 selection = isSettingsChangesAllowed
06-02 17:41:39.285  2764  2870 D RestrictionPolicy: isStatusBarExpansionAllowedAsUser : true, userId = 0
06-02 17:41:39.285  2764  3622 D SecContentProvider: query(), uri = 17 selection = isSettingsChangesAllowed
06-02 17:41:39.285  8290  8290 D Launcher.HomeView: onResume
06-02 17:41:39.285  2764  2862 V BroadcastQueue: [background] Process cur broadcast BroadcastRecord{cfae396 u0 android.intent.action.DROPBOX_ENTRY_ADDED qIdx=4}, state= (APP_RECEIVE) DELIVERED for app ProcessRecord{5395501 3818:com.google.android.gms/u0a12}
06-02 17:41:39.285  2764  4460 D SettingsProvider: isChangeAllowed() : name = kids_home_mode
06-02 17:41:39.285  2764  4460 D SettingsProvider: edmUri: content://com.sec.knox.provider/RestrictionPolicy3
06-02 17:41:39.285  2764  4460 D SettingsProvider: projectionArgs: isSettingsChangesAllowed
06-02 17:41:39.285  2764  4460 D SettingsProvider: selectionArgs: false
06-02 17:41:39.285  2764  4460 D SettingsProvider: selectionArgs: 10060
06-02 17:41:39.285  2764  4460 D RestrictionPolicy: isSettingsChangesAllowedAsUser, userId 0 : true
06-02 17:41:39.285  2764  4460 D SettingsProvider: ret = 1
06-02 17:41:39.285  2764  3622 D SettingsProvider: isChangeAllowed() : name = easy_mode_home
06-02 17:41:39.285  2764  3622 D SettingsProvider: edmUri: content://com.sec.knox.provider/RestrictionPolicy3
06-02 17:41:39.285  2764  3622 D SettingsProvider: projectionArgs: isSettingsChangesAllowed
06-02 17:41:39.285  2764  3622 D SettingsProvider: selectionArgs: false
06-02 17:41:39.285  2764  3622 D SettingsProvider: selectionArgs: 10060
06-02 17:41:39.285  2764  3622 D RestrictionPolicy: isSettingsChangesAllowedAsUser, userId 0 : true
06-02 17:41:39.285  2764  3622 D SettingsProvider: ret = 1
06-02 17:41:39.295  8290  8290 D capture : ---------checkFileExist land
06-02 17:41:39.295  8290  8290 D capture : currentOrientation: 1 mMainHomeScreenshot: false mMainHomeScreenshotLand: true
06-02 17:41:39.295  8290  8290 D MenuAppsGridFragment: onResume
06-02 17:41:39.295  8290  8290 D MenuAppsGridFragment: changeState: (new)NORMAL(old)NORMAL(force)false
06-02 17:41:39.295  8290  8290 D Launcher.MenuAppsGrid: updateGridSize:GRID_4x4 cellWidth:261  cellHeight:324
06-02 17:41:39.295  2764  2991 E WindowManager: Unknown window type: 2014
06-02 17:41:39.295  2764  2991 E WindowManager: Unknown window type: 2000
06-02 17:41:39.295  2764  2991 E WindowManager: Unknown window type: 2003
06-02 17:41:39.295  2764  2991 E WindowManager: Unknown window type: 2000
06-02 17:41:39.295  2764  2991 E WindowManager: Unknown window type: 2008
06-02 17:41:39.295  2764  2991 E WindowManager: Unknown window type: 2000
06-02 17:41:39.295  2764  2991 E WindowManager: Unknown window type: 2033
06-02 17:41:39.295  2764  2991 E WindowManager: Unknown window type: 2000
06-02 17:41:39.295  2764  2991 E WindowManager: Unknown window type: 2011
06-02 17:41:39.295  2764  2991 E WindowManager: Unknown window type: 2000
06-02 17:41:39.295  2764  2991 E WindowManager: Unknown window type: 1
06-02 17:41:39.295  2764  2991 E WindowManager: Unknown window type: 2000
06-02 17:41:39.295  2764  2991 E WindowManager: Unknown window type: 1
06-02 17:41:39.295  2764  2991 E WindowManager: Unknown window type: 2000
06-02 17:41:39.295  2764  2991 E WindowManager: Unknown window type: 1
06-02 17:41:39.295  2764  2991 E WindowManager: Unknown window type: 2000
06-02 17:41:39.295  2764  2991 E WindowManager: Unknown window type: 1
06-02 17:41:39.295  2764  2991 E WindowManager: Unknown window type: 2000
06-02 17:41:39.295  2764  2991 E WindowManager: Unknown window type: 1
06-02 17:41:39.295  2764  2991 E WindowManager: Unknown window type: 2000
06-02 17:41:39.295  2764  4432 V BroadcastQueue: [background] Process cur broadcast BroadcastRecord{cfae396 u0 android.intent.action.DROPBOX_ENTRY_ADDED qIdx=4}, state= (APP_RECEIVE) DELIVERED for app ProcessRecord{22855e2 10691:com.samsung.android.sm/1000}
06-02 17:41:39.295 10691 10691 W ContextImpl: Calling a method in the system process without a qualified user: android.app.ContextImpl.startService:1311 android.content.ContextWrapper.startService:606 android.content.ContextWrapper.startService:606 com.samsung.android.sm.common.SmartManagerReceiver.b:259 com.samsung.android.sm.common.SmartManagerReceiver.onReceive:107 
06-02 17:41:39.315  2764  2991 E WindowManager: Unknown window type: 2014
06-02 17:41:39.315  2764  2991 E WindowManager: Unknown window type: 2000
06-02 17:41:39.315  2764  2991 E WindowManager: Unknown window type: 2003
06-02 17:41:39.315  2764  2991 E WindowManager: Unknown window type: 2000
06-02 17:41:39.315  2764  2991 E WindowManager: Unknown window type: 2008
06-02 17:41:39.315  2764  2991 E WindowManager: Unknown window type: 2000
06-02 17:41:39.315  2764  2991 E WindowManager: Unknown window type: 2033
06-02 17:41:39.315  2764  2991 E WindowManager: Unknown window type: 2000
06-02 17:41:39.315  2764  2991 E WindowManager: Unknown window type: 2011
06-02 17:41:39.315  2764  2991 E WindowManager: Unknown window type: 2000
06-02 17:41:39.315  2764  2991 E WindowManager: Unknown window type: 1
06-02 17:41:39.315  2764  2991 E WindowManager: Unknown window type: 2000
06-02 17:41:39.315  2764  2991 E WindowManager: Unknown window type: 1
06-02 17:41:39.315  2764  2991 E WindowManager: Unknown window type: 2000
06-02 17:41:39.315  2764  2991 E WindowManager: Unknown window type: 1
06-02 17:41:39.315  2764  2991 E WindowManager: Unknown window type: 2000
06-02 17:41:39.315  2764  2991 E WindowManager: Unknown window type: 1
06-02 17:41:39.315  2764  2991 E WindowManager: Unknown window type: 2000
06-02 17:41:39.315  2764  2991 E WindowManager: Unknown window type: 1
06-02 17:41:39.315  2764  2991 E WindowManager: Unknown window type: 2000
06-02 17:41:39.325  8290  8290 D ResourcesManager: For user 0 new overlays fetched Null
06-02 17:41:39.335  8290  8290 D ApplicationPackageManager: we has com.sec.android.app.clockpackage class. reuse it 
06-02 17:41:39.335  2349  2349 D libEGL  : eglInitialize EGLDisplay = 0xffe5bedc
06-02 17:41:39.335  2764  2991 E WindowManager: Unknown window type: 2014
06-02 17:41:39.335  2764  2991 E WindowManager: Unknown window type: 2000
06-02 17:41:39.335  2764  2991 E WindowManager: Unknown window type: 2003
06-02 17:41:39.335  2764  2991 E WindowManager: Unknown window type: 2000
06-02 17:41:39.335  2764  2991 E WindowManager: Unknown window type: 2008
06-02 17:41:39.335  2764  2991 E WindowManager: Unknown window type: 2000
06-02 17:41:39.335  2764  2991 E WindowManager: Unknown window type: 2033
06-02 17:41:39.335  2764  2991 E WindowManager: Unknown window type: 2000
06-02 17:41:39.335  2764  2991 E WindowManager: Unknown window type: 2011
06-02 17:41:39.335  2764  2991 E WindowManager: Unknown window type: 2000
06-02 17:41:39.335  2764  2991 E WindowManager: Unknown window type: 1
06-02 17:41:39.335  2764  2991 E WindowManager: Unknown window type: 2000
06-02 17:41:39.335  2764  2991 E WindowManager: Unknown window type: 1
06-02 17:41:39.335  2764  2991 E WindowManager: Unknown window type: 2000
06-02 17:41:39.335  2764  2991 E WindowManager: Unknown window type: 1
06-02 17:41:39.335  2764  2991 E WindowManager: Unknown window type: 2000
06-02 17:41:39.335  2764  2991 E WindowManager: Unknown window type: 1
06-02 17:41:39.335  2764  2991 E WindowManager: Unknown window type: 2000
06-02 17:41:39.335  2764  2991 E WindowManager: Unknown window type: 1
06-02 17:41:39.335  2764  2991 E WindowManager: Unknown window type: 2000
06-02 17:41:39.335  2764  2870 V WindowStateAnimator: Finishing drawing window Window{5c422b1 u0 d0 Application Error: com.ionicframework.userapp233626}: mDrawState=DRAW_PENDING
06-02 17:41:39.335  2764  2870 D ViewRootImpl: MSG_RESIZED_REPORT: ci=Rect(0, 0 - 0, 0) vi=Rect(0, 0 - 0, 0) or=1
06-02 17:41:39.335  2764  2870 V WindowStateAnimator: Finishing drawing window Window{5c422b1 u0 d0 Application Error: com.ionicframework.userapp233626}: mDrawState=HAS_DRAWN
06-02 17:41:39.335  2764  5335 D ConnectivityService: returning getNetworkInfo for network type 1 : [type: WIFI[] - WIFI, state: CONNECTED/CONNECTED, reason: (unspecified), extra: "GucciMane", roaming: false, failover: false, isAvailable: true]
06-02 17:41:39.345  2349  2349 D libEGL  : eglInitialize EGLDisplay = 0xffe5bedc
06-02 17:41:39.345  2764  2991 E WindowManager: Unknown window type: 2014
06-02 17:41:39.345  2764  2991 E WindowManager: Unknown window type: 2000
06-02 17:41:39.345  2764  2991 E WindowManager: Unknown window type: 2003
06-02 17:41:39.345  2764  2991 E WindowManager: Unknown window type: 2000
06-02 17:41:39.345  2764  2991 E WindowManager: Unknown window type: 2008
06-02 17:41:39.345  2764  2991 E WindowManager: Unknown window type: 2000
06-02 17:41:39.345  2764  2991 E WindowManager: Unknown window type: 2033
06-02 17:41:39.345  2764  2991 E WindowManager: Unknown window type: 2000
06-02 17:41:39.345  2764  2991 E WindowManager: Unknown window type: 2011
