06-02 17:41:29.945 12601 12601 W SELinux : Function: selinux_compare_spd_ram, index[1], priority [2], priority version is VE=SEPF_SECMOBILE_6.0.1_0034
06-02 17:41:29.945 12601 12601 E Zygote  : accessInfo : 0
06-02 17:41:29.945 12601 12601 W SELinux : SELinux: seapp_context_lookup: seinfo=default, level=s0:c512,c768, pkgname=com.ionicframework.userapp233626 
06-02 17:41:29.945 12601 12601 I art     : Late-enabling -Xcheck:jni
06-02 17:41:29.945  2764  2991 E WindowManager: Unknown window type: 2014
06-02 17:41:29.945  2764  2991 E WindowManager: Unknown window type: 2000
06-02 17:41:29.945  2764  2991 E WindowManager: Unknown window type: 2008
06-02 17:41:29.945  2764  2991 E WindowManager: Unknown window type: 2000
06-02 17:41:29.945  2764  2991 E WindowManager: Unknown window type: 2033
06-02 17:41:29.945  2764  2991 E WindowManager: Unknown window type: 2000
06-02 17:41:29.945  2764  2991 E WindowManager: Unknown window type: 2011
06-02 17:41:29.945  2764  2991 E WindowManager: Unknown window type: 2000
06-02 17:41:29.945  2764  2991 E WindowManager: Unknown window type: 3
06-02 17:41:29.945  2764  2991 E WindowManager: Unknown window type: 2000
06-02 17:41:29.945  2764  2991 E WindowManager: Unknown window type: 1
06-02 17:41:29.945  2764  2991 E WindowManager: Unknown window type: 2000
06-02 17:41:29.945  2764  2991 E WindowManager: Unknown window type: 1
06-02 17:41:29.945  2764  2991 E WindowManager: Unknown window type: 2000
06-02 17:41:29.945  2764  2991 E WindowManager: Unknown window type: 1
06-02 17:41:29.945  2764  2991 E WindowManager: Unknown window type: 2000
06-02 17:41:29.945  2764  2991 E WindowManager: Unknown window type: 1
06-02 17:41:29.945  2764  2991 E WindowManager: Unknown window type: 2000
06-02 17:41:29.945  2764  4460 I ActivityManager: Start proc 12601:com.ionicframework.userapp233626/u0a150 for activity com.ionicframework.userapp233626/.MainActivity
06-02 17:41:29.945 12601 12601 I libpersona: KNOX_SDCARD checking this for 10150
06-02 17:41:29.945 12601 12601 I libpersona: KNOX_SDCARD not a persona
06-02 17:41:29.945  2764  3148 D NetworkPolicy: isUidForegroundLocked: 10150, mScreenOn: true, uidstate: -1, mProxSensorScreenOff: false
06-02 17:41:29.945  2764  3148 D NetworkPolicy: isUidForegroundLocked: 10150, mScreenOn: true, uidstate: 16, mProxSensorScreenOff: false
06-02 17:41:29.965  2764  2991 V WindowStateAnimator: Finishing drawing window Window{310172d u0 d0 Starting com.ionicframework.userapp233626}: mDrawState=DRAW_PENDING
06-02 17:41:29.965 12601 12601 D TimaKeyStoreProvider: TimaSignature is unavailable
06-02 17:41:29.965 12601 12601 D ActivityThread: Added TimaKeyStore provider
06-02 17:41:29.965  2349  2349 D libEGL  : eglInitialize EGLDisplay = 0xffe5bedc
06-02 17:41:29.965  2764  2991 E WindowManager: Unknown window type: 2014
06-02 17:41:29.965  2764  2991 E WindowManager: Unknown window type: 2000
06-02 17:41:29.965  2764  2991 E WindowManager: Unknown window type: 2008
06-02 17:41:29.965  2764  2991 E WindowManager: Unknown window type: 2000
06-02 17:41:29.965  2764  2991 E WindowManager: Unknown window type: 2033
06-02 17:41:29.965  2764  2991 E WindowManager: Unknown window type: 2000
06-02 17:41:29.965  2764  2991 E WindowManager: Unknown window type: 2011
06-02 17:41:29.965  2764  2991 E WindowManager: Unknown window type: 2000
06-02 17:41:29.965  2764  2991 E WindowManager: Unknown window type: 3
06-02 17:41:29.965  2764  2991 E WindowManager: Unknown window type: 2000
06-02 17:41:29.965  2764  2991 E WindowManager: Unknown window type: 1
06-02 17:41:29.965  2764  2991 E WindowManager: Unknown window type: 2000
06-02 17:41:29.965  2764  2991 E WindowManager: Unknown window type: 1
06-02 17:41:29.965  2764  2991 E WindowManager: Unknown window type: 2000
06-02 17:41:29.965  2764  2991 E WindowManager: Unknown window type: 1
06-02 17:41:29.965  2764  2991 E WindowManager: Unknown window type: 2000
06-02 17:41:29.965  2764  2991 E WindowManager: Unknown window type: 1
06-02 17:41:29.965  2764  2991 E WindowManager: Unknown window type: 2000
06-02 17:41:29.965  2764  3265 V WindowOrientationListener: setCurrentAppOrientation :-1
06-02 17:41:29.965  2764  3265 V WindowOrientationListener: OrientationSensorJudge.getProposedRotation, Rotation: -1
06-02 17:41:29.965  2764  3265 V WindowManager: rotationForOrientationLw(orient=-1, last=0); user=0  sensorRotation=-1 mLidState=-1 mDockMode=0 mHdmiPlugged=false mMobileKeyboardEnabled=false displayId=0
06-02 17:41:29.965  2764  3265 V WindowOrientationListener: OrientationSensorJudge.getProposedRotation, Rotation: -1
06-02 17:41:29.965  2764  3265 D ActivityManager:  Launching com.ionicframework.userapp233626, updated priority
06-02 17:41:29.975  2764  2870 D RestrictionPolicy: isStatusBarExpansionAllowedAsUser : true, userId = 0
06-02 17:41:29.975  2764  2862 V MARsPolicyManager: updatePackagesScore PackageInfo name -- com.ionicframework.userapp233626
06-02 17:41:29.975  2764  2870 D StatusBarManagerService: manageDisableList userId=0 what=0x0 pkg=Window{310172d u0 d0 Starting com.ionicframework.userapp233626}
06-02 17:41:29.975  2764  3148 D NetworkPolicy: isUidForegroundLocked: 10150, mScreenOn: true, uidstate: 2, mProxSensorScreenOff: false
06-02 17:41:29.985  2764  2870 D RestrictionPolicy: isStatusBarExpansionAllowedAsUser : true, userId = 0
06-02 17:41:29.985  2764  2991 E WindowManager: Unknown window type: 2014
06-02 17:41:29.985  2764  2991 E WindowManager: Unknown window type: 2000
06-02 17:41:29.985  2764  2991 E WindowManager: Unknown window type: 2008
06-02 17:41:29.985  2764  2991 E WindowManager: Unknown window type: 2000
06-02 17:41:29.985  2764  2991 E WindowManager: Unknown window type: 2033
06-02 17:41:29.985  2764  2991 E WindowManager: Unknown window type: 2000
06-02 17:41:29.985  2764  2991 E WindowManager: Unknown window type: 2011
06-02 17:41:29.985  2764  2991 E WindowManager: Unknown window type: 2000
06-02 17:41:29.985  2764  2991 E WindowManager: Unknown window type: 3
06-02 17:41:29.985  2764  2991 E WindowManager: Unknown window type: 2000
06-02 17:41:29.985  2764  2991 E WindowManager: Unknown window type: 1
06-02 17:41:29.985  2764  2991 E WindowManager: Unknown window type: 2000
06-02 17:41:29.985  2764  2991 E WindowManager: Unknown window type: 1
06-02 17:41:29.985  2764  2991 E WindowManager: Unknown window type: 2000
06-02 17:41:29.985  2764  2991 E WindowManager: Unknown window type: 1
06-02 17:41:29.985  2764  2991 E WindowManager: Unknown window type: 2000
06-02 17:41:29.985  2764  2991 E WindowManager: Unknown window type: 1
06-02 17:41:29.985  2764  2991 E WindowManager: Unknown window type: 2000
06-02 17:41:29.985  2764  2991 E WindowManager: Unknown window type: 2000
06-02 17:41:29.985 12601 12601 D ResourcesManager: For user 0 new overlays fetched Null
06-02 17:41:29.995  2349  3652 D libEGL  : eglTerminate EGLDisplay = 0xf3b40624
06-02 17:41:29.995  2349  3652 D libEGL  : eglTerminate EGLDisplay = 0xf3b40624
06-02 17:41:29.995 12601 12601 W System  : ClassLoader referenced unknown path: /data/app/com.ionicframework.userapp233626-1/lib/arm
06-02 17:41:29.995  2764  4460 E WindowManager: Unknown window type: 2000
06-02 17:41:29.995  2764  5335 D ConnectivityService: returning getNetworkInfo for network type 1 : [type: WIFI[] - WIFI, state: CONNECTED/CONNECTED, reason: (unspecified), extra: "GucciMane", roaming: false, failover: false, isAvailable: true]
06-02 17:41:30.005  2764  2991 E WindowManager: Unknown window type: 2014
06-02 17:41:30.005  2764  2991 E WindowManager: Unknown window type: 2000
06-02 17:41:30.005  2764  2991 E WindowManager: Unknown window type: 2008
06-02 17:41:30.005  2764  2991 E WindowManager: Unknown window type: 2000
06-02 17:41:30.005  2764  2991 E WindowManager: Unknown window type: 2033
06-02 17:41:30.005  2764  2991 E WindowManager: Unknown window type: 2000
06-02 17:41:30.005  2764  2991 E WindowManager: Unknown window type: 2011
06-02 17:41:30.005  2764  2991 E WindowManager: Unknown window type: 2000
06-02 17:41:30.005  2764  2991 E WindowManager: Unknown window type: 3
06-02 17:41:30.005  2764  2991 E WindowManager: Unknown window type: 2000
06-02 17:41:30.005  2764  2991 E WindowManager: Unknown window type: 1
06-02 17:41:30.005  2764  2991 E WindowManager: Unknown window type: 2000
06-02 17:41:30.005  2764  2991 E WindowManager: Unknown window type: 1
06-02 17:41:30.005  2764  2991 E WindowManager: Unknown window type: 2000
06-02 17:41:30.005  2764  2991 E WindowManager: Unknown window type: 1
06-02 17:41:30.005  2764  2991 E WindowManager: Unknown window type: 2000
06-02 17:41:30.005  2764  2991 E WindowManager: Unknown window type: 1
06-02 17:41:30.005  2764  2991 E WindowManager: Unknown window type: 2000
06-02 17:41:30.015 12601 12601 I CordovaLog: Changing log level to DEBUG(3)
06-02 17:41:30.015 12601 12601 I CordovaActivity: Apache Cordova native platform version 6.2.3 is starting
06-02 17:41:30.015 12601 12601 D CordovaActivity: CordovaActivity.onCreate()
06-02 17:41:30.015  2764  2991 E WindowManager: Unknown window type: 2014
06-02 17:41:30.015  2764  2991 E WindowManager: Unknown window type: 2000
06-02 17:41:30.015  2764  2991 E WindowManager: Unknown window type: 2008
06-02 17:41:30.015  2764  2991 E WindowManager: Unknown window type: 2000
06-02 17:41:30.015  2764  2991 E WindowManager: Unknown window type: 2033
06-02 17:41:30.015  2764  2991 E WindowManager: Unknown window type: 2000
06-02 17:41:30.015  2764  2991 E WindowManager: Unknown window type: 2011
06-02 17:41:30.015  2764  2991 E WindowManager: Unknown window type: 2000
06-02 17:41:30.015  2764  2991 E WindowManager: Unknown window type: 3
06-02 17:41:30.015  2764  2991 E WindowManager: Unknown window type: 2000
06-02 17:41:30.015  2764  2991 E WindowManager: Unknown window type: 1
06-02 17:41:30.015  2764  2991 E WindowManager: Unknown window type: 2000
06-02 17:41:30.015  2764  2991 E WindowManager: Unknown window type: 1
06-02 17:41:30.015  2764  2991 E WindowManager: Unknown window type: 2000
06-02 17:41:30.015  2764  2991 E WindowManager: Unknown window type: 1
06-02 17:41:30.015  2764  2991 E WindowManager: Unknown window type: 2000
06-02 17:41:30.015  2764  2991 E WindowManager: Unknown window type: 1
06-02 17:41:30.015  2764  2991 E WindowManager: Unknown window type: 2000
06-02 17:41:30.025 12601 12601 I WebViewFactory: Loading com.google.android.webview version 55.0.2883.91 (code 288309100)
06-02 17:41:30.035  2764  2991 E WindowManager: Unknown window type: 2014
06-02 17:41:30.035  2764  2991 E WindowManager: Unknown window type: 2000
06-02 17:41:30.035  2764  2991 E WindowManager: Unknown window type: 2008
06-02 17:41:30.035  2764  2991 E WindowManager: Unknown window type: 2000
06-02 17:41:30.035  2764  2991 E WindowManager: Unknown window type: 2033
06-02 17:41:30.035  2764  2991 E WindowManager: Unknown window type: 2000
06-02 17:41:30.035  2764  2991 E WindowManager: Unknown window type: 2011
06-02 17:41:30.035  2764  2991 E WindowManager: Unknown window type: 2000
06-02 17:41:30.035  2764  2991 E WindowManager: Unknown window type: 3
06-02 17:41:30.035  2764  2991 E WindowManager: Unknown window type: 2000
06-02 17:41:30.035  2764  2991 E WindowManager: Unknown window type: 1
06-02 17:41:30.035  2764  2991 E WindowManager: Unknown window type: 2000
06-02 17:41:30.035  2764  2991 E WindowManager: Unknown window type: 1
06-02 17:41:30.035  2764  2991 E WindowManager: Unknown window type: 2000
06-02 17:41:30.035  2764  2991 E WindowManager: Unknown window type: 1
06-02 17:41:30.035  2764  2991 E WindowManager: Unknown window type: 2000
06-02 17:41:30.035  2764  2991 E WindowManager: Unknown window type: 1
06-02 17:41:30.035  2764  2991 E WindowManager: Unknown window type: 2000
06-02 17:41:30.055  2764  2991 E WindowManager: Unknown window type: 2014
06-02 17:41:30.055  2764  2991 E WindowManager: Unknown window type: 2000
06-02 17:41:30.055  2764  2991 E WindowManager: Unknown window type: 2008
06-02 17:41:30.055  2764  2991 E WindowManager: Unknown window type: 2000
06-02 17:41:30.055  2764  2991 E WindowManager: Unknown window type: 2033
06-02 17:41:30.055  2764  2991 E WindowManager: Unknown window type: 2000
06-02 17:41:30.055  2764  2991 E WindowManager: Unknown window type: 2011
06-02 17:41:30.055  2764  2991 E WindowManager: Unknown window type: 2000
06-02 17:41:30.055  2764  2991 E WindowManager: Unknown window type: 3
06-02 17:41:30.055  2764  2991 E WindowManager: Unknown window type: 2000
06-02 17:41:30.055  2764  2991 E WindowManager: Unknown window type: 1
06-02 17:41:30.055  2764  2991 E WindowManager: Unknown window type: 2000
06-02 17:41:30.055  2764  2991 E WindowManager: Unknown window type: 1
06-02 17:41:30.055  2764  2991 E WindowManager: Unknown window type: 2000
06-02 17:41:30.055  2764  2991 E WindowManager: Unknown window type: 1
06-02 17:41:30.055  2764  2991 E WindowManager: Unknown window type: 2000
06-02 17:41:30.055  2764  2991 E WindowManager: Unknown window type: 1
06-02 17:41:30.055  2764  2991 E WindowManager: Unknown window type: 2000
06-02 17:41:30.055 12601 12601 W System  : ClassLoader referenced unknown path: /system/app/WebViewGoogle/lib/arm
06-02 17:41:30.055 12601 12601 D ResourcesManager: For user 0 new overlays fetched Null
06-02 17:41:30.065 12601 12601 I art     : Rejecting re-init on previously-failed class java.lang.Class<com.android.webview.chromium.TokenBindingManagerAdapter>
06-02 17:41:30.065 12601 12601 I art     : Rejecting re-init on previously-failed class java.lang.Class<com.android.webview.chromium.TokenBindingManagerAdapter>
06-02 17:41:30.065  2764  2991 E WindowManager: Unknown window type: 2014
06-02 17:41:30.065  2764  2991 E WindowManager: Unknown window type: 2000
06-02 17:41:30.065  2764  2991 E WindowManager: Unknown window type: 2008
06-02 17:41:30.065  2764  2991 E WindowManager: Unknown window type: 2000
06-02 17:41:30.065  2764  2991 E WindowManager: Unknown window type: 2033
06-02 17:41:30.065  2764  2991 E WindowManager: Unknown window type: 2000
06-02 17:41:30.065  2764  2991 E WindowManager: Unknown window type: 2011
06-02 17:41:30.065  2764  2991 E WindowManager: Unknown window type: 2000
06-02 17:41:30.065  2764  2991 E WindowManager: Unknown window type: 3
06-02 17:41:30.065  2764  2991 E WindowManager: Unknown window type: 2000
06-02 17:41:30.065  2764  2991 E WindowManager: Unknown window type: 1
06-02 17:41:30.065  2764  2991 E WindowManager: Unknown window type: 2000
06-02 17:41:30.065  2764  2991 E WindowManager: Unknown window type: 1
06-02 17:41:30.065  2764  2991 E WindowManager: Unknown window type: 2000
06-02 17:41:30.065  2764  2991 E WindowManager: Unknown window type: 1
06-02 17:41:30.065  2764  2991 E WindowManager: Unknown window type: 2000
06-02 17:41:30.065  2764  2991 E WindowManager: Unknown window type: 1
06-02 17:41:30.065  2764  2991 E WindowManager: Unknown window type: 2000
06-02 17:41:30.065 12601 12601 I art     : Rejecting re-init on previously-failed class java.lang.Class<com.android.webview.chromium.ServiceWorkerControllerAdapter>
06-02 17:41:30.065 12601 12601 I art     : Rejecting re-init on previously-failed class java.lang.Class<com.android.webview.chromium.ServiceWorkerControllerAdapter>
06-02 17:41:30.085 12601 12601 I cr_LibraryLoader: Time to load native libraries: 3 ms (timestamps 6617-6620)
06-02 17:41:30.085 12601 12601 I cr_LibraryLoader: Expected native library version number "55.0.2883.91", actual native library version number "55.0.2883.91"
06-02 17:41:30.085  2764  2991 E WindowManager: Unknown window type: 2014
06-02 17:41:30.085  2764  2991 E WindowManager: Unknown window type: 2000
06-02 17:41:30.085  2764  2991 E WindowManager: Unknown window type: 2008
06-02 17:41:30.085  2764  2991 E WindowManager: Unknown window type: 2000
06-02 17:41:30.085  2764  2991 E WindowManager: Unknown window type: 2033
06-02 17:41:30.085  2764  2991 E WindowManager: Unknown window type: 2000
06-02 17:41:30.085  2764  2991 E WindowManager: Unknown window type: 2011
06-02 17:41:30.085  2764  2991 E WindowManager: Unknown window type: 2000
06-02 17:41:30.085  2764  2991 E WindowManager: Unknown window type: 3
06-02 17:41:30.085  2764  2991 E WindowManager: Unknown window type: 2000
06-02 17:41:30.085  2764  2991 E WindowManager: Unknown window type: 1
06-02 17:41:30.085  2764  2991 E WindowManager: Unknown window type: 2000
06-02 17:41:30.085  2764  2991 E WindowManager: Unknown window type: 1
06-02 17:41:30.085  2764  2991 E WindowManager: Unknown window type: 2000
06-02 17:41:30.085  2764  2991 E WindowManager: Unknown window type: 1
06-02 17:41:30.085  2764  2991 E WindowManager: Unknown window type: 2000
06-02 17:41:30.085  2764  2991 E WindowManager: Unknown window type: 1
06-02 17:41:30.085  2764  2991 E WindowManager: Unknown window type: 2000
06-02 17:41:30.095 12601 12601 I cr_LibraryLoader: Expected native library version number "55.0.2883.91", actual native library version number "55.0.2883.91"
06-02 17:41:30.095 12601 12601 I chromium: [INFO:library_loader_hooks.cc(163)] Chromium logging enabled: level = 0, default verbosity = 0
06-02 17:41:30.105  2764  2991 E WindowManager: Unknown window type: 2014
06-02 17:41:30.105  2764  2991 E WindowManager: Unknown window type: 2000
06-02 17:41:30.105  2764  2991 E WindowManager: Unknown window type: 2008
06-02 17:41:30.105  2764  2991 E WindowManager: Unknown window type: 2000
06-02 17:41:30.105  2764  2991 E WindowManager: Unknown window type: 2033
06-02 17:41:30.105  2764  2991 E WindowManager: Unknown window type: 2000
06-02 17:41:30.105  2764  2991 E WindowManager: Unknown window type: 2011
06-02 17:41:30.105  2764  2991 E WindowManager: Unknown window type: 2000
06-02 17:41:30.105  2764  2991 E WindowManager: Unknown window type: 3
06-02 17:41:30.105  2764  2991 E WindowManager: Unknown window type: 2000
06-02 17:41:30.105  2764  2991 E WindowManager: Unknown window type: 1
06-02 17:41:30.105  2764  2991 E WindowManager: Unknown window type: 2000
06-02 17:41:30.105  2764  2991 E WindowManager: Unknown window type: 1
06-02 17:41:30.105  2764  2991 E WindowManager: Unknown window type: 2000
06-02 17:41:30.105  2764  2991 E WindowManager: Unknown window type: 1
06-02 17:41:30.105  2764  2991 E WindowManager: Unknown window type: 2000
06-02 17:41:30.105  2764  2991 E WindowManager: Unknown window type: 1
06-02 17:41:30.105  2764  2991 E WindowManager: Unknown window type: 2000
06-02 17:41:30.105 12601 12601 I cr_BrowserStartup: Initializing chromium process, singleProcess=true
06-02 17:41:30.115  2764  2991 E WindowManager: Unknown window type: 2014
06-02 17:41:30.115  2764  2991 E WindowManager: Unknown window type: 2000
06-02 17:41:30.115  2764  2991 E WindowManager: Unknown window type: 2008
06-02 17:41:30.115  2764  2991 E WindowManager: Unknown window type: 2000
06-02 17:41:30.115  2764  2991 E WindowManager: Unknown window type: 2033
06-02 17:41:30.115  2764  2991 E WindowManager: Unknown window type: 2000
06-02 17:41:30.115  2764  2991 E WindowManager: Unknown window type: 2011
06-02 17:41:30.115  2764  2991 E WindowManager: Unknown window type: 2000
06-02 17:41:30.115  2764  2991 E WindowManager: Unknown window type: 3
06-02 17:41:30.115  2764  2991 E WindowManager: Unknown window type: 2000
06-02 17:41:30.115  2764  2991 E WindowManager: Unknown window type: 1
06-02 17:41:30.115  2764  2991 E WindowManager: Unknown window type: 2000
06-02 17:41:30.115  2764  2991 E WindowManager: Unknown window type: 1
06-02 17:41:30.115  2764  2991 E WindowManager: Unknown window type: 2000
06-02 17:41:30.115  2764  2991 E WindowManager: Unknown window type: 1
06-02 17:41:30.115  2764  2991 E WindowManager: Unknown window type: 2000
06-02 17:41:30.115  2764  2991 E WindowManager: Unknown window type: 1
06-02 17:41:30.115  2764  2991 E WindowManager: Unknown window type: 2000
06-02 17:41:30.135  2764  2991 E WindowManager: Unknown window type: 2014
06-02 17:41:30.135  2764  2991 E WindowManager: Unknown window type: 2000
06-02 17:41:30.135  2764  2991 E WindowManager: Unknown window type: 2008
06-02 17:41:30.135  2764  2991 E WindowManager: Unknown window type: 2000
06-02 17:41:30.135  2764  2991 E WindowManager: Unknown window type: 2033
06-02 17:41:30.135  2764  2991 E WindowManager: Unknown window type: 2000
06-02 17:41:30.135  2764  2991 E WindowManager: Unknown window type: 2011
06-02 17:41:30.135  2764  2991 E WindowManager: Unknown window type: 2000
06-02 17:41:30.135  2764  2991 E WindowManager: Unknown window type: 3
06-02 17:41:30.135  2764  2991 E WindowManager: Unknown window type: 2000
06-02 17:41:30.135  2764  2991 E WindowManager: Unknown window type: 1
06-02 17:41:30.135  2764  2991 E WindowManager: Unknown window type: 2000
06-02 17:41:30.135  2764  2991 E WindowManager: Unknown window type: 1
06-02 17:41:30.135  2764  2991 E WindowManager: Unknown window type: 2000
06-02 17:41:30.135  2764  2991 E WindowManager: Unknown window type: 1
06-02 17:41:30.135  2764  2991 E WindowManager: Unknown window type: 2000
06-02 17:41:30.135  2764  2991 E WindowManager: Unknown window type: 1
06-02 17:41:30.135  2764  2991 E WindowManager: Unknown window type: 2000
06-02 17:41:30.155  2764  2991 E WindowManager: Unknown window type: 2014
06-02 17:41:30.155  2764  2991 E WindowManager: Unknown window type: 2000
06-02 17:41:30.155  2764  2991 E WindowManager: Unknown window type: 2008
06-02 17:41:30.155  2764  2991 E WindowManager: Unknown window type: 2000
06-02 17:41:30.155  2764  2991 E WindowManager: Unknown window type: 2033
06-02 17:41:30.155  2764  2991 E WindowManager: Unknown window type: 2000
06-02 17:41:30.155  2764  2991 E WindowManager: Unknown window type: 2011
06-02 17:41:30.155  2764  2991 E WindowManager: Unknown window type: 2000
06-02 17:41:30.155  2764  2991 E WindowManager: Unknown window type: 3
06-02 17:41:30.155  2764  2991 E WindowManager: Unknown window type: 2000
06-02 17:41:30.155  2764  2991 E WindowManager: Unknown window type: 1
06-02 17:41:30.155  2764  2991 E WindowManager: Unknown window type: 2000
06-02 17:41:30.155  2764  2991 E WindowManager: Unknown window type: 1
06-02 17:41:30.155  2764  2991 E WindowManager: Unknown window type: 2000
06-02 17:41:30.155  2764  2991 E WindowManager: Unknown window type: 1
06-02 17:41:30.155  2764  2991 E WindowManager: Unknown window type: 2000
06-02 17:41:30.155  2764  2991 E WindowManager: Unknown window type: 1
06-02 17:41:30.155  2764  2991 E WindowManager: Unknown window type: 2000
06-02 17:41:30.165 12601 12601 D libEGL  : loaded /vendor/lib/egl/libGLES_mali.so
06-02 17:41:30.165  2764  2991 E WindowManager: Unknown window type: 2014
06-02 17:41:30.165  2764  2991 E WindowManager: Unknown window type: 2000
06-02 17:41:30.165  2764  2991 E WindowManager: Unknown window type: 2008
06-02 17:41:30.165  2764  2991 E WindowManager: Unknown window type: 2000
06-02 17:41:30.165  2764  2991 E WindowManager: Unknown window type: 2033
06-02 17:41:30.165  2764  2991 E WindowManager: Unknown window type: 2000
06-02 17:41:30.165  2764  2991 E WindowManager: Unknown window type: 2011
06-02 17:41:30.165  2764  2991 E WindowManager: Unknown window type: 2000
06-02 17:41:30.165  2764  2991 E WindowManager: Unknown window type: 3
06-02 17:41:30.165  2764  2991 E WindowManager: Unknown window type: 2000
06-02 17:41:30.165  2764  2991 E WindowManager: Unknown window type: 1
06-02 17:41:30.165  2764  2991 E WindowManager: Unknown window type: 2000
06-02 17:41:30.165  2764  2991 E WindowManager: Unknown window type: 1
06-02 17:41:30.165  2764  2991 E WindowManager: Unknown window type: 2000
06-02 17:41:30.165  2764  2991 E WindowManager: Unknown window type: 1
06-02 17:41:30.165  2764  2991 E WindowManager: Unknown window type: 2000
06-02 17:41:30.165  2764  2991 E WindowManager: Unknown window type: 1
06-02 17:41:30.165  2764  2991 E WindowManager: Unknown window type: 2000
06-02 17:41:30.185  2764  2991 E WindowManager: Unknown window type: 2014
06-02 17:41:30.185  2764  2991 E WindowManager: Unknown window type: 2000
06-02 17:41:30.185  2764  2991 E WindowManager: Unknown window type: 2008
06-02 17:41:30.185  2764  2991 E WindowManager: Unknown window type: 2000
06-02 17:41:30.185  2764  2991 E WindowManager: Unknown window type: 2033
06-02 17:41:30.185  2764  2991 E WindowManager: Unknown window type: 2000
06-02 17:41:30.185  2764  2991 E WindowManager: Unknown window type: 2011
06-02 17:41:30.185  2764  2991 E WindowManager: Unknown window type: 2000
06-02 17:41:30.185  2764  2991 E WindowManager: Unknown window type: 3
06-02 17:41:30.185  2764  2991 E WindowManager: Unknown window type: 2000
06-02 17:41:30.185  2764  2991 E WindowManager: Unknown window type: 1
06-02 17:41:30.185  2764  2991 E WindowManager: Unknown window type: 2000
06-02 17:41:30.185  2764  2991 E WindowManager: Unknown window type: 1
06-02 17:41:30.185  2764  2991 E WindowManager: Unknown window type: 2000
06-02 17:41:30.185  2764  2991 E WindowManager: Unknown window type: 1
06-02 17:41:30.185  2764  2991 E WindowManager: Unknown window type: 2000
06-02 17:41:30.185  2764  2991 E WindowManager: Unknown window type: 1
06-02 17:41:30.185  2764  2991 E WindowManager: Unknown window type: 2000
06-02 17:41:30.185 12601 12601 D libEGL  : eglInitialize EGLDisplay = 0xffef80dc
06-02 17:41:30.205  2764  2991 E WindowManager: Unknown window type: 2014
06-02 17:41:30.205  2764  2991 E WindowManager: Unknown window type: 2000
06-02 17:41:30.205  2764  2991 E WindowManager: Unknown window type: 2008
06-02 17:41:30.205  2764  2991 E WindowManager: Unknown window type: 2000
06-02 17:41:30.205  2764  2991 E WindowManager: Unknown window type: 2033
06-02 17:41:30.205  2764  2991 E WindowManager: Unknown window type: 2000
06-02 17:41:30.205  2764  2991 E WindowManager: Unknown window type: 2011
06-02 17:41:30.205  2764  2991 E WindowManager: Unknown window type: 2000
06-02 17:41:30.205  2764  2991 E WindowManager: Unknown window type: 3
06-02 17:41:30.205  2764  2991 E WindowManager: Unknown window type: 2000
06-02 17:41:30.205  2764  2991 E WindowManager: Unknown window type: 1
06-02 17:41:30.205  2764  2991 E WindowManager: Unknown window type: 2000
06-02 17:41:30.205  2764  2991 E WindowManager: Unknown window type: 1
06-02 17:41:30.205  2764  2991 E WindowManager: Unknown window type: 2000
06-02 17:41:30.205  2764  2991 E WindowManager: Unknown window type: 1
06-02 17:41:30.205  2764  2991 E WindowManager: Unknown window type: 2000
06-02 17:41:30.205  2764  2991 E WindowManager: Unknown window type: 1
06-02 17:41:30.205  2764  2991 E WindowManager: Unknown window type: 2000
06-02 17:41:30.215  2764  2991 E WindowManager: Unknown window type: 2014
06-02 17:41:30.215  2764  2991 E WindowManager: Unknown window type: 2000
06-02 17:41:30.215  2764  2991 E WindowManager: Unknown window type: 2008
06-02 17:41:30.215  2764  2991 E WindowManager: Unknown window type: 2000
06-02 17:41:30.215  2764  2991 E WindowManager: Unknown window type: 2033
06-02 17:41:30.215  2764  2991 E WindowManager: Unknown window type: 2000
06-02 17:41:30.215  2764  2991 E WindowManager: Unknown window type: 2011
06-02 17:41:30.215  2764  2991 E WindowManager: Unknown window type: 2000
06-02 17:41:30.215  2764  2991 E WindowManager: Unknown window type: 3
06-02 17:41:30.215  2764  2991 E WindowManager: Unknown window type: 2000
06-02 17:41:30.215  2764  2991 E WindowManager: Unknown window type: 1
06-02 17:41:30.215  2764  2991 E WindowManager: Unknown window type: 2000
06-02 17:41:30.215  2764  2991 E WindowManager: Unknown window type: 1
06-02 17:41:30.215  2764  2991 E WindowManager: Unknown window type: 2000
06-02 17:41:30.215  2764  2991 E WindowManager: Unknown window type: 1
06-02 17:41:30.215  2764  2991 E WindowManager: Unknown window type: 2000
06-02 17:41:30.215  2764  2991 E WindowManager: Unknown window type: 1
06-02 17:41:30.215  2764  2991 E WindowManager: Unknown window type: 2000
06-02 17:41:30.225  2764  5375 D ActivityManager: The following uid has registered to recieve broadcast for proxy related updates 10150
06-02 17:41:30.225  2764  2764 D KnoxVpnEngineService: Vpn Receiver : send_knoxvpn_proxy_broadcast
06-02 17:41:30.225  2764 15933 I KnoxVpnEngineService: vpn handle : Message received
06-02 17:41:30.225  2764  5375 W ContextImpl: Calling a method in the system process without a qualified user: android.app.ContextImpl.sendBroadcast:851 com.android.server.am.ActivityManagerService.requestKnoxVpnToSendProxyBroadcast:29902 com.android.server.am.ActivityManagerService.registerReceiver:22750 android.app.ActivityManagerNative.onTransact:431 com.android.server.am.ActivityManagerService.onTransact:4018 
06-02 17:41:30.235  2764  2991 E WindowManager: Unknown window type: 2014
06-02 17:41:30.235  2764  2991 E WindowManager: Unknown window type: 2000
06-02 17:41:30.235  2764  2991 E WindowManager: Unknown window type: 2008
06-02 17:41:30.235  2764  2991 E WindowManager: Unknown window type: 2000
06-02 17:41:30.235  2764  2991 E WindowManager: Unknown window type: 2033
06-02 17:41:30.235  2764  2991 E WindowManager: Unknown window type: 2000
06-02 17:41:30.235  2764  2991 E WindowManager: Unknown window type: 2011
06-02 17:41:30.235  2764  2991 E WindowManager: Unknown window type: 2000
06-02 17:41:30.235  2764  2991 E WindowManager: Unknown window type: 3
06-02 17:41:30.235  2764  2991 E WindowManager: Unknown window type: 2000
06-02 17:41:30.235  2764  2991 E WindowManager: Unknown window type: 1
06-02 17:41:30.235  2764  2991 E WindowManager: Unknown window type: 2000
06-02 17:41:30.235  2764  2991 E WindowManager: Unknown window type: 1
06-02 17:41:30.235  2764  2991 E WindowManager: Unknown window type: 2000
06-02 17:41:30.235  2764  2991 E WindowManager: Unknown window type: 1
06-02 17:41:30.235  2764  2991 E WindowManager: Unknown window type: 2000
06-02 17:41:30.235  2764  2991 E WindowManager: Unknown window type: 1
06-02 17:41:30.235  2764  2991 E WindowManager: Unknown window type: 2000
06-02 17:41:30.255  2764  2991 E WindowManager: Unknown window type: 2014
06-02 17:41:30.255  2764  2991 E WindowManager: Unknown window type: 2000
06-02 17:41:30.255  2764  2991 E WindowManager: Unknown window type: 2008
06-02 17:41:30.255  2764  2991 E WindowManager: Unknown window type: 2000
06-02 17:41:30.255  2764  2991 E WindowManager: Unknown window type: 2033
06-02 17:41:30.255  2764  2991 E WindowManager: Unknown window type: 2000
06-02 17:41:30.255  2764  2991 E WindowManager: Unknown window type: 2011
06-02 17:41:30.255  2764  2991 E WindowManager: Unknown window type: 2000
06-02 17:41:30.255  2764  2991 E WindowManager: Unknown window type: 3
06-02 17:41:30.255  2764  2991 E WindowManager: Unknown window type: 2000
06-02 17:41:30.255  2764  2991 E WindowManager: Unknown window type: 1
06-02 17:41:30.255  2764  2991 E WindowManager: Unknown window type: 2000
06-02 17:41:30.255  2764  2991 E WindowManager: Unknown window type: 1
06-02 17:41:30.255  2764  2991 E WindowManager: Unknown window type: 2000
06-02 17:41:30.255  2764  2991 E WindowManager: Unknown window type: 1
06-02 17:41:30.255  2764  2991 E WindowManager: Unknown window type: 2000
06-02 17:41:30.255  2764  2991 E WindowManager: Unknown window type: 1
06-02 17:41:30.255  2764  2991 E WindowManager: Unknown window type: 2000
06-02 17:41:30.265 12601 12601 D ConnectivityManager: requestNetwork; getAppId(CallingUid) : 10150, CallingPid : 12601
06-02 17:41:30.265  2764  2991 E WindowManager: Unknown window type: 2014
06-02 17:41:30.265  2764  2991 E WindowManager: Unknown window type: 2000
06-02 17:41:30.265  2764  2991 E WindowManager: Unknown window type: 2008
06-02 17:41:30.265  2764  2991 E WindowManager: Unknown window type: 2000
06-02 17:41:30.265  2764  2991 E WindowManager: Unknown window type: 2033
06-02 17:41:30.265  2764  2991 E WindowManager: Unknown window type: 2000
06-02 17:41:30.265  2764  2991 E WindowManager: Unknown window type: 2011
06-02 17:41:30.265  2764  2991 E WindowManager: Unknown window type: 2000
06-02 17:41:30.265  2764  2991 E WindowManager: Unknown window type: 3
06-02 17:41:30.265  2764  2991 E WindowManager: Unknown window type: 2000
06-02 17:41:30.265  2764  2991 E WindowManager: Unknown window type: 1
06-02 17:41:30.265  2764  2991 E WindowManager: Unknown window type: 2000
06-02 17:41:30.265  2764  2991 E WindowManager: Unknown window type: 1
06-02 17:41:30.265  2764  2991 E WindowManager: Unknown window type: 2000
06-02 17:41:30.265  2764  2991 E WindowManager: Unknown window type: 1
06-02 17:41:30.265  2764  2991 E WindowManager: Unknown window type: 2000
06-02 17:41:30.265  2764  2991 E WindowManager: Unknown window type: 1
06-02 17:41:30.265  2764  2991 E WindowManager: Unknown window type: 2000
06-02 17:41:30.265  2764  3265 D ConnectivityService: listenForNetwork for Listen from uid/pid:10150/12601 for NetworkRequest [ id=44, legacyType=-1, [ Capabilities: INTERNET&NOT_RESTRICTED&TRUSTED] ]
06-02 17:41:30.265  2764  3157 D ConnectivityService: rematching NetworkAgentInfo [WIFI () - 502]
06-02 17:41:30.265  2764  3157 D ConnectivityService:  network has: NetworkAgentInfo{ ni{[type: WIFI[] - WIFI, state: CONNECTED/CONNECTED, reason: (unspecified), extra: "GucciMane", roaming: false, failover: false, isAvailable: true]}  network{502}  lp{{InterfaceName: wlan0 LinkAddresses: [fe80::d287:e2ff:fe39:8d97/64,10.0.0.69/24,]  Routes: [fe80::/64 -> :: wlan0,10.0.0.0/24 -> 0.0.0.0 wlan0,0.0.0.0/0 -> 10.0.0.1 wlan0,] DnsAddresses: [8.8.8.8,208.67.222.222,] Domains:  MTU: 0 TcpBufferSizes: 524288,1048576,1048576,524288,1048576,4525824}}  nc{[ Transports: WIFI Capabilities: INTERNET&NOT_RESTRICTED&TRUSTED&NOT_VPN&VALIDATED LinkUpBandwidth>=1048576Kbps LinkDnBandwidth>=1048576Kbps SignalStrength: -56]}  Score{60}  everValidated{true}  lastValidated{true}  created{true} lingering{false} explicitlySelected{true} acceptUnvalidated{false} everCaptivePortalDetected{false} lastCaptivePortalDetected{false} }
06-02 17:41:30.265  2764  3157 D ConnectivityService: Network NetworkAgentInfo [WIFI () - 502] was already satisfying request 1. No change.
06-02 17:41:30.265  2764  3157 D ConnectivityService:   checking if request is: NetworkRequest [ id=7, legacyType=-1, [ Capabilities: INTERNET&NOT_RESTRICTED&TRUSTED&NOT_VPN] ] satisfies: true nri.isRequest: false
06-02 17:41:30.265  2764  3157 D ConnectivityService:   checking if request is: NetworkRequest [ id=10, legacyType=-1, [ Capabilities: INTERNET&NOT_RESTRICTED&TRUSTED] ] satisfies: true nri.isRequest: false
06-02 17:41:30.265  2764  3157 D ConnectivityService:   checking if request is: NetworkRequest [ id=5, legacyType=-1, [] ] satisfies: true nri.isRequest: false
06-02 17:41:30.265  2764  3157 D ConnectivityService:   checking if request is: NetworkRequest [ id=44, legacyType=-1, [ Capabilities: INTERNET&NOT_RESTRICTED&TRUSTED] ] satisfies: true nri.isRequest: false
06-02 17:41:30.265  2764  3157 D ConnectivityService:   checking if request is: NetworkRequest [ id=4, legacyType=-1, [ Transports: WIFI Capabilities: INTERNET&NOT_RESTRICTED&TRUSTED&NOT_VPN] ] satisfies: true nri.isRequest: false
06-02 17:41:30.265  2764  3157 D ConnectivityService:   checking if request is: NetworkRequest [ id=3, legacyType=-1, [ Transports: CELLULAR Capabilities: INTERNET&NOT_RESTRICTED&TRUSTED&NOT_VPN] ] satisfies: false nri.isRequest: false
06-02 17:41:30.265  2764  3157 D ConnectivityService: sending notification AVAILABLE for NetworkRequest [ id=44, legacyType=-1, [ Capabilities: INTERNET&NOT_RESTRICTED&TRUSTED] ]
06-02 17:41:30.285  2764  2991 E WindowManager: Unknown window type: 2014
06-02 17:41:30.285  2764  2991 E WindowManager: Unknown window type: 2000
06-02 17:41:30.285  2764  2991 E WindowManager: Unknown window type: 2008
06-02 17:41:30.285  2764  2991 E WindowManager: Unknown window type: 2000
06-02 17:41:30.285  2764  2991 E WindowManager: Unknown window type: 2033
06-02 17:41:30.285  2764  2991 E WindowManager: Unknown window type: 2000
06-02 17:41:30.285  2764  2991 E WindowManager: Unknown window type: 2011
06-02 17:41:30.285  2764  2991 E WindowManager: Unknown window type: 2000
06-02 17:41:30.285  2764  2991 E WindowManager: Unknown window type: 3
06-02 17:41:30.285  2764  2991 E WindowManager: Unknown window type: 2000
06-02 17:41:30.285  2764  2991 E WindowManager: Unknown window type: 1
06-02 17:41:30.285  2764  2991 E WindowManager: Unknown window type: 2000
06-02 17:41:30.285  2764  2991 E WindowManager: Unknown window type: 1
06-02 17:41:30.285  2764  2991 E WindowManager: Unknown window type: 2000
06-02 17:41:30.285  2764  2991 E WindowManager: Unknown window type: 1
06-02 17:41:30.285  2764  2991 E WindowManager: Unknown window type: 2000
06-02 17:41:30.285  2764  2991 E WindowManager: Unknown window type: 1
06-02 17:41:30.285  2764  2991 E WindowManager: Unknown window type: 2000
06-02 17:41:30.295 12601 12601 D SystemWebViewEngine: CordovaWebView is running on device made by: samsung
06-02 17:41:30.305  2764  2991 E WindowManager: Unknown window type: 2014
06-02 17:41:30.305  2764  2991 E WindowManager: Unknown window type: 2000
06-02 17:41:30.305  2764  2991 E WindowManager: Unknown window type: 2008
06-02 17:41:30.305  2764  2991 E WindowManager: Unknown window type: 2000
06-02 17:41:30.305  2764  2991 E WindowManager: Unknown window type: 2033
06-02 17:41:30.305  2764  2991 E WindowManager: Unknown window type: 2000
06-02 17:41:30.305  2764  2991 E WindowManager: Unknown window type: 2011
06-02 17:41:30.305  2764  2991 E WindowManager: Unknown window type: 2000
06-02 17:41:30.305  2764  2991 E WindowManager: Unknown window type: 3
06-02 17:41:30.305  2764  2991 E WindowManager: Unknown window type: 2000
06-02 17:41:30.305  2764  2991 E WindowManager: Unknown window type: 1
06-02 17:41:30.305  2764  2991 E WindowManager: Unknown window type: 2000
06-02 17:41:30.305  2764  2991 E WindowManager: Unknown window type: 1
06-02 17:41:30.305  2764  2991 E WindowManager: Unknown window type: 2000
06-02 17:41:30.305  2764  2991 E WindowManager: Unknown window type: 1
06-02 17:41:30.305  2764  2991 E WindowManager: Unknown window type: 2000
06-02 17:41:30.305  2764  2991 E WindowManager: Unknown window type: 1
06-02 17:41:30.305  2764  2991 E WindowManager: Unknown window type: 2000
06-02 17:41:30.305 12601 12601 D PluginManager: init()
06-02 17:41:30.315  2764  2991 E WindowManager: Unknown window type: 2014
06-02 17:41:30.315  2764  2991 E WindowManager: Unknown window type: 2000
06-02 17:41:30.315  2764  2991 E WindowManager: Unknown window type: 2008
06-02 17:41:30.315  2764  2991 E WindowManager: Unknown window type: 2000
06-02 17:41:30.315  2764  2991 E WindowManager: Unknown window type: 2033
06-02 17:41:30.315  2764  2991 E WindowManager: Unknown window type: 2000
06-02 17:41:30.315  2764  2991 E WindowManager: Unknown window type: 2011
06-02 17:41:30.315  2764  2991 E WindowManager: Unknown window type: 2000
06-02 17:41:30.315  2764  2991 E WindowManager: Unknown window type: 3
06-02 17:41:30.315  2764  2991 E WindowManager: Unknown window type: 2000
06-02 17:41:30.315  2764  2991 E WindowManager: Unknown window type: 1
06-02 17:41:30.315  2764  2991 E WindowManager: Unknown window type: 2000
06-02 17:41:30.315  2764  2991 E WindowManager: Unknown window type: 1
06-02 17:41:30.315  2764  2991 E WindowManager: Unknown window type: 2000
06-02 17:41:30.315  2764  2991 E WindowManager: Unknown window type: 1
06-02 17:41:30.315  2764  2991 E WindowManager: Unknown window type: 2000
06-02 17:41:30.315  2764  2991 E WindowManager: Unknown window type: 1
06-02 17:41:30.315  2764  2991 E WindowManager: Unknown window type: 2000
06-02 17:41:30.335  2764  2991 E WindowManager: Unknown window type: 2014
06-02 17:41:30.335  2764  2991 E WindowManager: Unknown window type: 2000
06-02 17:41:30.335  2764  2991 E WindowManager: Unknown window type: 2008
06-02 17:41:30.335  2764  2991 E WindowManager: Unknown window type: 2000
06-02 17:41:30.335  2764  2991 E WindowManager: Unknown window type: 2033
06-02 17:41:30.335  2764  2991 E WindowManager: Unknown window type: 2000
06-02 17:41:30.335  2764  2991 E WindowManager: Unknown window type: 2011
06-02 17:41:30.335  2764  2991 E WindowManager: Unknown window type: 2000
06-02 17:41:30.335  2764  2991 E WindowManager: Unknown window type: 3
06-02 17:41:30.335  2764  2991 E WindowManager: Unknown window type: 2000
06-02 17:41:30.335  2764  2991 E WindowManager: Unknown window type: 1
06-02 17:41:30.335  2764  2991 E WindowManager: Unknown window type: 2000
06-02 17:41:30.335  2764  2991 E WindowManager: Unknown window type: 1
06-02 17:41:30.335  2764  2991 E WindowManager: Unknown window type: 2000
06-02 17:41:30.335  2764  2991 E WindowManager: Unknown window type: 1
06-02 17:41:30.335  2764  2991 E WindowManager: Unknown window type: 2000
06-02 17:41:30.335  2764  2991 E WindowManager: Unknown window type: 1
06-02 17:41:30.335  2764  2991 E WindowManager: Unknown window type: 2000
06-02 17:41:30.355  2764  2991 E WindowManager: Unknown window type: 2014
06-02 17:41:30.355  2764  2991 E WindowManager: Unknown window type: 2000
06-02 17:41:30.355  2764  2991 E WindowManager: Unknown window type: 2008
06-02 17:41:30.355  2764  2991 E WindowManager: Unknown window type: 2000
06-02 17:41:30.355  2764  2991 E WindowManager: Unknown window type: 2033
06-02 17:41:30.355  2764  2991 E WindowManager: Unknown window type: 2000
06-02 17:41:30.355  2764  2991 E WindowManager: Unknown window type: 2011
06-02 17:41:30.355  2764  2991 E WindowManager: Unknown window type: 2000
06-02 17:41:30.355  2764  2991 E WindowManager: Unknown window type: 3
06-02 17:41:30.355  2764  2991 E WindowManager: Unknown window type: 2000
06-02 17:41:30.355  2764  2991 E WindowManager: Unknown window type: 1
06-02 17:41:30.355  2764  2991 E WindowManager: Unknown window type: 2000
06-02 17:41:30.355  2764  2991 E WindowManager: Unknown window type: 1
06-02 17:41:30.355  2764  2991 E WindowManager: Unknown window type: 2000
06-02 17:41:30.355  2764  2991 E WindowManager: Unknown window type: 1
06-02 17:41:30.355  2764  2991 E WindowManager: Unknown window type: 2000
06-02 17:41:30.355  2764  2991 E WindowManager: Unknown window type: 1
06-02 17:41:30.355  2764  2991 E WindowManager: Unknown window type: 2000
06-02 17:41:30.355  2349  3588 I SurfaceFlinger: id=310 Removed MauncherAct (3/8)
06-02 17:41:30.355  2349  2417 I SurfaceFlinger: id=310 Removed MauncherAct (-2/8)
06-02 17:41:30.355  3214  3214 D ImageWallpaper: onVisibilityChanged:false
06-02 17:41:30.365  2349  2349 D libEGL  : eglTerminate EGLDisplay = 0xffe5bf54
06-02 17:41:30.365  2764  2991 E WindowManager: Unknown window type: 2014
06-02 17:41:30.365  2764  2991 E WindowManager: Unknown window type: 2000
06-02 17:41:30.365  2764  2991 E WindowManager: Unknown window type: 2008
06-02 17:41:30.365  2764  2991 E WindowManager: Unknown window type: 2000
06-02 17:41:30.365  2764  2991 E WindowManager: Unknown window type: 2033
06-02 17:41:30.365  2764  2991 E WindowManager: Unknown window type: 2000
06-02 17:41:30.365  2764  2991 E WindowManager: Unknown window type: 2011
06-02 17:41:30.365  2764  2991 E WindowManager: Unknown window type: 2000
06-02 17:41:30.365  2764  2991 E WindowManager: Unknown window type: 3
06-02 17:41:30.365  2764  2991 E WindowManager: Unknown window type: 2000
06-02 17:41:30.365  2764  2991 E WindowManager: Unknown window type: 1
06-02 17:41:30.365  2764  2991 E WindowManager: Unknown window type: 2000
06-02 17:41:30.365  2764  2991 E WindowManager: Unknown window type: 1
06-02 17:41:30.365  2764  2991 E WindowManager: Unknown window type: 2000
06-02 17:41:30.365  2764  2991 E WindowManager: Unknown window type: 1
06-02 17:41:30.365  2764  2991 E WindowManager: Unknown window type: 2000
06-02 17:41:30.365  2764  2991 E WindowManager: Unknown window type: 1
06-02 17:41:30.365  2764  2991 E WindowManager: Unknown window type: 2000
06-02 17:41:30.375 12601 12601 D ViewRootImpl: #1 mView = com.android.internal.policy.PhoneWindow$DecorView{7d59364 V.E...... R.....I. 0,0-0,0}
06-02 17:41:30.375 12601 12643 D OpenGLRenderer: Use EGL_SWAP_BEHAVIOR_PRESERVED: true
06-02 17:41:30.375  2764  3570 E WindowManager: Unknown window type: 2
06-02 17:41:30.375  2764  2870 D StatusBarManagerService: manageDisableList userId=0 what=0x0 pkg=Window{18eb55e u0 d0 com.ionicframework.userapp233626/com.ionicframework.userapp233626.MainActivity}
06-02 17:41:30.385  3214  3214 D PhoneStatusBar: setSystemUiVisibility vis=8000 mask=ffffffff oldVal=8600 newVal=8000 diff=600
06-02 17:41:30.385  2764  3570 D InputDispatcher: Focus entered window: 12601
06-02 17:41:30.385  2764  2991 D PointerIcon: setMouseIconStyle1 pointerType: 1001 iconType:101 flag:0 pid:2764 uid:1000
06-02 17:41:30.385  2764  2991 D PointerIcon: setMouseCustomIcon IconType is same.101
06-02 17:41:30.385  2764  2870 D RestrictionPolicy: isStatusBarExpansionAllowedAsUser : true, userId = 0
06-02 17:41:30.385  2764  2870 D RestrictionPolicy: isStatusBarExpansionAllowedAsUser : true, userId = 0
06-02 17:41:30.415 12601 12601 D ViewRootImpl: #1 mView = com.android.internal.policy.PhoneWindow$DecorView{7cbf389 V.E...... R.....I. 0,0-0,0}
06-02 17:41:30.415  2764  5375 E WindowManager: Unknown window type: 2
06-02 17:41:30.415  2764  5375 D InputDispatcher: Focus left window: 12601
06-02 17:41:30.415  2764  5375 D InputDispatcher: Focus entered window: 12601
06-02 17:41:30.425  2764  2991 D PointerIcon: setMouseIconStyle1 pointerType: 1001 iconType:101 flag:0 pid:2764 uid:1000
06-02 17:41:30.425  2764  2991 D PointerIcon: setMouseCustomIcon IconType is same.101
06-02 17:41:30.425 12601 12601 D CordovaWebViewImpl: >>> loadUrl(file:///android_asset/www/index.html)
06-02 17:41:30.435 12601 12601 I cr_Ime  : ImeThread is enabled.
06-02 17:41:30.435 12601 12637 W cr_media: Requires BLUETOOTH permission
06-02 17:41:30.445 12601 12601 D CordovaActivity: Started the activity.
06-02 17:41:30.445 12601 12601 D CordovaActivity: Resumed the activity.
06-02 17:41:30.445 12601 12601 D ViewRootImpl: #1 mView = com.android.internal.policy.PhoneWindow$DecorView{3fb8fa8 I.E...... R.....ID 0,0-0,0}
06-02 17:41:30.445  2764  4460 E WindowManager: Unknown window type: 1
06-02 17:41:30.445  2764  2779 D ActivityManager: post active user change for 0 fullscreen true isFloatingActivity() false isHomeActivity() false
06-02 17:41:30.445  2764  2779 D KnoxTimeoutHandler: postActiveUserChange [MsgParam] userId: 0 fullscreen is true showWhenlocked is false
06-02 17:41:30.445  2764  2764 D KnoxTimeoutHandler: handleActiveUserChange [MsgParam] userId: 0 fullscreen is true showWhenlocked is false
06-02 17:41:30.445  2764  2764 I KnoxTimeoutHandler: Shared devices show user statefalse
06-02 17:41:30.455 12601 12601 D ConnectivityManager: requestNetwork; getAppId(CallingUid) : 10150, CallingPid : 12601
06-02 17:41:30.455  2349  2349 I SurfaceFlinger: id=314 createSurf (1x1),1 flag=4, NainActivit
06-02 17:41:30.455 12601 12652 E libEGL  : validate_display:255 error 3008 (EGL_BAD_DISPLAY)
06-02 17:41:30.455 12601 12652 D libEGL  : eglInitialize EGLDisplay = 0xdc003354
06-02 17:41:30.455  2764  5375 D ConnectivityService: listenForNetwork for Listen from uid/pid:10150/12601 for NetworkRequest [ id=45, legacyType=-1, [ Capabilities: INTERNET&NOT_RESTRICTED&TRUSTED] ]
06-02 17:41:30.455  2764  3157 D ConnectivityService: rematching NetworkAgentInfo [WIFI () - 502]
06-02 17:41:30.455  2764  3157 D ConnectivityService:  network has: NetworkAgentInfo{ ni{[type: WIFI[] - WIFI, state: CONNECTED/CONNECTED, reason: (unspecified), extra: "GucciMane", roaming: false, failover: false, isAvailable: true]}  network{502}  lp{{InterfaceName: wlan0 LinkAddresses: [fe80::d287:e2ff:fe39:8d97/64,10.0.0.69/24,]  Routes: [fe80::/64 -> :: wlan0,10.0.0.0/24 -> 0.0.0.0 wlan0,0.0.0.0/0 -> 10.0.0.1 wlan0,] DnsAddresses: [8.8.8.8,208.67.222.222,] Domains:  MTU: 0 TcpBufferSizes: 524288,1048576,1048576,524288,1048576,4525824}}  nc{[ Transports: WIFI Capabilities: INTERNET&NOT_RESTRICTED&TRUSTED&NOT_VPN&VALIDATED LinkUpBandwidth>=1048576Kbps LinkDnBandwidth>=1048576Kbps SignalStrength: -56]}  Score{60}  everValidated{true}  lastValidated{true}  created{true} lingering{false} explicitlySelected{true} acceptUnvalidated{false} everCaptivePortalDetected{false} lastCaptivePortalDetected{false} }
06-02 17:41:30.455  2764  3157 D ConnectivityService: Network NetworkAgentInfo [WIFI () - 502] was already satisfying request 1. No change.
06-02 17:41:30.455  2764  3157 D ConnectivityService:   checking if request is: NetworkRequest [ id=7, legacyType=-1, [ Capabilities: INTERNET&NOT_RESTRICTED&TRUSTED&NOT_VPN] ] satisfies: true nri.isRequest: false
06-02 17:41:30.455  2764  3157 D ConnectivityService:   checking if request is: NetworkRequest [ id=10, legacyType=-1, [ Capabilities: INTERNET&NOT_RESTRICTED&TRUSTED] ] satisfies: true nri.isRequest: false
06-02 17:41:30.455  2764  3157 D ConnectivityService:   checking if request is: NetworkRequest [ id=5, legacyType=-1, [] ] satisfies: true nri.isRequest: false
06-02 17:41:30.455  2764  3157 D ConnectivityService:   checking if request is: NetworkRequest [ id=45, legacyType=-1, [ Capabilities: INTERNET&NOT_RESTRICTED&TRUSTED] ] satisfies: true nri.isRequest: false
